  [2m2026-06-13T18:39:04.669032Z[0m [32m INFO[0m [1;32mrch::hook[0m[32m: [32mSelected worker: vmi1227854 at root@109.123.245.77 (0 slots remaining after reservation, speed 50.0)[0m
    [2;3mat[0m rch/src/hook.rs:514 [2;3mon[0m ThreadId(1)

[*] Job j-29884606035529188 submitted to vmi1227854 (0 slots remaining, speed 50.0)
  [2m2026-06-13T18:39:04.943158Z[0m [32m INFO[0m [1;32mrch::hook[0m[32m: [32mStarting remote compilation pipeline for frankentorch-kgs4-56-202606131815 (hash: 7ef48511ff22465d)[0m
    [2;3mat[0m rch/src/hook.rs:5994 [2;3mon[0m ThreadId(1)

  [2m2026-06-13T18:39:04.943201Z[0m [32m INFO[0m [1;32mrch::hook[0m[32m: [32mPrepared dependency sync manifest for 13 roots[0m
    [2;3mat[0m rch/src/hook.rs:6016 [2;3mon[0m ThreadId(1)

  [2m2026-06-13T18:39:06.635997Z[0m [32m INFO[0m [1;32mrch::hook[0m[32m: [32mSyncing project to worker vmi1227854...[0m
    [2;3mat[0m rch/src/hook.rs:6046 [2;3mon[0m ThreadId(1)

  [2m2026-06-13T18:39:06.636143Z[0m [32m INFO[0m [1;32mrch::transfer[0m[32m: [32mSyncing /data/projects/.scratch/frankentorch-kgs4-56-202606131815 -> /data/projects/.scratch/frankentorch-kgs4-56-202606131815 on vmi1227854[0m
    [2;3mat[0m rch/src/transfer.rs:1434 [2;3mon[0m ThreadId(1)

  [2m2026-06-13T18:39:09.118710Z[0m [32m INFO[0m [1;32mrch::transfer[0m[32m: [32mSync completed in 2482ms[0m
    [2;3mat[0m rch/src/transfer.rs:1503 [2;3mon[0m ThreadId(1)

  [2m2026-06-13T18:39:09.118827Z[0m [32m INFO[0m [1;32mrch::transfer[0m[32m: [32mSyncing /data/projects/.scratch/frankentorch-kgs4-56-202606131815/crates/ft-api -> /data/projects/.scratch/frankentorch-kgs4-56-202606131815/crates/ft-api on vmi1227854[0m
    [2;3mat[0m rch/src/transfer.rs:1434 [2;3mon[0m ThreadId(1)

  [2m2026-06-13T18:39:11.158565Z[0m [32m INFO[0m [1;32mrch::transfer[0m[32m: [32mSync completed in 2039ms[0m
    [2;3mat[0m rch/src/transfer.rs:1503 [2;3mon[0m ThreadId(1)

  [2m2026-06-13T18:39:11.158677Z[0m [32m INFO[0m [1;32mrch::transfer[0m[32m: [32mSyncing /data/projects/.scratch/frankentorch-kgs4-56-202606131815/crates/ft-autograd -> /data/projects/.scratch/frankentorch-kgs4-56-202606131815/crates/ft-autograd on vmi1227854[0m
    [2;3mat[0m rch/src/transfer.rs:1434 [2;3mon[0m ThreadId(1)

  [2m2026-06-13T18:39:13.362059Z[0m [32m INFO[0m [1;32mrch::transfer[0m[32m: [32mSync completed in 2203ms[0m
    [2;3mat[0m rch/src/transfer.rs:1503 [2;3mon[0m ThreadId(1)

  [2m2026-06-13T18:39:13.362200Z[0m [32m INFO[0m [1;32mrch::transfer[0m[32m: [32mSyncing /data/projects/.scratch/frankentorch-kgs4-56-202606131815/crates/ft-conformance -> /data/projects/.scratch/frankentorch-kgs4-56-202606131815/crates/ft-conformance on vmi1227854[0m
    [2;3mat[0m rch/src/transfer.rs:1434 [2;3mon[0m ThreadId(1)

  [2m2026-06-13T18:39:15.217583Z[0m [32m INFO[0m [1;32mrch::transfer[0m[32m: [32mSync completed in 1855ms[0m
    [2;3mat[0m rch/src/transfer.rs:1503 [2;3mon[0m ThreadId(1)

  [2m2026-06-13T18:39:15.217717Z[0m [32m INFO[0m [1;32mrch::transfer[0m[32m: [32mSyncing /data/projects/.scratch/frankentorch-kgs4-56-202606131815/crates/ft-core -> /data/projects/.scratch/frankentorch-kgs4-56-202606131815/crates/ft-core on vmi1227854[0m
    [2;3mat[0m rch/src/transfer.rs:1434 [2;3mon[0m ThreadId(1)

  [2m2026-06-13T18:39:17.110362Z[0m [32m INFO[0m [1;32mrch::transfer[0m[32m: [32mSync completed in 1892ms[0m
    [2;3mat[0m rch/src/transfer.rs:1503 [2;3mon[0m ThreadId(1)

  [2m2026-06-13T18:39:17.110534Z[0m [32m INFO[0m [1;32mrch::transfer[0m[32m: [32mSyncing /data/projects/.scratch/frankentorch-kgs4-56-202606131815/crates/ft-data -> /data/projects/.scratch/frankentorch-kgs4-56-202606131815/crates/ft-data on vmi1227854[0m
    [2;3mat[0m rch/src/transfer.rs:1434 [2;3mon[0m ThreadId(1)

  [2m2026-06-13T18:39:19.220075Z[0m [32m INFO[0m [1;32mrch::transfer[0m[32m: [32mSync completed in 2109ms[0m
    [2;3mat[0m rch/src/transfer.rs:1503 [2;3mon[0m ThreadId(1)

  [2m2026-06-13T18:39:19.220230Z[0m [32m INFO[0m [1;32mrch::transfer[0m[32m: [32mSyncing /data/projects/.scratch/frankentorch-kgs4-56-202606131815/crates/ft-device -> /data/projects/.scratch/frankentorch-kgs4-56-202606131815/crates/ft-device on vmi1227854[0m
    [2;3mat[0m rch/src/transfer.rs:1434 [2;3mon[0m ThreadId(1)

  [2m2026-06-13T18:39:21.231482Z[0m [32m INFO[0m [1;32mrch::transfer[0m[32m: [32mSync completed in 2011ms[0m
    [2;3mat[0m rch/src/transfer.rs:1503 [2;3mon[0m ThreadId(1)

  [2m2026-06-13T18:39:21.231646Z[0m [32m INFO[0m [1;32mrch::transfer[0m[32m: [32mSyncing /data/projects/.scratch/frankentorch-kgs4-56-202606131815/crates/ft-dispatch -> /data/projects/.scratch/frankentorch-kgs4-56-202606131815/crates/ft-dispatch on vmi1227854[0m
    [2;3mat[0m rch/src/transfer.rs:1434 [2;3mon[0m ThreadId(1)

  [2m2026-06-13T18:39:23.323925Z[0m [32m INFO[0m [1;32mrch::transfer[0m[32m: [32mSync completed in 2092ms[0m
    [2;3mat[0m rch/src/transfer.rs:1503 [2;3mon[0m ThreadId(1)

  [2m2026-06-13T18:39:23.324085Z[0m [32m INFO[0m [1;32mrch::transfer[0m[32m: [32mSyncing /data/projects/.scratch/frankentorch-kgs4-56-202606131815/crates/ft-kernel-cpu -> /data/projects/.scratch/frankentorch-kgs4-56-202606131815/crates/ft-kernel-cpu on vmi1227854[0m
    [2;3mat[0m rch/src/transfer.rs:1434 [2;3mon[0m ThreadId(1)

  [2m2026-06-13T18:39:25.297295Z[0m [32m INFO[0m [1;32mrch::transfer[0m[32m: [32mSync completed in 1973ms[0m
    [2;3mat[0m rch/src/transfer.rs:1503 [2;3mon[0m ThreadId(1)

  [2m2026-06-13T18:39:25.297404Z[0m [32m INFO[0m [1;32mrch::transfer[0m[32m: [32mSyncing /data/projects/.scratch/frankentorch-kgs4-56-202606131815/crates/ft-nn -> /data/projects/.scratch/frankentorch-kgs4-56-202606131815/crates/ft-nn on vmi1227854[0m
    [2;3mat[0m rch/src/transfer.rs:1434 [2;3mon[0m ThreadId(1)

  [2m2026-06-13T18:39:27.203133Z[0m [32m INFO[0m [1;32mrch::transfer[0m[32m: [32mSync completed in 1905ms[0m
    [2;3mat[0m rch/src/transfer.rs:1503 [2;3mon[0m ThreadId(1)

  [2m2026-06-13T18:39:27.203261Z[0m [32m INFO[0m [1;32mrch::transfer[0m[32m: [32mSyncing /data/projects/.scratch/frankentorch-kgs4-56-202606131815/crates/ft-optim -> /data/projects/.scratch/frankentorch-kgs4-56-202606131815/crates/ft-optim on vmi1227854[0m
    [2;3mat[0m rch/src/transfer.rs:1434 [2;3mon[0m ThreadId(1)

  [2m2026-06-13T18:39:29.129736Z[0m [32m INFO[0m [1;32mrch::transfer[0m[32m: [32mSync completed in 1926ms[0m
    [2;3mat[0m rch/src/transfer.rs:1503 [2;3mon[0m ThreadId(1)

  [2m2026-06-13T18:39:29.129868Z[0m [32m INFO[0m [1;32mrch::transfer[0m[32m: [32mSyncing /data/projects/.scratch/frankentorch-kgs4-56-202606131815/crates/ft-runtime -> /data/projects/.scratch/frankentorch-kgs4-56-202606131815/crates/ft-runtime on vmi1227854[0m
    [2;3mat[0m rch/src/transfer.rs:1434 [2;3mon[0m ThreadId(1)

  [2m2026-06-13T18:39:31.133573Z[0m [32m INFO[0m [1;32mrch::transfer[0m[32m: [32mSync completed in 2003ms[0m
    [2;3mat[0m rch/src/transfer.rs:1503 [2;3mon[0m ThreadId(1)

  [2m2026-06-13T18:39:31.133702Z[0m [32m INFO[0m [1;32mrch::transfer[0m[32m: [32mSyncing /data/projects/.scratch/frankentorch-kgs4-56-202606131815/crates/ft-serialize -> /data/projects/.scratch/frankentorch-kgs4-56-202606131815/crates/ft-serialize on vmi1227854[0m
    [2;3mat[0m rch/src/transfer.rs:1434 [2;3mon[0m ThreadId(1)

  [2m2026-06-13T18:39:33.288318Z[0m [32m INFO[0m [1;32mrch::transfer[0m[32m: [32mSync completed in 2154ms[0m
    [2;3mat[0m rch/src/transfer.rs:1503 [2;3mon[0m ThreadId(1)

  [2m2026-06-13T18:39:33.288354Z[0m [32m INFO[0m [1;32mrch::hook[0m[32m: [32mSync complete: 2685 files, 116939 bytes in 26644ms[0m
    [2;3mat[0m rch/src/hook.rs:6209 [2;3mon[0m ThreadId(1)

  [2m2026-06-13T18:39:37.892697Z[0m [32m INFO[0m [1;32mrch::hook[0m[32m: [32mExecuting command remotely: cargo bench -j 1 -p ft-api --bench ops_bench -- linear_forward/hidden/1024 --warm-up-time 1 --measurement-time 5 --sample-size 20[0m
    [2;3mat[0m rch/src/hook.rs:6252 [2;3mon[0m ThreadId(1)

  [2m2026-06-13T18:39:37.892735Z[0m [32m INFO[0m [1;32mrch::transfer[0m[32m: [32mRewriting CARGO_TARGET_DIR for remote execution (worker-scoped path): /data/tmp/cargo-target -> /data/projects/.scratch/frankentorch-kgs4-56-202606131815/.rch-target-vmi1227854-job-29884606035529188-1781375946635988315-0[0m
    [2;3mat[0m rch/src/transfer.rs:712 [2;3mon[0m ThreadId(1)

    Updating crates.io index
 Downloading crates ...
  Downloaded cast v0.3.0
  Downloaded anstyle v1.0.14
  Downloaded autocfg v1.5.0
  Downloaded bytemuck_derive v1.10.2
  Downloaded cfg-if v1.0.4
  Downloaded ciborium-io v0.2.2
  Downloaded ciborium-ll v0.2.2
  Downloaded clap_lex v1.1.0
  Downloaded plotters-svg v0.3.7
  Downloaded same-file v1.0.6
  Downloaded plotters-backend v0.3.7
  Downloaded rawpointer v0.2.1
  Downloaded is-terminal v0.4.17
  Downloaded anes v0.1.6
  Downloaded itoa v1.0.18
  Downloaded criterion-plot v0.5.0
  Downloaded crossbeam-deque v0.8.6
  Downloaded either v1.15.0
  Downloaded oorandom v11.1.5
  Downloaded num-complex v0.4.6
  Downloaded zmij v1.0.21
  Downloaded tinytemplate v1.2.1
  Downloaded quote v1.0.45
  Downloaded walkdir v2.5.0
  Downloaded crossbeam-utils v0.8.21
  Downloaded once_cell v1.21.4
  Downloaded ciborium v0.2.2
  Downloaded crossbeam-epoch v0.9.18
  Downloaded matrixmultiply v0.3.10
  Downloaded num-traits v0.2.19
  Downloaded proc-macro2 v1.0.106
  Downloaded half v2.7.1
  Downloaded unicode-ident v1.0.24
  Downloaded bytemuck v1.25.0
  Downloaded clap v4.6.1
  Downloaded serde_core v1.0.228
  Downloaded rayon-core v1.13.0
  Downloaded safe_arch v0.7.4
  Downloaded serde_derive v1.0.228
  Downloaded serde v1.0.228
  Downloaded aho-corasick v1.1.4
  Downloaded criterion v0.5.1
  Downloaded itertools v0.10.5
  Downloaded memchr v2.8.0
  Downloaded wide v0.7.33
  Downloaded zerocopy-derive v0.8.48
  Downloaded plotters v0.3.7
  Downloaded serde_json v1.0.149
  Downloaded regex v1.12.3
  Downloaded libm v0.2.16
  Downloaded clap_builder v4.6.0
  Downloaded rayon v1.12.0
  Downloaded syn v2.0.117
  Downloaded zerocopy v0.8.48
  Downloaded regex-syntax v0.8.10
  Downloaded regex-automata v0.4.14
  Downloaded libc v0.2.185
   Compiling proc-macro2 v1.0.106
   Compiling quote v1.0.45
   Compiling unicode-ident v1.0.24
   Compiling syn v2.0.117
   Compiling autocfg v1.5.0
   Compiling bytemuck_derive v1.10.2
   Compiling bytemuck v1.25.0
   Compiling zerocopy v0.8.48
   Compiling num-traits v0.2.19
   Compiling zerocopy-derive v0.8.48
   Compiling crossbeam-utils v0.8.21
   Compiling cfg-if v1.0.4
   Compiling half v2.7.1
   Compiling crossbeam-epoch v0.9.18
   Compiling either v1.15.0
   Compiling rayon-core v1.13.0
   Compiling crossbeam-deque v0.8.6
   Compiling serde_core v1.0.228
   Compiling num-complex v0.4.6
   Compiling matrixmultiply v0.3.10
   Compiling libm v0.2.16
   Compiling ft-core v0.1.0 (/data/projects/.scratch/frankentorch-kgs4-56-202606131815/crates/ft-core)
   Compiling rayon v1.12.0
   Compiling safe_arch v0.7.4
   Compiling zmij v1.0.21
   Compiling serde v1.0.228
   Compiling rawpointer v0.2.1
   Compiling wide v0.7.33
   Compiling serde_derive v1.0.228
   Compiling serde_json v1.0.149
   Compiling libc v0.2.185
   Compiling ft-kernel-cpu v0.1.0 (/data/projects/.scratch/frankentorch-kgs4-56-202606131815/crates/ft-kernel-cpu)
   Compiling regex-syntax v0.8.10
   Compiling ciborium-io v0.2.2
   Compiling anstyle v1.0.14
   Compiling itoa v1.0.18
   Compiling plotters-backend v0.3.7
   Compiling clap_lex v1.1.0
   Compiling memchr v2.8.0
   Compiling clap_builder v4.6.0
   Compiling plotters-svg v0.3.7
   Compiling ciborium-ll v0.2.2
   Compiling regex-automata v0.4.14
   Compiling ft-dispatch v0.1.0 (/data/projects/.scratch/frankentorch-kgs4-56-202606131815/crates/ft-dispatch)
   Compiling itertools v0.10.5
   Compiling cast v0.3.0
   Compiling same-file v1.0.6
   Compiling walkdir v2.5.0
   Compiling criterion-plot v0.5.0
   Compiling is-terminal v0.4.17
   Compiling ft-autograd v0.1.0 (/data/projects/.scratch/frankentorch-kgs4-56-202606131815/crates/ft-autograd)
   Compiling regex v1.12.3
   Compiling ciborium v0.2.2
   Compiling plotters v0.3.7
   Compiling clap v4.6.1
   Compiling tinytemplate v1.2.1
   Compiling ft-runtime v0.1.0 (/data/projects/.scratch/frankentorch-kgs4-56-202606131815/crates/ft-runtime)
   Compiling once_cell v1.21.4
   Compiling oorandom v11.1.5
   Compiling anes v0.1.6
   Compiling criterion v0.5.1
   Compiling ft-api v0.1.0 (/data/projects/.scratch/frankentorch-kgs4-56-202606131815/crates/ft-api)
    Finished `bench` profile [optimized + debuginfo] target(s) in 5m 13s
     Running benches/ops_bench.rs (.rch-target-vmi1227854-job-29884606035529188-1781375946635988315-0/release/deps/ops_bench-f1f85e4b56fe7759)
Gnuplot not found, using plotters backend
Benchmarking linear_forward/hidden/1024
Benchmarking linear_forward/hidden/1024: Warming up for 1.0000 s
Benchmarking linear_forward/hidden/1024: Collecting 20 samples in estimated 5.0381 s (7980 iterations)
Benchmarking linear_forward/hidden/1024: Analyzing
linear_forward/hidden/1024
                        time:   [500.78 µs 536.84 µs 586.13 µs]
                        thrpt:  [55.906 Melem/s 61.038 Melem/s 65.434 Melem/s]

  [2m2026-06-13T18:45:00.556818Z[0m [32m INFO[0m [1;32mrch::hook[0m[32m: [32mRemote command finished: exit=0 in 322664ms[0m
    [2;3mat[0m rch/src/hook.rs:6376 [2;3mon[0m ThreadId(1)

  [2m2026-06-13T18:45:00.557118Z[0m [32m INFO[0m [1;32mrch::hook[0m[32m: [32mRetrieving build artifacts...[0m
    [2;3mat[0m rch/src/hook.rs:6425 [2;3mon[0m ThreadId(1)

  [2m2026-06-13T18:45:00.557149Z[0m [32m INFO[0m [1;32mrch::transfer[0m[32m: [32mRetrieving artifacts from /data/projects/.scratch/frankentorch-kgs4-56-202606131815 on vmi1227854[0m
    [2;3mat[0m rch/src/transfer.rs:2106 [2;3mon[0m ThreadId(1)

  [2m2026-06-13T18:45:02.575695Z[0m [32m INFO[0m [1;32mrch::transfer[0m[32m: [32mArtifacts retrieved in 2018ms (1 files, 1180 bytes)[0m
    [2;3mat[0m rch/src/transfer.rs:2145 [2;3mon[0m ThreadId(1)

  [2m2026-06-13T18:45:02.575714Z[0m [32m INFO[0m [1;32mrch::hook[0m[32m: [32mArtifacts retrieved: 1 files, 1180 bytes in 2018ms[0m
    [2;3mat[0m rch/src/hook.rs:6458 [2;3mon[0m ThreadId(1)

  [2m2026-06-13T18:45:02.575813Z[0m [32m INFO[0m [1;32mrch::transfer[0m[32m: [32mRetrieving artifacts from /data/projects/.scratch/frankentorch-kgs4-56-202606131815/.rch-target-vmi1227854-job-29884606035529188-1781375946635988315-0 on vmi1227854[0m
    [2;3mat[0m rch/src/transfer.rs:2106 [2;3mon[0m ThreadId(1)

  [2m2026-06-13T18:45:04.542557Z[0m [32m INFO[0m [1;32mrch::transfer[0m[32m: [32mArtifacts retrieved in 1966ms (32 files, 2412 bytes)[0m
    [2;3mat[0m rch/src/transfer.rs:2145 [2;3mon[0m ThreadId(1)

  [2m2026-06-13T18:45:04.542578Z[0m [32m INFO[0m [1;32mrch::hook[0m[32m: [32mCustom CARGO_TARGET_DIR artifacts retrieved: 32 files, 2412 bytes in 1966ms[0m
    [2;3mat[0m rch/src/hook.rs:6582 [2;3mon[0m ThreadId(1)

[W] Worker: vmi1227854 | Job: j-29884606035529188
[T] Total: 353.3s (sync 26.6s, build 322.7s, artifacts 4.0s)
^ Sync: 114.2 KB in 26.6s (4.3 KB/s)
[C] Compile: 322.7s
v Artifacts: 3.5 KB in 4.0s (902 B/s)
[T] Cache: MISS
+------------- [OK] Build Successful -------------+
| Duration: 5.4m (^ 100% slower vs previous 2.7m) |
| Artifacts: 33 files (3.5 KB)                    |
| Worker: vmi1227854                              |
| Cache: MISS (warming cache)                     |
| Time: 2026-06-13 18:45:04                       |
+-------------------------------------------------+
[RCH] remote vmi1227854 (359.9s)
