  [2m2026-06-13T18:16:45.349478Z[0m [32m INFO[0m [1;32mrch::hook[0m[32m: [32mSelected worker: vmi1227854 at root@109.123.245.77 (1 slots remaining after reservation, speed 50.0)[0m
    [2;3mat[0m rch/src/hook.rs:514 [2;3mon[0m ThreadId(1)

  [2m2026-06-13T18:16:46.928569Z[0m [32m INFO[0m [1;32mrch::hook[0m[32m: [32mStarting remote compilation pipeline for frankentorch-kgs4-56-202606131815 (hash: 7ef48511ff22465d)[0m
    [2;3mat[0m rch/src/hook.rs:5994 [2;3mon[0m ThreadId(1)

  [2m2026-06-13T18:16:46.928611Z[0m [32m INFO[0m [1;32mrch::hook[0m[32m: [32mPrepared dependency sync manifest for 13 roots[0m
    [2;3mat[0m rch/src/hook.rs:6016 [2;3mon[0m ThreadId(1)

  [2m2026-06-13T18:16:48.674532Z[0m [32m INFO[0m [1;32mrch::hook[0m[32m: [32mSyncing project to worker vmi1227854...[0m
    [2;3mat[0m rch/src/hook.rs:6046 [2;3mon[0m ThreadId(1)

  [2m2026-06-13T18:16:48.674792Z[0m [32m INFO[0m [1;32mrch::transfer[0m[32m: [32mSyncing /data/projects/.scratch/frankentorch-kgs4-56-202606131815 -> /data/projects/.scratch/frankentorch-kgs4-56-202606131815 on vmi1227854[0m
    [2;3mat[0m rch/src/transfer.rs:1434 [2;3mon[0m ThreadId(1)

  [2m2026-06-13T18:16:51.955558Z[0m [32m INFO[0m [1;32mrch::transfer[0m[32m: [32mSync completed in 3280ms[0m
    [2;3mat[0m rch/src/transfer.rs:1503 [2;3mon[0m ThreadId(1)

  [2m2026-06-13T18:16:51.955703Z[0m [32m INFO[0m [1;32mrch::transfer[0m[32m: [32mSyncing /data/projects/.scratch/frankentorch-kgs4-56-202606131815/crates/ft-api -> /data/projects/.scratch/frankentorch-kgs4-56-202606131815/crates/ft-api on vmi1227854[0m
    [2;3mat[0m rch/src/transfer.rs:1434 [2;3mon[0m ThreadId(1)

  [2m2026-06-13T18:16:53.974499Z[0m [32m INFO[0m [1;32mrch::transfer[0m[32m: [32mSync completed in 2018ms[0m
    [2;3mat[0m rch/src/transfer.rs:1503 [2;3mon[0m ThreadId(1)

  [2m2026-06-13T18:16:53.974624Z[0m [32m INFO[0m [1;32mrch::transfer[0m[32m: [32mSyncing /data/projects/.scratch/frankentorch-kgs4-56-202606131815/crates/ft-autograd -> /data/projects/.scratch/frankentorch-kgs4-56-202606131815/crates/ft-autograd on vmi1227854[0m
    [2;3mat[0m rch/src/transfer.rs:1434 [2;3mon[0m ThreadId(1)

  [2m2026-06-13T18:16:55.820614Z[0m [32m INFO[0m [1;32mrch::transfer[0m[32m: [32mSync completed in 1845ms[0m
    [2;3mat[0m rch/src/transfer.rs:1503 [2;3mon[0m ThreadId(1)

  [2m2026-06-13T18:16:55.820741Z[0m [32m INFO[0m [1;32mrch::transfer[0m[32m: [32mSyncing /data/projects/.scratch/frankentorch-kgs4-56-202606131815/crates/ft-conformance -> /data/projects/.scratch/frankentorch-kgs4-56-202606131815/crates/ft-conformance on vmi1227854[0m
    [2;3mat[0m rch/src/transfer.rs:1434 [2;3mon[0m ThreadId(1)

  [2m2026-06-13T18:16:57.753481Z[0m [32m INFO[0m [1;32mrch::transfer[0m[32m: [32mSync completed in 1932ms[0m
    [2;3mat[0m rch/src/transfer.rs:1503 [2;3mon[0m ThreadId(1)

  [2m2026-06-13T18:16:57.753753Z[0m [32m INFO[0m [1;32mrch::transfer[0m[32m: [32mSyncing /data/projects/.scratch/frankentorch-kgs4-56-202606131815/crates/ft-core -> /data/projects/.scratch/frankentorch-kgs4-56-202606131815/crates/ft-core on vmi1227854[0m
    [2;3mat[0m rch/src/transfer.rs:1434 [2;3mon[0m ThreadId(1)

  [2m2026-06-13T18:16:59.725337Z[0m [32m INFO[0m [1;32mrch::transfer[0m[32m: [32mSync completed in 1969ms[0m
    [2;3mat[0m rch/src/transfer.rs:1503 [2;3mon[0m ThreadId(1)

  [2m2026-06-13T18:16:59.730458Z[0m [32m INFO[0m [1;32mrch::transfer[0m[32m: [32mSyncing /data/projects/.scratch/frankentorch-kgs4-56-202606131815/crates/ft-data -> /data/projects/.scratch/frankentorch-kgs4-56-202606131815/crates/ft-data on vmi1227854[0m
    [2;3mat[0m rch/src/transfer.rs:1434 [2;3mon[0m ThreadId(1)

  [2m2026-06-13T18:17:01.753978Z[0m [32m INFO[0m [1;32mrch::transfer[0m[32m: [32mSync completed in 2022ms[0m
    [2;3mat[0m rch/src/transfer.rs:1503 [2;3mon[0m ThreadId(1)

  [2m2026-06-13T18:17:01.756274Z[0m [32m INFO[0m [1;32mrch::transfer[0m[32m: [32mSyncing /data/projects/.scratch/frankentorch-kgs4-56-202606131815/crates/ft-device -> /data/projects/.scratch/frankentorch-kgs4-56-202606131815/crates/ft-device on vmi1227854[0m
    [2;3mat[0m rch/src/transfer.rs:1434 [2;3mon[0m ThreadId(1)

  [2m2026-06-13T18:17:03.818033Z[0m [32m INFO[0m [1;32mrch::transfer[0m[32m: [32mSync completed in 2045ms[0m
    [2;3mat[0m rch/src/transfer.rs:1503 [2;3mon[0m ThreadId(1)

  [2m2026-06-13T18:17:03.835677Z[0m [32m INFO[0m [1;32mrch::transfer[0m[32m: [32mSyncing /data/projects/.scratch/frankentorch-kgs4-56-202606131815/crates/ft-dispatch -> /data/projects/.scratch/frankentorch-kgs4-56-202606131815/crates/ft-dispatch on vmi1227854[0m
    [2;3mat[0m rch/src/transfer.rs:1434 [2;3mon[0m ThreadId(1)

  [2m2026-06-13T18:17:06.080398Z[0m [32m INFO[0m [1;32mrch::transfer[0m[32m: [32mSync completed in 2234ms[0m
    [2;3mat[0m rch/src/transfer.rs:1503 [2;3mon[0m ThreadId(1)

  [2m2026-06-13T18:17:06.108380Z[0m [32m INFO[0m [1;32mrch::transfer[0m[32m: [32mSyncing /data/projects/.scratch/frankentorch-kgs4-56-202606131815/crates/ft-kernel-cpu -> /data/projects/.scratch/frankentorch-kgs4-56-202606131815/crates/ft-kernel-cpu on vmi1227854[0m
    [2;3mat[0m rch/src/transfer.rs:1434 [2;3mon[0m ThreadId(1)

  [2m2026-06-13T18:17:08.827911Z[0m [32m INFO[0m [1;32mrch::transfer[0m[32m: [32mSync completed in 2712ms[0m
    [2;3mat[0m rch/src/transfer.rs:1503 [2;3mon[0m ThreadId(1)

  [2m2026-06-13T18:17:08.836267Z[0m [32m INFO[0m [1;32mrch::transfer[0m[32m: [32mSyncing /data/projects/.scratch/frankentorch-kgs4-56-202606131815/crates/ft-nn -> /data/projects/.scratch/frankentorch-kgs4-56-202606131815/crates/ft-nn on vmi1227854[0m
    [2;3mat[0m rch/src/transfer.rs:1434 [2;3mon[0m ThreadId(1)

  [2m2026-06-13T18:17:18.645653Z[0m [32m INFO[0m [1;32mrch::transfer[0m[32m: [32mSync completed in 9806ms[0m
    [2;3mat[0m rch/src/transfer.rs:1503 [2;3mon[0m ThreadId(1)

  [2m2026-06-13T18:17:18.650709Z[0m [32m INFO[0m [1;32mrch::transfer[0m[32m: [32mSyncing /data/projects/.scratch/frankentorch-kgs4-56-202606131815/crates/ft-optim -> /data/projects/.scratch/frankentorch-kgs4-56-202606131815/crates/ft-optim on vmi1227854[0m
    [2;3mat[0m rch/src/transfer.rs:1434 [2;3mon[0m ThreadId(1)

  [2m2026-06-13T18:17:20.548915Z[0m [32m INFO[0m [1;32mrch::transfer[0m[32m: [32mSync completed in 1888ms[0m
    [2;3mat[0m rch/src/transfer.rs:1503 [2;3mon[0m ThreadId(1)

  [2m2026-06-13T18:17:20.554977Z[0m [32m INFO[0m [1;32mrch::transfer[0m[32m: [32mSyncing /data/projects/.scratch/frankentorch-kgs4-56-202606131815/crates/ft-runtime -> /data/projects/.scratch/frankentorch-kgs4-56-202606131815/crates/ft-runtime on vmi1227854[0m
    [2;3mat[0m rch/src/transfer.rs:1434 [2;3mon[0m ThreadId(1)

  [2m2026-06-13T18:17:22.575975Z[0m [32m INFO[0m [1;32mrch::transfer[0m[32m: [32mSync completed in 2016ms[0m
    [2;3mat[0m rch/src/transfer.rs:1503 [2;3mon[0m ThreadId(1)

  [2m2026-06-13T18:17:22.585880Z[0m [32m INFO[0m [1;32mrch::transfer[0m[32m: [32mSyncing /data/projects/.scratch/frankentorch-kgs4-56-202606131815/crates/ft-serialize -> /data/projects/.scratch/frankentorch-kgs4-56-202606131815/crates/ft-serialize on vmi1227854[0m
    [2;3mat[0m rch/src/transfer.rs:1434 [2;3mon[0m ThreadId(1)

  [2m2026-06-13T18:17:25.494311Z[0m [32m INFO[0m [1;32mrch::transfer[0m[32m: [32mSync completed in 2904ms[0m
    [2;3mat[0m rch/src/transfer.rs:1503 [2;3mon[0m ThreadId(1)

  [2m2026-06-13T18:17:25.510266Z[0m [32m INFO[0m [1;32mrch::hook[0m[32m: [32mSync complete: 2680 files, 5474299 bytes in 36671ms[0m
    [2;3mat[0m rch/src/hook.rs:6209 [2;3mon[0m ThreadId(1)

  [2m2026-06-13T18:17:29.931504Z[0m [32m INFO[0m [1;32mrch::hook[0m[32m: [32mExecuting command remotely: cargo bench -j 1 -p ft-api --bench ops_bench -- linear_forward/hidden/1024 --warm-up-time 1 --measurement-time 5 --sample-size 20[0m
    [2;3mat[0m rch/src/hook.rs:6252 [2;3mon[0m ThreadId(1)

  [2m2026-06-13T18:17:29.932200Z[0m [32m INFO[0m [1;32mrch::transfer[0m[32m: [32mRewriting CARGO_TARGET_DIR for remote execution (worker-scoped path): /data/tmp/cargo-target -> /data/projects/.scratch/frankentorch-kgs4-56-202606131815/.rch-target-vmi1227854-job-29884606035529119-1781374608674524195-0[0m
    [2;3mat[0m rch/src/transfer.rs:712 [2;3mon[0m ThreadId(1)

    Updating crates.io index
 Downloading crates ...
  Downloaded anstyle v1.0.14
  Downloaded anes v0.1.6
  Downloaded plotters-backend v0.3.7
  Downloaded aho-corasick v1.1.4
  Downloaded plotters-svg v0.3.7
  Downloaded clap_lex v1.1.0
  Downloaded ciborium-io v0.2.2
  Downloaded ciborium-ll v0.2.2
  Downloaded cast v0.3.0
  Downloaded same-file v1.0.6
  Downloaded rawpointer v0.2.1
  Downloaded cfg-if v1.0.4
  Downloaded is-terminal v0.4.17
  Downloaded itoa v1.0.18
  Downloaded num-complex v0.4.6
  Downloaded autocfg v1.5.0
  Downloaded walkdir v2.5.0
  Downloaded either v1.15.0
  Downloaded bytemuck_derive v1.10.2
  Downloaded crossbeam-deque v0.8.6
  Downloaded criterion-plot v0.5.0
  Downloaded oorandom v11.1.5
  Downloaded quote v1.0.45
  Downloaded zmij v1.0.21
  Downloaded tinytemplate v1.2.1
  Downloaded serde_derive v1.0.228
  Downloaded crossbeam-epoch v0.9.18
  Downloaded ciborium v0.2.2
  Downloaded once_cell v1.21.4
  Downloaded unicode-ident v1.0.24
  Downloaded crossbeam-utils v0.8.21
  Downloaded clap v4.6.1
  Downloaded serde_core v1.0.228
  Downloaded num-traits v0.2.19
  Downloaded bytemuck v1.25.0
  Downloaded half v2.7.1
  Downloaded proc-macro2 v1.0.106
  Downloaded rayon-core v1.13.0
  Downloaded matrixmultiply v0.3.10
  Downloaded safe_arch v0.7.4
  Downloaded wide v0.7.33
  Downloaded memchr v2.8.0
  Downloaded serde v1.0.228
  Downloaded zerocopy-derive v0.8.48
  Downloaded criterion v0.5.1
  Downloaded itertools v0.10.5
  Downloaded plotters v0.3.7
  Downloaded libm v0.2.16
  Downloaded regex v1.12.3
  Downloaded serde_json v1.0.149
  Downloaded rayon v1.12.0
  Downloaded clap_builder v4.6.0
  Downloaded zerocopy v0.8.48
  Downloaded syn v2.0.117
  Downloaded regex-syntax v0.8.10
  Downloaded regex-automata v0.4.14
  Downloaded libc v0.2.185
   Compiling proc-macro2 v1.0.106
   Compiling quote v1.0.45
   Compiling unicode-ident v1.0.24
   Compiling syn v2.0.117
   Compiling autocfg v1.5.0
   Compiling bytemuck_derive v1.10.2
   Compiling bytemuck v1.25.0
   Compiling zerocopy v0.8.48
   Compiling num-traits v0.2.19
   Compiling zerocopy-derive v0.8.48
   Compiling crossbeam-utils v0.8.21
   Compiling cfg-if v1.0.4
   Compiling half v2.7.1
   Compiling crossbeam-epoch v0.9.18
   Compiling rayon-core v1.13.0
   Compiling either v1.15.0
   Compiling crossbeam-deque v0.8.6
   Compiling serde_core v1.0.228
   Compiling num-complex v0.4.6
   Compiling matrixmultiply v0.3.10
   Compiling libm v0.2.16
   Compiling ft-core v0.1.0 (/data/projects/.scratch/frankentorch-kgs4-56-202606131815/crates/ft-core)
   Compiling rayon v1.12.0
   Compiling safe_arch v0.7.4
   Compiling serde v1.0.228
   Compiling zmij v1.0.21
   Compiling rawpointer v0.2.1
   Compiling wide v0.7.33
   Compiling serde_derive v1.0.228
   Compiling libc v0.2.185
   Compiling serde_json v1.0.149
   Compiling ft-kernel-cpu v0.1.0 (/data/projects/.scratch/frankentorch-kgs4-56-202606131815/crates/ft-kernel-cpu)
   Compiling clap_lex v1.1.0
   Compiling memchr v2.8.0
   Compiling anstyle v1.0.14
   Compiling regex-syntax v0.8.10
   Compiling plotters-backend v0.3.7
   Compiling ciborium-io v0.2.2
   Compiling itoa v1.0.18
   Compiling ciborium-ll v0.2.2
   Compiling plotters-svg v0.3.7
   Compiling regex-automata v0.4.14
   Compiling clap_builder v4.6.0
   Compiling ft-dispatch v0.1.0 (/data/projects/.scratch/frankentorch-kgs4-56-202606131815/crates/ft-dispatch)
   Compiling itertools v0.10.5
   Compiling cast v0.3.0
   Compiling same-file v1.0.6
   Compiling walkdir v2.5.0
   Compiling criterion-plot v0.5.0
   Compiling is-terminal v0.4.17
   Compiling ft-autograd v0.1.0 (/data/projects/.scratch/frankentorch-kgs4-56-202606131815/crates/ft-autograd)
   Compiling clap v4.6.1
   Compiling regex v1.12.3
   Compiling plotters v0.3.7
   Compiling ciborium v0.2.2
   Compiling tinytemplate v1.2.1
   Compiling ft-runtime v0.1.0 (/data/projects/.scratch/frankentorch-kgs4-56-202606131815/crates/ft-runtime)
   Compiling anes v0.1.6
   Compiling oorandom v11.1.5
   Compiling once_cell v1.21.4
   Compiling criterion v0.5.1
   Compiling ft-api v0.1.0 (/data/projects/.scratch/frankentorch-kgs4-56-202606131815/crates/ft-api)
    Finished `bench` profile [optimized + debuginfo] target(s) in 5m 18s
     Running benches/ops_bench.rs (.rch-target-vmi1227854-job-29884606035529119-1781374608674524195-0/release/deps/ops_bench-f1f85e4b56fe7759)
Gnuplot not found, using plotters backend
Benchmarking linear_forward/hidden/1024
Benchmarking linear_forward/hidden/1024: Warming up for 1.0000 s
Benchmarking linear_forward/hidden/1024: Collecting 20 samples in estimated 5.1525 s (5460 iterations)
Benchmarking linear_forward/hidden/1024: Analyzing
linear_forward/hidden/1024
                        time:   [819.90 µs 897.68 µs 997.78 µs]
                        thrpt:  [32.841 Melem/s 36.503 Melem/s 39.966 Melem/s]
Found 4 outliers among 20 measurements (20.00%)
  1 (5.00%) low severe
  1 (5.00%) low mild
  2 (10.00%) high severe

  [2m2026-06-13T18:22:59.178143Z[0m [32m INFO[0m [1;32mrch::hook[0m[32m: [32mRemote command finished: exit=0 in 329244ms[0m
    [2;3mat[0m rch/src/hook.rs:6376 [2;3mon[0m ThreadId(1)

  [2m2026-06-13T18:22:59.178548Z[0m [32m INFO[0m [1;32mrch::hook[0m[32m: [32mRetrieving build artifacts...[0m
    [2;3mat[0m rch/src/hook.rs:6425 [2;3mon[0m ThreadId(1)

  [2m2026-06-13T18:22:59.178628Z[0m [32m INFO[0m [1;32mrch::transfer[0m[32m: [32mRetrieving artifacts from /data/projects/.scratch/frankentorch-kgs4-56-202606131815 on vmi1227854[0m
    [2;3mat[0m rch/src/transfer.rs:2106 [2;3mon[0m ThreadId(1)

  [2m2026-06-13T18:23:01.198033Z[0m [32m INFO[0m [1;32mrch::transfer[0m[32m: [32mArtifacts retrieved in 2019ms (1 files, 1180 bytes)[0m
    [2;3mat[0m rch/src/transfer.rs:2145 [2;3mon[0m ThreadId(1)

  [2m2026-06-13T18:23:01.198051Z[0m [32m INFO[0m [1;32mrch::hook[0m[32m: [32mArtifacts retrieved: 1 files, 1180 bytes in 2019ms[0m
    [2;3mat[0m rch/src/hook.rs:6458 [2;3mon[0m ThreadId(1)

  [2m2026-06-13T18:23:01.198197Z[0m [32m INFO[0m [1;32mrch::transfer[0m[32m: [32mRetrieving artifacts from /data/projects/.scratch/frankentorch-kgs4-56-202606131815/.rch-target-vmi1227854-job-29884606035529119-1781374608674524195-0 on vmi1227854[0m
    [2;3mat[0m rch/src/transfer.rs:2106 [2;3mon[0m ThreadId(1)

  [2m2026-06-13T18:23:03.245366Z[0m [32m INFO[0m [1;32mrch::transfer[0m[32m: [32mArtifacts retrieved in 2047ms (32 files, 2400 bytes)[0m
    [2;3mat[0m rch/src/transfer.rs:2145 [2;3mon[0m ThreadId(1)

  [2m2026-06-13T18:23:03.245397Z[0m [32m INFO[0m [1;32mrch::hook[0m[32m: [32mCustom CARGO_TARGET_DIR artifacts retrieved: 32 files, 2400 bytes in 2047ms[0m
    [2;3mat[0m rch/src/hook.rs:6582 [2;3mon[0m ThreadId(1)

[RCH] remote vmi1227854 (377.9s)
