  [2m2026-06-13T18:46:58.019557Z[0m [32m INFO[0m [1;32mrch::hook[0m[32m: [32mSelected worker: vmi1149989 at root@212.90.121.76 (7 slots remaining after reservation, speed 50.0)[0m
    [2;3mat[0m rch/src/hook.rs:514 [2;3mon[0m ThreadId(1)

[*] Job j-29884606035529215 submitted to vmi1149989 (7 slots remaining, speed 50.0)
  [2m2026-06-13T18:46:58.285651Z[0m [32m INFO[0m [1;32mrch::hook[0m[32m: [32mStarting remote compilation pipeline for frankentorch-kgs4-56-202606131815 (hash: 7ef48511ff22465d)[0m
    [2;3mat[0m rch/src/hook.rs:5994 [2;3mon[0m ThreadId(1)

  [2m2026-06-13T18:46:58.285695Z[0m [32m INFO[0m [1;32mrch::hook[0m[32m: [32mPrepared dependency sync manifest for 13 roots[0m
    [2;3mat[0m rch/src/hook.rs:6016 [2;3mon[0m ThreadId(1)

  [2m2026-06-13T18:47:00.057765Z[0m [32m INFO[0m [1;32mrch::hook[0m[32m: [32mSyncing project to worker vmi1149989...[0m
    [2;3mat[0m rch/src/hook.rs:6046 [2;3mon[0m ThreadId(1)

  [2m2026-06-13T18:47:00.057840Z[0m [32m INFO[0m [1;32mrch::transfer[0m[32m: [32mSyncing /data/projects/.scratch/frankentorch-kgs4-56-202606131815 -> /data/projects/.scratch/frankentorch-kgs4-56-202606131815 on vmi1149989[0m
    [2;3mat[0m rch/src/transfer.rs:1434 [2;3mon[0m ThreadId(1)

  [2m2026-06-13T18:47:03.161656Z[0m [32m INFO[0m [1;32mrch::transfer[0m[32m: [32mSync completed in 3103ms[0m
    [2;3mat[0m rch/src/transfer.rs:1503 [2;3mon[0m ThreadId(1)

  [2m2026-06-13T18:47:03.161733Z[0m [32m INFO[0m [1;32mrch::transfer[0m[32m: [32mSyncing /data/projects/.scratch/frankentorch-kgs4-56-202606131815/crates/ft-api -> /data/projects/.scratch/frankentorch-kgs4-56-202606131815/crates/ft-api on vmi1149989[0m
    [2;3mat[0m rch/src/transfer.rs:1434 [2;3mon[0m ThreadId(1)

  [2m2026-06-13T18:47:05.007668Z[0m [32m INFO[0m [1;32mrch::transfer[0m[32m: [32mSync completed in 1845ms[0m
    [2;3mat[0m rch/src/transfer.rs:1503 [2;3mon[0m ThreadId(1)

  [2m2026-06-13T18:47:05.007753Z[0m [32m INFO[0m [1;32mrch::transfer[0m[32m: [32mSyncing /data/projects/.scratch/frankentorch-kgs4-56-202606131815/crates/ft-autograd -> /data/projects/.scratch/frankentorch-kgs4-56-202606131815/crates/ft-autograd on vmi1149989[0m
    [2;3mat[0m rch/src/transfer.rs:1434 [2;3mon[0m ThreadId(1)

  [2m2026-06-13T18:47:06.811027Z[0m [32m INFO[0m [1;32mrch::transfer[0m[32m: [32mSync completed in 1803ms[0m
    [2;3mat[0m rch/src/transfer.rs:1503 [2;3mon[0m ThreadId(1)

  [2m2026-06-13T18:47:06.811096Z[0m [32m INFO[0m [1;32mrch::transfer[0m[32m: [32mSyncing /data/projects/.scratch/frankentorch-kgs4-56-202606131815/crates/ft-conformance -> /data/projects/.scratch/frankentorch-kgs4-56-202606131815/crates/ft-conformance on vmi1149989[0m
    [2;3mat[0m rch/src/transfer.rs:1434 [2;3mon[0m ThreadId(1)

  [2m2026-06-13T18:47:08.653219Z[0m [32m INFO[0m [1;32mrch::transfer[0m[32m: [32mSync completed in 1842ms[0m
    [2;3mat[0m rch/src/transfer.rs:1503 [2;3mon[0m ThreadId(1)

  [2m2026-06-13T18:47:08.653299Z[0m [32m INFO[0m [1;32mrch::transfer[0m[32m: [32mSyncing /data/projects/.scratch/frankentorch-kgs4-56-202606131815/crates/ft-core -> /data/projects/.scratch/frankentorch-kgs4-56-202606131815/crates/ft-core on vmi1149989[0m
    [2;3mat[0m rch/src/transfer.rs:1434 [2;3mon[0m ThreadId(1)

  [2m2026-06-13T18:47:10.594337Z[0m [32m INFO[0m [1;32mrch::transfer[0m[32m: [32mSync completed in 1941ms[0m
    [2;3mat[0m rch/src/transfer.rs:1503 [2;3mon[0m ThreadId(1)

  [2m2026-06-13T18:47:10.594427Z[0m [32m INFO[0m [1;32mrch::transfer[0m[32m: [32mSyncing /data/projects/.scratch/frankentorch-kgs4-56-202606131815/crates/ft-data -> /data/projects/.scratch/frankentorch-kgs4-56-202606131815/crates/ft-data on vmi1149989[0m
    [2;3mat[0m rch/src/transfer.rs:1434 [2;3mon[0m ThreadId(1)

  [2m2026-06-13T18:47:12.453380Z[0m [32m INFO[0m [1;32mrch::transfer[0m[32m: [32mSync completed in 1858ms[0m
    [2;3mat[0m rch/src/transfer.rs:1503 [2;3mon[0m ThreadId(1)

  [2m2026-06-13T18:47:12.453446Z[0m [32m INFO[0m [1;32mrch::transfer[0m[32m: [32mSyncing /data/projects/.scratch/frankentorch-kgs4-56-202606131815/crates/ft-device -> /data/projects/.scratch/frankentorch-kgs4-56-202606131815/crates/ft-device on vmi1149989[0m
    [2;3mat[0m rch/src/transfer.rs:1434 [2;3mon[0m ThreadId(1)

  [2m2026-06-13T18:47:14.299977Z[0m [32m INFO[0m [1;32mrch::transfer[0m[32m: [32mSync completed in 1846ms[0m
    [2;3mat[0m rch/src/transfer.rs:1503 [2;3mon[0m ThreadId(1)

  [2m2026-06-13T18:47:14.300071Z[0m [32m INFO[0m [1;32mrch::transfer[0m[32m: [32mSyncing /data/projects/.scratch/frankentorch-kgs4-56-202606131815/crates/ft-dispatch -> /data/projects/.scratch/frankentorch-kgs4-56-202606131815/crates/ft-dispatch on vmi1149989[0m
    [2;3mat[0m rch/src/transfer.rs:1434 [2;3mon[0m ThreadId(1)

  [2m2026-06-13T18:47:16.168501Z[0m [32m INFO[0m [1;32mrch::transfer[0m[32m: [32mSync completed in 1868ms[0m
    [2;3mat[0m rch/src/transfer.rs:1503 [2;3mon[0m ThreadId(1)

  [2m2026-06-13T18:47:16.168589Z[0m [32m INFO[0m [1;32mrch::transfer[0m[32m: [32mSyncing /data/projects/.scratch/frankentorch-kgs4-56-202606131815/crates/ft-kernel-cpu -> /data/projects/.scratch/frankentorch-kgs4-56-202606131815/crates/ft-kernel-cpu on vmi1149989[0m
    [2;3mat[0m rch/src/transfer.rs:1434 [2;3mon[0m ThreadId(1)

  [2m2026-06-13T18:47:18.022018Z[0m [32m INFO[0m [1;32mrch::transfer[0m[32m: [32mSync completed in 1853ms[0m
    [2;3mat[0m rch/src/transfer.rs:1503 [2;3mon[0m ThreadId(1)

  [2m2026-06-13T18:47:18.022128Z[0m [32m INFO[0m [1;32mrch::transfer[0m[32m: [32mSyncing /data/projects/.scratch/frankentorch-kgs4-56-202606131815/crates/ft-nn -> /data/projects/.scratch/frankentorch-kgs4-56-202606131815/crates/ft-nn on vmi1149989[0m
    [2;3mat[0m rch/src/transfer.rs:1434 [2;3mon[0m ThreadId(1)

  [2m2026-06-13T18:47:19.938696Z[0m [32m INFO[0m [1;32mrch::transfer[0m[32m: [32mSync completed in 1916ms[0m
    [2;3mat[0m rch/src/transfer.rs:1503 [2;3mon[0m ThreadId(1)

  [2m2026-06-13T18:47:19.938788Z[0m [32m INFO[0m [1;32mrch::transfer[0m[32m: [32mSyncing /data/projects/.scratch/frankentorch-kgs4-56-202606131815/crates/ft-optim -> /data/projects/.scratch/frankentorch-kgs4-56-202606131815/crates/ft-optim on vmi1149989[0m
    [2;3mat[0m rch/src/transfer.rs:1434 [2;3mon[0m ThreadId(1)

  [2m2026-06-13T18:47:21.857181Z[0m [32m INFO[0m [1;32mrch::transfer[0m[32m: [32mSync completed in 1918ms[0m
    [2;3mat[0m rch/src/transfer.rs:1503 [2;3mon[0m ThreadId(1)

  [2m2026-06-13T18:47:21.857275Z[0m [32m INFO[0m [1;32mrch::transfer[0m[32m: [32mSyncing /data/projects/.scratch/frankentorch-kgs4-56-202606131815/crates/ft-runtime -> /data/projects/.scratch/frankentorch-kgs4-56-202606131815/crates/ft-runtime on vmi1149989[0m
    [2;3mat[0m rch/src/transfer.rs:1434 [2;3mon[0m ThreadId(1)

  [2m2026-06-13T18:47:23.659404Z[0m [32m INFO[0m [1;32mrch::transfer[0m[32m: [32mSync completed in 1802ms[0m
    [2;3mat[0m rch/src/transfer.rs:1503 [2;3mon[0m ThreadId(1)

  [2m2026-06-13T18:47:23.659530Z[0m [32m INFO[0m [1;32mrch::transfer[0m[32m: [32mSyncing /data/projects/.scratch/frankentorch-kgs4-56-202606131815/crates/ft-serialize -> /data/projects/.scratch/frankentorch-kgs4-56-202606131815/crates/ft-serialize on vmi1149989[0m
    [2;3mat[0m rch/src/transfer.rs:1434 [2;3mon[0m ThreadId(1)

  [2m2026-06-13T18:47:25.466209Z[0m [32m INFO[0m [1;32mrch::transfer[0m[32m: [32mSync completed in 1806ms[0m
    [2;3mat[0m rch/src/transfer.rs:1503 [2;3mon[0m ThreadId(1)

  [2m2026-06-13T18:47:25.466251Z[0m [32m INFO[0m [1;32mrch::hook[0m[32m: [32mSync complete: 2686 files, 5483660 bytes in 25401ms[0m
    [2;3mat[0m rch/src/hook.rs:6209 [2;3mon[0m ThreadId(1)

  [2m2026-06-13T18:47:29.619353Z[0m [32m INFO[0m [1;32mrch::hook[0m[32m: [32mExecuting command remotely: cargo check -j 1 -p ft-kernel-cpu --all-targets[0m
    [2;3mat[0m rch/src/hook.rs:6252 [2;3mon[0m ThreadId(1)

  [2m2026-06-13T18:47:29.619395Z[0m [32m INFO[0m [1;32mrch::transfer[0m[32m: [32mRewriting CARGO_TARGET_DIR for remote execution (worker-scoped path): /data/tmp/cargo-target -> /data/projects/.scratch/frankentorch-kgs4-56-202606131815/.rch-target-vmi1149989-job-29884606035529215-1781376420057756789-0[0m
    [2;3mat[0m rch/src/transfer.rs:712 [2;3mon[0m ThreadId(1)

    Updating crates.io index
 Downloading crates ...
  Downloaded is-terminal v0.4.17
  Downloaded anstyle v1.0.14
  Downloaded errno v0.3.14
  Downloaded ciborium-io v0.2.2
  Downloaded autocfg v1.5.0
  Downloaded bit-vec v0.8.0
  Downloaded zmij v1.0.21
  Downloaded bit-set v0.8.0
  Downloaded crossbeam-epoch v0.9.18
  Downloaded quick-error v1.2.3
  Downloaded unarray v0.1.4
  Downloaded anes v0.1.6
  Downloaded quote v1.0.45
  Downloaded serde_core v1.0.228
  Downloaded cfg-if v1.0.4
  Downloaded itoa v1.0.18
  Downloaded crossbeam-deque v0.8.6
  Downloaded either v1.15.0
  Downloaded num-complex v0.4.6
  Downloaded bytemuck v1.25.0
  Downloaded matrixmultiply v0.3.10
  Downloaded rand_xorshift v0.4.0
  Downloaded rawpointer v0.2.1
  Downloaded wait-timeout v0.2.1
  Downloaded ppv-lite86 v0.2.21
  Downloaded ciborium-ll v0.2.2
  Downloaded tinytemplate v1.2.1
  Downloaded plotters-svg v0.3.7
  Downloaded rayon-core v1.13.0
  Downloaded bitflags v2.11.1
  Downloaded criterion-plot v0.5.0
  Downloaded walkdir v2.5.0
  Downloaded cast v0.3.0
  Downloaded plotters-backend v0.3.7
  Downloaded console v0.16.3
  Downloaded bytemuck_derive v1.10.2
  Downloaded fnv v1.0.7
  Downloaded fastrand v2.4.1
  Downloaded same-file v1.0.6
  Downloaded rand_chacha v0.9.0
  Downloaded ciborium v0.2.2
  Downloaded wide v0.7.33
  Downloaded rusty-fork v0.3.1
  Downloaded half v2.7.1
  Downloaded clap v4.6.1
  Downloaded serde_derive v1.0.228
  Downloaded once_cell v1.21.4
  Downloaded rand_core v0.9.5
  Downloaded clap_lex v1.1.0
  Downloaded aho-corasick v1.1.4
  Downloaded oorandom v11.1.5
  Downloaded safe_arch v0.7.4
  Downloaded tempfile v3.27.0
  Downloaded num-traits v0.2.19
  Downloaded crossbeam-utils v0.8.21
  Downloaded criterion v0.5.1
  Downloaded getrandom v0.3.4
  Downloaded similar v2.7.0
  Downloaded unicode-ident v1.0.24
  Downloaded zerocopy-derive v0.8.48
  Downloaded proc-macro2 v1.0.106
  Downloaded memchr v2.8.0
  Downloaded serde v1.0.228
  Downloaded itertools v0.10.5
  Downloaded insta v1.47.2
  Downloaded clap_builder v4.6.0
  Downloaded serde_json v1.0.149
  Downloaded plotters v0.3.7
  Downloaded proptest v1.11.0
  Downloaded rayon v1.12.0
  Downloaded libm v0.2.16
  Downloaded rand v0.9.4
  Downloaded regex v1.12.3
  Downloaded syn v2.0.117
  Downloaded regex-syntax v0.8.10
  Downloaded zerocopy v0.8.48
  Downloaded rustix v1.1.4
  Downloaded regex-automata v0.4.14
  Downloaded libc v0.2.185
  Downloaded linux-raw-sys v0.12.1
   Compiling proc-macro2 v1.0.106
   Compiling unicode-ident v1.0.24
   Compiling quote v1.0.45
   Compiling syn v2.0.117
    Checking cfg-if v1.0.4
   Compiling libc v0.2.185
   Compiling autocfg v1.5.0
   Compiling zerocopy v0.8.48
   Compiling zerocopy-derive v0.8.48
   Compiling getrandom v0.3.4
   Compiling bytemuck_derive v1.10.2
    Checking bytemuck v1.25.0
   Compiling num-traits v0.2.19
   Compiling crossbeam-utils v0.8.21
   Compiling serde_core v1.0.228
   Compiling rustix v1.1.4
    Checking crossbeam-epoch v0.9.18
    Checking half v2.7.1
   Compiling zmij v1.0.21
   Compiling serde v1.0.228
    Checking bitflags v2.11.1
   Compiling rayon-core v1.13.0
    Checking linux-raw-sys v0.12.1
    Checking once_cell v1.21.4
    Checking either v1.15.0
    Checking crossbeam-deque v0.8.6
    Checking rand_core v0.9.5
   Compiling serde_derive v1.0.228
   Compiling serde_json v1.0.149
    Checking regex-syntax v0.8.10
    Checking fastrand v2.4.1
    Checking tempfile v3.27.0
   Compiling matrixmultiply v0.3.10
    Checking itoa v1.0.18
    Checking memchr v2.8.0
    Checking plotters-backend v0.3.7
   Compiling libm v0.2.16
    Checking ciborium-io v0.2.2
    Checking clap_lex v1.1.0
    Checking anstyle v1.0.14
    Checking clap_builder v4.6.0
    Checking ciborium-ll v0.2.2
    Checking plotters-svg v0.3.7
    Checking rayon v1.12.0
    Checking regex-automata v0.4.14
    Checking itertools v0.10.5
    Checking num-complex v0.4.6
    Checking safe_arch v0.7.4
    Checking ppv-lite86 v0.2.21
    Checking wait-timeout v0.2.1
    Checking quick-error v1.2.3
    Checking rawpointer v0.2.1
    Checking same-file v1.0.6
    Checking fnv v1.0.7
    Checking bit-vec v0.8.0
    Checking cast v0.3.0
    Checking criterion-plot v0.5.0
    Checking bit-set v0.8.0
    Checking rusty-fork v0.3.1
    Checking walkdir v2.5.0
    Checking rand_chacha v0.9.0
    Checking wide v0.7.33
    Checking ft-core v0.1.0 (/data/projects/.scratch/frankentorch-kgs4-56-202606131815/crates/ft-core)
    Checking regex v1.12.3
    Checking tinytemplate v1.2.1
    Checking plotters v0.3.7
    Checking ciborium v0.2.2
    Checking clap v4.6.1
    Checking rand_xorshift v0.4.0
    Checking rand v0.9.4
    Checking is-terminal v0.4.17
    Checking console v0.16.3
    Checking anes v0.1.6
    Checking similar v2.7.0
    Checking oorandom v11.1.5
    Checking unarray v0.1.4
    Checking proptest v1.11.0
    Checking criterion v0.5.1
    Checking insta v1.47.2
    Checking ft-kernel-cpu v0.1.0 (/data/projects/.scratch/frankentorch-kgs4-56-202606131815/crates/ft-kernel-cpu)
warning: unnecessary parentheses around closure body
 --> crates/ft-kernel-cpu/examples/gemm_golden.rs:8:46
  |
8 |         let a: Vec<f64> = (0..m * k).map(|i| ((i as f64 * 0.001).sin())).collect();
  |                                              ^                        ^
  |
  = note: `#[warn(unused_parens)]` (part of `#[warn(unused)]`) on by default
help: remove these parentheses
  |
8 -         let a: Vec<f64> = (0..m * k).map(|i| ((i as f64 * 0.001).sin())).collect();
8 +         let a: Vec<f64> = (0..m * k).map(|i| (i as f64 * 0.001).sin() ).collect();
  |

warning: unnecessary parentheses around closure body
 --> crates/ft-kernel-cpu/examples/gemm_golden.rs:9:46
  |
9 |         let b: Vec<f64> = (0..k * n).map(|i| ((i as f64 * 0.0017).cos())).collect();
  |                                              ^                         ^
  |
help: remove these parentheses
  |
9 -         let b: Vec<f64> = (0..k * n).map(|i| ((i as f64 * 0.0017).cos())).collect();
9 +         let b: Vec<f64> = (0..k * n).map(|i| (i as f64 * 0.0017).cos() ).collect();
  |

warning: `ft-kernel-cpu` (example "gemm_golden") generated 2 warnings (run `cargo fix --example "gemm_golden" -p ft-kernel-cpu` to apply 2 suggestions)
    Finished `dev` profile [unoptimized + debuginfo] target(s) in 42.15s
  [2m2026-06-13T18:48:13.357275Z[0m [32m INFO[0m [1;32mrch::hook[0m[32m: [32mRemote command finished: exit=0 in 43737ms[0m
    [2;3mat[0m rch/src/hook.rs:6376 [2;3mon[0m ThreadId(1)

  [2m2026-06-13T18:48:13.357546Z[0m [32m INFO[0m [1;32mrch::hook[0m[32m: [32mRetrieving build artifacts...[0m
    [2;3mat[0m rch/src/hook.rs:6425 [2;3mon[0m ThreadId(1)

  [2m2026-06-13T18:48:13.357559Z[0m [32m INFO[0m [1;32mrch::transfer[0m[32m: [32mRetrieving artifacts from /data/projects/.scratch/frankentorch-kgs4-56-202606131815 on vmi1149989[0m
    [2;3mat[0m rch/src/transfer.rs:2106 [2;3mon[0m ThreadId(1)

  [2m2026-06-13T18:48:15.309399Z[0m [32m INFO[0m [1;32mrch::transfer[0m[32m: [32mArtifacts retrieved in 1951ms (1 files, 1080 bytes)[0m
    [2;3mat[0m rch/src/transfer.rs:2145 [2;3mon[0m ThreadId(1)

  [2m2026-06-13T18:48:15.309417Z[0m [32m INFO[0m [1;32mrch::hook[0m[32m: [32mArtifacts retrieved: 1 files, 1080 bytes in 1951ms[0m
    [2;3mat[0m rch/src/hook.rs:6458 [2;3mon[0m ThreadId(1)

  [2m2026-06-13T18:48:15.309509Z[0m [32m INFO[0m [1;32mrch::transfer[0m[32m: [32mRetrieving artifacts from /data/projects/.scratch/frankentorch-kgs4-56-202606131815/.rch-target-vmi1149989-job-29884606035529215-1781376420057756789-0 on vmi1149989[0m
    [2;3mat[0m rch/src/transfer.rs:2106 [2;3mon[0m ThreadId(1)

  [2m2026-06-13T18:48:19.354144Z[0m [32m INFO[0m [1;32mrch::transfer[0m[32m: [32mArtifacts retrieved in 4044ms (1384 files, 781466 bytes)[0m
    [2;3mat[0m rch/src/transfer.rs:2145 [2;3mon[0m ThreadId(1)

  [2m2026-06-13T18:48:19.354164Z[0m [32m INFO[0m [1;32mrch::hook[0m[32m: [32mCustom CARGO_TARGET_DIR artifacts retrieved: 1384 files, 781466 bytes in 4044ms[0m
    [2;3mat[0m rch/src/hook.rs:6582 [2;3mon[0m ThreadId(1)

[W] Worker: vmi1149989 | Job: j-29884606035529215
[T] Total: 75.1s (sync 25.4s, build 43.7s, artifacts 6.0s)
^ Sync: 5.2 MB in 25.4s (210.8 KB/s)
[C] Compile: 43.7s
v Artifacts: 764.2 KB in 6.0s (127.5 KB/s)
[T] Cache: MISS
+-------------- * Build Successful ---------------+
| New personal best! 43.7s (previous: 1.3m)       |
| Duration: 43.7s (v 86% faster vs previous 5.4m) |
| Artifacts: 1385 files (764.2 KB)                |
| Worker: vmi1149989                              |
| Cache: MISS (warming cache)                     |
| Time: 2026-06-13 18:48:19                       |
+-------------------------------------------------+
[RCH] remote vmi1149989 (81.3s)
