=== DURATION-EXCLUSIVE H2H RECERTIFICATION: CONV2D COMPLETE ===
started_utc=2026-09-01T20:29:19Z
runtime_head=ae403006843acdae8a85e23ba9b3ad49e69ac6eb
banked_clean_overlay_base=ecd7f791020e966ae5601183c57df19f5278ab71
banked_build_command=RCH_REQUIRE_REMOTE=1 RCH_VISIBILITY=summary RCH_ENV_ALLOWLIST=CARGO_TARGET_DIR CARGO_TARGET_DIR=/data/tmp/ft-mdsmm-recert-ecd7f791-ivorybirch rch exec --no-self-healing --base ecd7f791020e966ae5601183c57df19f5278ab71 --clean-overlay --no-overlay -- cargo build --release -j2 -p frankentorch-api --features fair-alloc --example gauntlet_lane_sweep_h2h
banked_build_remote_worker=hz4
banked_build_exit=0
binary_surface_equivalence=PASS (runtime_head differs only outside Cargo.toml,Cargo.lock,crates/)
elf=/data/tmp/ft-mdsmm-recert-ecd7f791-ivorybirch/release/examples/gauntlet_lane_sweep_h2h
elf_sha256=1a6d6726631ebbc159c20e8e9cbff648a8aefe642e13c8025db7bf7af204ee8d
runtime_command=FT_H2H_WINDOW_WAIT=60 PYTORCH_PYTHON=/data/tmp/torchvenv-2121/bin/python RAYON_NUM_THREADS=8 FT_H2H_LANES_EXACT=1 FT_H2H_LANES=conv2d,conv2d_masked FT_H2H_REPS=24 FT_H2H_WARMUP=16 FT_H2H_ROUND_WARMUP=0 scripts/h2h_window.sh /data/tmp/ft-mdsmm-recert-ecd7f791-ivorybirch/release/examples/gauntlet_lane_sweep_h2h
--- runtime transcript ---
guard PASS: no peer measurement detected, loadavg 2.94/3.74/6.64 (spread 1.00x <= 4x, floor 8.00), iowait 0.0% <= 10%
/data/tmp/torchvenv-2121/lib/python3.12/site-packages/torch/_subclasses/functional_tensor.py:362: UserWarning: Failed to initialize NumPy: No module named 'numpy' (Triggered internally at /pytorch/torch/csrc/utils/tensor_numpy.cpp:84.)
  cpu = _conversion_method_template(device=torch.device("cpu"))
executing_elf_sha256=1a6d6726631ebbc159c20e8e9cbff648a8aefe642e13c8025db7bf7af204ee8d
incumbent=PyTorch 2.12.1+cpu (self-reported by the arm, same invocation), threads=8
incumbent_rule=a delta whose incumbent arm moved (version, build, or measured time) is NOT a win
measurement_host=thinkstation1 cpu="AMD Ryzen Threadripper PRO 5975WX 32-Cores" isa=x86_64+avx2 governor=powersave rayon_threads=8 online_cpus=64
host_rule=both arms are sampled in ONE invocation on THIS machine; a row measured elsewhere is not comparable to this one, A/A PASS or not
measurement_slot=held [pid=904980 host=thinkstation1 elf=1a6d6726631ebbc1 lanes=conv2d,conv2d_masked]; no other live h2h announcement
concurrent_measurements=1 DETECTED: h2h-harness[328551] 103% — another process was sampling inside this window AND burning local CPU, so BOTH runs' arms are contended and NEITHER is quotable however its gates read. The drift gate cannot see this: it measures stability, and a uniformly overloaded host is stable.
concurrent_measurements_idle=6 (matched by name, burning no local CPU — shell wrappers, and rch clients whose bench runs on a remote worker; reported, not voiding): criterion-bench[762593] 0% h2h-harness[276726] 0% h2h-harness[276727] 0% h2h-harness[871111] 0% h2h-harness[871129] 0% h2h-harness[904555] 0%
cpu_mhz min=1429 median=1429 max=4292 spread=3.004x; arms NOT pinned: our 64 rayon threads span every core including any parked at the floor, the incumbent's 8 land wherever the scheduler puts them, so this row's arms are NOT known to have run at comparable clocks
allocator=mimalloc (--features fair-alloc)
measurement=OP WORK ONLY (forward+backward; leaf built outside the timer on BOTH sides)
sampling=balanced-square ABBAABBA (frankentorch-xdw0h); 24 rounds, four live samples per arm per round, torch threads=8
round_warmup=0 (FT_H2H_ROUND_WARMUP; discarded samples per lane per round, BOTH arms). 0 = the board's default: each lane's slot 0 each round arrives cold, which NEGATIVE_EVIDENCE item 147 measured at +20-30% on the summed conv2d lanes

lane          FT(ms)    PT(ms)   standing            PT/FT A/A gates and ratio CI                 parity
lane_filter="conv2d,conv2d_masked" match=exact kept=2 of the full set (frankentorch-68pwz item 58; item 226: substring is the default, FT_H2H_LANES_EXACT=1 narrows it)
lane_count=2 rounds=24 (frankentorch-vyaia: the harness's own load scales with this product; a self-load bound quoted without it cannot be checked later)

CLOCKS DURING SAMPLING (sampled once per lane per round, both arms inside the same round)
  typical core   min 1429 median 2950 max 3434 MHz   (boost/thermal behaviour over time)
  CROSS-CORE SPREAD at one instant   min 3.001x median 3.004x max 3.009x   (how far apart two cores were WHILE we sampled)
  The spread is the number that decides comparability: it is what makes one arm's threads faster than the other's. Compare it against the idle snapshot in the cpu_mhz header line -- if the idle spread is large and this one is small, the cores boosted once work arrived and the clock confound did not bite.
load_series n=26 worst_drift=1.000x endpoint_gate=PASS series_gate=PASS (frankentorch-68pwz item 49: the endpoint pair cannot see a mid-run excursion; a divergence between these two gates IS the finding)
load_1m start=5.10 end=5.10 drift_gate=PASS (frankentorch-2h8vi; the signal is DRIFT in either direction, not level — a steady busy host is measurable, a host that moves under the measurement is not)
self_load DIRECT=73.74 (both arms burned 137.4 CPU-seconds over window=2s at lane_count=2 rounds=24) — measured on our own /proc accounting, so a peer's compile contributes nothing to it. Compare against frankentorch-5q3io's ~+0.62, which was inferred from loadavg deltas at an unrecorded lane count (frankentorch-vyaia acceptance item 2).
self_load rise=+0.00 (start 5.10 -> peak 5.10) over window=2s at lane_count=2 rounds=24 — loadavg is a 1-minute EWMA, so this window could show at most 3% of any sustained step (frankentorch-vyaia: measured, not assumed)
self_load NOT INTERPRETABLE: a 2s window is shorter than the loadavg time constant, so this rise is a floor and a +0.00 is not evidence of anything. If the whole rise were ours and sustained it would imply 0.00. Re-derive the bound on a FULL sweep — the configuration every banked row and frankentorch-5q3io's stale ~+0.62 were taken under (frankentorch-vyaia).
  conv2d          2.666    2.346   FT 1.14x SLOWER     PT OFFSET [0.914,1.117] FT OFFSET [0.921,1.001] ratio 0.880 [0.788,0.941] match incumbent=SINGLE/n14
  incumbent_mode lane=conv2d drawn=2.346 ms  SINGLE LEVEL (n=14, median 2.979, range [2.346, 3.534], spread 1.51x) — no second level banked for this lane, so this row is comparable to the other 13. The bank spans 0.1 days.
    NULL-FAILED: incumbent 1.045, FrankenTorch 0.970; each must be within +/-0.02 of 1.0 and carry a calm CI; do not quote this row
      ROUNDS MAY CLEAR IT: worst null is 0.045 off 1.0 against a +/-0.02 band, which is sampling noise rather than a moving host. The null is a ratio of per-round medians, so try FT_H2H_REPS=48 (item 193c walked 16 -> 32 -> 64 to PASS at loadavg 22-35).
    slot0/median(slot1..3) = 0.959 (our arm, per-round median over 24 rounds)
    MIN-ESTIMATOR FT 1.43x SLOWER     ratio 0.697 [0.667,0.763]  PT null 1.015 PASS  FT null 0.977 FAIL  not quotable
  conv2d_masked    4.834    2.712   FT 1.78x SLOWER     PT OFFSET [0.948,1.145] FT OFFSET [0.990,1.069] ratio 0.561 [0.514,0.584] match incumbent=SINGLE/n14
  incumbent_mode lane=conv2d_masked drawn=2.712 ms  SINGLE LEVEL (n=14, median 3.155, range [2.693, 3.799], spread 1.41x) — no second level banked for this lane, so this row is comparable to the other 13. The bank spans 0.1 days.
    NULL-FAILED: incumbent 1.043, FrankenTorch 1.044; each must be within +/-0.02 of 1.0 and carry a calm CI; do not quote this row
      ROUNDS MAY CLEAR IT: worst null is 0.044 off 1.0 against a +/-0.02 band, which is sampling noise rather than a moving host. The null is a ratio of per-round medians, so try FT_H2H_REPS=48 (item 193c walked 16 -> 32 -> 64 to PASS at loadavg 22-35).
    slot0/median(slot1..3) = 0.974 (our arm, per-round median over 24 rounds)
    MIN-ESTIMATOR FT 2.32x SLOWER     ratio 0.431 [0.387,0.461]  PT null 0.961 FAIL  FT null 1.004 PASS  not quotable

Quote a lane only if both A/A gates say PASS, their point estimates are within +/-0.02 of 1.0, and parity is `match`. WIDE means the null's
CI exceeded 0.60 — the sample was too noisy to support ANY verdict, so the row is
undecidable rather than a win or a loss (frankentorch-8ieqm). Op-work ratios are NOT
comparable to the gauntlet's whole-step ratios, which include each lane's input rebuild.

buffer_pool: hits=112 misses=0 parked=64 buffers / 133.7 MiB

GROUP_NORM f32 KERNEL BREAKDOWN (FrankenTorch-internal attribution, min of 9; NOT a ratio)
  numel=6422528  groups=32  cpg=2  spatial=3136  rayon_threads=8
  forward_f32                 1.714 ms   schedule PARALLEL: 1024 groups; the numel-only gate (6422528 vs NORM_FWD_PARALLEL_MIN 524288) would have said PARALLEL
  forward_f32 SERIAL         20.267 ms   same kernel, schedule forced off, interleaved rep-by-rep (sentinel for the _serialfwd lane)
  sum_tensor_contiguous_f32   0.587 ms
  backward_scalar_f32         3.925 ms   (cpg==2 path, unconditionally parallel)
  total                       6.227 ms
  ---- same three kernels, one timed step, two estimators (frankentorch-59kjf) ----
  step min of 40               6.459 ms   comparable to the per-kernel figures above
  step lane estimator         7.397 ms   median of 4 per round, then median over 10 rounds
  estimator ratio             1.145x  (lane estimator / min; if this alone reaches ~2.4x the lane's missing 57% is the ESTIMATOR, not allocation)
  ---- one group's reduction, sequential vs 8 accumulators (frankentorch-zv1y1) ----
  reduce sequential           4.439 us   6272 elems, one dependency chain — what every statistic pass costs today
  reduce 8 accumulators       0.571 us   same data, same rep, chain broken 8 ways
  reduction headroom          7.774x  (NOT bit-exact: reassociation moves mean/rstd/output by an ULP; this prices the tolerance question, it does not answer it)

MAX_POOL3D KERNEL BREAKDOWN (FrankenTorch-internal attribution, min of 9; NOT a ratio)
  input numel=1048576  output numel=131072  kernel 2x2x2 stride 2x2x2  rayon_threads=8
  forward_with_indices_f64     0.292 ms   reads 1048576 elems, 8 comparisons per output
  backward NONOVERLAPPING      0.455 ms   the route ft-api actually takes (kernel == stride); scatters 131072 values into a dense 1048576-element buffer
  backward generic scatter     0.424 ms   same data, same rep, bit-identical output — what the specialisation buys
  total on the live route      0.747 ms

runtime_exit=0
completed_utc=2026-09-01T20:30:15Z
