===== strict conv2d delta reproduction — VioletMink 2026-09-01T14:06:49-04:00 =====
head=5093ccf4b2b3cf894b4a5d3bba7e7b08cb47cc0c
build_base=5093ccf4b2b3cf894b4a5d3bba7e7b08cb47cc0c clean_overlay=true no_overlay=true
source_delta_vs_claim_base=b82531b2: none under Cargo.toml,Cargo.lock,crates/,scripts/
build_command=RCH_REQUIRE_REMOTE=1 RCH_VISIBILITY=summary RCH_ENV_ALLOWLIST=CARGO_TARGET_DIR CARGO_TARGET_DIR=/data/tmp/ft-mdsmm-conv2d-delta-rflWyI rch exec --no-self-healing --base 5093ccf4b2b3cf894b4a5d3bba7e7b08cb47cc0c --clean-overlay --no-overlay -- cargo build --release -j2 -p frankentorch-api --features fair-alloc --example gauntlet_lane_sweep_h2h
  [2m2026-09-01T18:06:49.476395Z[0m [32m INFO[0m [1;32mrch::self_healing[0m[32m: [32mCLI self-healing overrides active, [1;32moverrides[0m[32m: ["--no-self-healing"][0m
    [2;3mat[0m rch/src/main.rs:2005 [2;3mon[0m ThreadId(1)

  [2m2026-09-01T18:06:59.375399Z[0m [32m INFO[0m [1;32mrch::hook[0m[32m: [32mSelected worker: hz4 at ubuntu@194.163.156.231 (12 slots remaining after reservation, speed 76.5)[0m
    [2;3mat[0m rch/src/hook.rs:2529 [2;3mon[0m ThreadId(1)

  [2m2026-09-01T18:06:59.427709Z[0m [32m INFO[0m [1;32mrch::hook::transfer_orchestration[0m[32m: [32mStarting remote compilation pipeline for frankentorch (hash: f3010d321d7f32fb)[0m
    [2;3mat[0m rch/src/hook/transfer_orchestration.rs:471 [2;3mon[0m ThreadId(1)

  [2m2026-09-01T18:06:59.427730Z[0m [32m INFO[0m [1;32mrch::hook::transfer_orchestration[0m[32m: [32mPrepared dependency sync manifest for 1 roots[0m
    [2;3mat[0m rch/src/hook/transfer_orchestration.rs:493 [2;3mon[0m ThreadId(1)

  [2m2026-09-01T18:07:01.833603Z[0m [32m INFO[0m [1;32mrch::hook::transfer_orchestration[0m[32m: [32mSyncing project to worker hz4...[0m
    [2;3mat[0m rch/src/hook/transfer_orchestration.rs:598 [2;3mon[0m ThreadId(1)

  [2m2026-09-01T18:07:12.501732Z[0m [32m INFO[0m [1;32mrch::hook::transfer_orchestration[0m[32m: [32mSync complete: 0 files, 134379520 bytes in 10143ms[0m
    [2;3mat[0m rch/src/hook/transfer_orchestration.rs:874 [2;3mon[0m ThreadId(1)

  [2m2026-09-01T18:07:12.528575Z[0m [32m INFO[0m [1;32mrch::hook::transfer_orchestration[0m[32m: [32mExecuting command remotely: cargo build --release -j2 -p frankentorch-api --features fair-alloc --example gauntlet_lane_sweep_h2h[0m
    [2;3mat[0m rch/src/hook/transfer_orchestration.rs:934 [2;3mon[0m ThreadId(1)

  [2m2026-09-01T18:07:12.528611Z[0m [32m INFO[0m [1;32mrch::transfer[0m[32m: [32mRewriting CARGO_TARGET_DIR for remote execution (worker-scoped path): /data/tmp/ft-mdsmm-conv2d-delta-rflWyI -> /data/tmp/rch/frankentorch/f3010d321d7f32fb/.rch-target-hz4-pool-6ea70f8026287c16373bbbc2a0b1f290[0m
    [2;3mat[0m rch/src/transfer.rs:1610 [2;3mon[0m ThreadId(1)

    Updating git repository `https://github.com/Dicklesworthstone/rust-block`
    Updating crates.io index
 Downloading crates ...
  Downloaded anes v0.1.6
  Downloaded autocfg v1.5.0
  Downloaded anstyle v1.0.14
  Downloaded cfg-if v1.0.4
  Downloaded ciborium v0.2.2
  Downloaded bytemuck v1.25.2
  Downloaded ciborium-io v0.2.2
  Downloaded mimalloc v0.1.52
  Downloaded aho-corasick v1.1.4
  Downloaded walkdir v2.5.0
  Downloaded bytemuck_derive v1.10.2
  Downloaded crossbeam-deque v0.8.6
  Downloaded itertools v0.10.5
  Downloaded same-file v1.0.6
  Downloaded memchr v2.8.0
  Downloaded cast v0.3.0
  Downloaded itoa v1.0.18
  Downloaded criterion-plot v0.5.0
  Downloaded matrixmultiply v0.3.11
  Downloaded cc v1.2.65
  Downloaded num-complex v0.4.6
  Downloaded serde_core v1.0.229
  Downloaded either v1.15.0
  Downloaded rawpointer v0.2.1
  Downloaded tinytemplate v1.2.1
  Downloaded plotters-backend v0.3.7
  Downloaded is-terminal v0.4.17
  Downloaded ciborium-ll v0.2.2
  Downloaded clap_lex v1.1.0
  Downloaded zmij v1.0.21
  Downloaded plotters-svg v0.3.7
  Downloaded quote v1.0.45
  Downloaded oorandom v11.1.5
  Downloaded crossbeam-epoch v0.9.18
  Downloaded num-traits v0.2.19
  Downloaded unicode-ident v1.0.24
  Downloaded find-msvc-tools v0.1.9
  Downloaded crossbeam-utils v0.8.21
  Downloaded shlex v2.0.1
  Downloaded half v2.7.1
  Downloaded once_cell v1.21.4
  Downloaded serde_derive v1.0.229
  Downloaded proc-macro2 v1.0.106
  Downloaded clap v4.6.1
  Downloaded rayon-core v1.13.0
  Downloaded safe_arch v1.1.0
  Downloaded serde v1.0.229
  Downloaded zerocopy-derive v0.8.48
  Downloaded criterion v0.5.1
  Downloaded rayon v1.12.0
  Downloaded clap_builder v4.6.0
  Downloaded plotters v0.3.7
  Downloaded regex v1.12.3
  Downloaded serde_json v1.0.151
  Downloaded libm v0.2.16
  Downloaded wide v1.6.0
  Downloaded syn v2.0.117
  Downloaded zerocopy v0.8.48
  Downloaded syn v3.0.3
  Downloaded regex-syntax v0.8.10
  Downloaded libmimalloc-sys v0.1.49
  Downloaded regex-automata v0.4.14
  Downloaded libc v0.2.185
   Compiling proc-macro2 v1.0.106
   Compiling unicode-ident v1.0.24
   Compiling quote v1.0.45
   Compiling autocfg v1.5.0
   Compiling zerocopy v0.8.48
   Compiling num-traits v0.2.19
   Compiling syn v2.0.117
   Compiling crossbeam-utils v0.8.21
   Compiling cfg-if v1.0.4
   Compiling crossbeam-epoch v0.9.18
   Compiling either v1.15.0
   Compiling rayon-core v1.13.0
   Compiling crossbeam-deque v0.8.6
   Compiling serde_core v1.0.229
   Compiling bytemuck_derive v1.10.2
   Compiling zerocopy-derive v0.8.48
   Compiling bytemuck v1.25.2
   Compiling num-complex v0.4.6
   Compiling matrixmultiply v0.3.11
   Compiling shlex v2.0.1
   Compiling find-msvc-tools v0.1.9
   Compiling libm v0.2.16
   Compiling cc v1.2.65
   Compiling safe_arch v1.1.0
   Compiling rayon v1.12.0
   Compiling half v2.7.1
   Compiling frankentorch-core v0.1.0 (/data/tmp/rch/frankentorch/f3010d321d7f32fb/crates/ft-core)
   Compiling syn v3.0.3
   Compiling serde v1.0.229
   Compiling zmij v1.0.21
   Compiling rawpointer v0.2.1
   Compiling serde_derive v1.0.229
   Compiling wide v1.6.0
   Compiling libmimalloc-sys v0.1.49
   Compiling libc v0.2.185
   Compiling serde_json v1.0.151
   Compiling frankentorch-kernel-cpu v0.1.1 (/data/tmp/rch/frankentorch/f3010d321d7f32fb/crates/ft-kernel-cpu)
warning: the `must_use` attribute cannot be used on statics
    --> crates/ft-kernel-cpu/src/lib.rs:8906:3
     |
8906 | #[must_use]
     |   ^^^^^^^^
     |
     = help: the `must_use` attribute can be applied to data types, functions, and traits
     = warning: this was previously accepted by the compiler but is being phased out; it will become a hard error in a future release!
     = note: `#[warn(unused_attributes)]` (part of `#[warn(unused)]`) on by default

warning: the `must_use` attribute cannot be used on statics
    --> crates/ft-kernel-cpu/src/lib.rs:9954:3
     |
9954 | #[must_use]
     |   ^^^^^^^^
     |
     = help: the `must_use` attribute can be applied to data types, functions, and traits
     = warning: this was previously accepted by the compiler but is being phased out; it will become a hard error in a future release!

warning: function `eigh_tred2_values_only_full_lower` is never used
     --> crates/ft-kernel-cpu/src/lib.rs:31447:4
      |
31447 | fn eigh_tred2_values_only_full_lower(n: usize, lower: &mut [f64], d: &mut [f64], e: &mut [f64]) {
      |    ^^^^^^^^^^^^^^^^^^^^^^^^^^^^^^^^^
      |
      = note: `#[warn(dead_code)]` (part of `#[warn(unused)]`) on by default

   Compiling clap_lex v1.1.0
   Compiling ciborium-io v0.2.2
   Compiling itoa v1.0.18
   Compiling memchr v2.8.0
   Compiling plotters-backend v0.3.7
   Compiling anstyle v1.0.14
   Compiling regex-syntax v0.8.10
   Compiling regex-automata v0.4.14
   Compiling clap_builder v4.6.0
   Compiling plotters-svg v0.3.7
   Compiling ciborium-ll v0.2.2
   Compiling frankentorch-dispatch v0.1.0 (/data/tmp/rch/frankentorch/f3010d321d7f32fb/crates/ft-dispatch)
   Compiling itertools v0.10.5
   Compiling cast v0.3.0
   Compiling same-file v1.0.6
   Compiling walkdir v2.5.0
   Compiling criterion-plot v0.5.0
   Compiling is-terminal v0.4.17
   Compiling mimalloc v0.1.52
   Compiling frankentorch-autograd v0.1.0 (/data/tmp/rch/frankentorch/f3010d321d7f32fb/crates/ft-autograd)
   Compiling ciborium v0.2.2
   Compiling tinytemplate v1.2.1
   Compiling plotters v0.3.7
   Compiling clap v4.6.1
   Compiling regex v1.12.3
   Compiling frankentorch-runtime v0.1.0 (/data/tmp/rch/frankentorch/f3010d321d7f32fb/crates/ft-runtime)
   Compiling anes v0.1.6
   Compiling oorandom v11.1.5
   Compiling once_cell v1.21.4
   Compiling criterion v0.5.1
   Compiling frankentorch-api v0.1.0 (/data/tmp/rch/frankentorch/f3010d321d7f32fb/crates/ft-api)
warning: unused attribute
   --> crates/ft-api/src/harness_incumbent_bank.rs:362:1
    |
362 | #[must_use]
    | ^^^^^^^^^^^ help: remove this attribute
    |
note: attribute also specified here
   --> crates/ft-api/src/harness_incumbent_bank.rs:355:1
    |
355 | #[must_use]
    | ^^^^^^^^^^^
    = warning: this was previously accepted by the compiler but is being phased out; it will become a hard error in a future release!
    = note: `#[warn(unused_attributes)]` (part of `#[warn(unused)]`) on by default

warning: `frankentorch-kernel-cpu` (lib) generated 3 warnings (run `cargo fix --lib -p frankentorch-kernel-cpu` to apply 2 suggestions)
warning: `frankentorch-api` (lib) generated 1 warning (run `cargo fix --lib -p frankentorch-api` to apply 1 suggestion)
warning: unused doc comment
    --> crates/ft-api/examples/gauntlet_lane_sweep_h2h.rs:1111:1
     |
1111 | / /// conv2d f32 train step — `frankentorch-hi9r6`, item 191. The dtype twin of [`timed_conv2d`],
1112 | | /// and the only lane that can price items 179, 181, 185 and 187.
1113 | | ///
1114 | | /// WHY THIS LANE DID NOT EXIST UNTIL NOW. Item 185e declined to write it because the harness's
...    |
1163 | | /// its route from `conv2d_ones_dout_route`, so passing ones takes the same route the session's
1164 | | /// backward takes rather than a different one.
     | |_----------------------------------------------^
     |   |
     |   rustdoc does not generate documentation for macro invocations
     |
     = help: to document an item produced by a macro, the macro must produce the documentation as part of its expansion
     = note: `#[warn(unused_doc_comments)]` (part of `#[warn(unused)]`) on by default

warning: `frankentorch-api` (example "gauntlet_lane_sweep_h2h") generated 1 warning
    Finished `release` profile [optimized] target(s) in 5m 01s
  [2m2026-09-01T18:12:15.308519Z[0m [32m INFO[0m [1;32mrch::hook::transfer_orchestration[0m[32m: [32mRemote command finished: exit=0 in 302779ms[0m
    [2;3mat[0m rch/src/hook/transfer_orchestration.rs:1066 [2;3mon[0m ThreadId(1)

  [2m2026-09-01T18:12:15.333714Z[0m [32m INFO[0m [1;32mrch::transfer[0m[32m: [32mRetrieving artifacts from /data/tmp/rch/frankentorch/f3010d321d7f32fb/.rch-target-hz4-pool-6ea70f8026287c16373bbbc2a0b1f290 on hz4[0m
    [2;3mat[0m rch/src/transfer.rs:3943 [2;3mon[0m ThreadId(1)

  [2m2026-09-01T18:12:17.694628Z[0m [32m INFO[0m [1;32mrch::transfer[0m[32m: [32mArtifacts retrieved in 2360ms (8 files, 725 bytes)[0m
    [2;3mat[0m rch/src/transfer.rs:3998 [2;3mon[0m ThreadId(1)

  [2m2026-09-01T18:12:17.694653Z[0m [32m INFO[0m [1;32mrch::hook::transfer_orchestration[0m[32m: [32mCustom CARGO_TARGET_DIR artifacts retrieved: 8 files, 725 bytes in 2360ms[0m
    [2;3mat[0m rch/src/hook/transfer_orchestration.rs:1299 [2;3mon[0m ThreadId(1)

[RCH] remote hz4 (332.4s)
[RCH] clean-overlay receipt: base=5093ccf4b2b3cf894b4a5d3bba7e7b08cb47cc0c overlay-fingerprint=fe0d5151031be8fda7951fe7fe1f42f7ce344018fdb3ed21e6ada866b230b195
build_exit=0
executing_elf_sha256=e024e0d6f8b61cff761566274ba87beb0c35b07618174ff6e238f930fbbd6994  /data/tmp/ft-mdsmm-conv2d-delta-rflWyI/release/examples/gauntlet_lane_sweep_h2h

=== STRICT RCH EXECUTION ATTEMPT ===
utc=2026-09-01T18:12:53Z
runtime_command=PYTORCH_PYTHON=/data/tmp/torchvenv-2121/bin/python RAYON_NUM_THREADS=8 FT_H2H_LANES_EXACT=1 FT_H2H_LANES=conv2d,conv2d_masked FT_H2H_REPS=24 FT_H2H_WARMUP=16 FT_H2H_ROUND_WARMUP=0 /data/tmp/ft-mdsmm-conv2d-delta-rflWyI/release/examples/gauntlet_lane_sweep_h2h
e024e0d6f8b61cff761566274ba87beb0c35b07618174ff6e238f930fbbd6994  /data/tmp/ft-mdsmm-conv2d-delta-rflWyI/release/examples/gauntlet_lane_sweep_h2h
REFUSING TO MEASURE: 1 peer measurement process(es) are live.
    1753107  /data/projects/frankenpandas/.venv-oracle/bin/python benches/vs_pandas_harness.py --category io --wo
Guard FAILED — do source work and retry. (overrides: FT_GUARD_MAX_LOAD, FT_GUARD_MAX_IOWAIT, FT_GUARD_SPREAD_FLOOR)
guard_exit=1
runtime_not_launched=guard_refusal
source_surface_vs_claim_base=b82531b2:UNCHANGED
final_log_sha256=99cf18fb4d30fc19f84c3533bcfe29d62225d886115ca00a15cf2c46ed603fbb

=== BOUNDED RETRY GUARD POLLS ===
poll=1 utc=2026-09-01T18:18:26Z
guard PASS: no peer measurement detected, loadavg 8.10/4.95/4.07 (spread 1.01x <= 4x, floor 8.00), iowait 0.1% <= 10%
poll=1 guard_exit=0

=== ADMITTED BANKED H2H RUN ===
utc=2026-09-01T18:18:39Z
runtime_command=PYTORCH_PYTHON=/data/tmp/torchvenv-2121/bin/python RAYON_NUM_THREADS=8 FT_H2H_LANES_EXACT=1 FT_H2H_LANES=conv2d,conv2d_masked FT_H2H_REPS=24 FT_H2H_WARMUP=16 FT_H2H_ROUND_WARMUP=0 /data/tmp/ft-mdsmm-conv2d-delta-rflWyI/release/examples/gauntlet_lane_sweep_h2h
e024e0d6f8b61cff761566274ba87beb0c35b07618174ff6e238f930fbbd6994  /data/tmp/ft-mdsmm-conv2d-delta-rflWyI/release/examples/gauntlet_lane_sweep_h2h
/data/tmp/torchvenv-2121/lib/python3.12/site-packages/torch/_subclasses/functional_tensor.py:362: UserWarning: Failed to initialize NumPy: No module named 'numpy' (Triggered internally at /pytorch/torch/csrc/utils/tensor_numpy.cpp:84.)
  cpu = _conversion_method_template(device=torch.device("cpu"))
executing_elf_sha256=e024e0d6f8b61cff761566274ba87beb0c35b07618174ff6e238f930fbbd6994
incumbent=PyTorch 2.12.1+cpu (self-reported by the arm, same invocation), threads=8
incumbent_rule=a delta whose incumbent arm moved (version, build, or measured time) is NOT a win
measurement_host=thinkstation1 cpu="AMD Ryzen Threadripper PRO 5975WX 32-Cores" isa=x86_64+avx2 governor=powersave rayon_threads=8 online_cpus=64
host_rule=both arms are sampled in ONE invocation on THIS machine; a row measured elsewhere is not comparable to this one, A/A PASS or not
measurement_slot=held [pid=1922207 host=thinkstation1 elf=e024e0d6f8b61cff lanes=conv2d,conv2d_masked]; no other live h2h announcement
concurrent_measurements=none ACTIVE (scanned /proc for other h2h harnesses, criterion benches and torch processes, then measured each candidate's local CPU over 300ms; this run's own incumbent child is excluded)
cpu_mhz min=1429 median=2542 max=4289 spread=3.001x; arms NOT pinned: our 64 rayon threads span every core including any parked at the floor, the incumbent's 8 land wherever the scheduler puts them, so this row's arms are NOT known to have run at comparable clocks
allocator=mimalloc (--features fair-alloc)
measurement=OP WORK ONLY (forward+backward; leaf built outside the timer on BOTH sides)
sampling=balanced-square ABBAABBA (frankentorch-xdw0h); 24 rounds, four live samples per arm per round, torch threads=8
round_warmup=0 (FT_H2H_ROUND_WARMUP; discarded samples per lane per round, BOTH arms). 0 = the board's default: each lane's slot 0 each round arrives cold, which NEGATIVE_EVIDENCE item 147 measured at +20-30% on the summed conv2d lanes

lane          FT(ms)    PT(ms)   standing            PT/FT A/A gates and ratio CI                 parity
lane_filter="conv2d,conv2d_masked" match=exact kept=2 of the full set (frankentorch-68pwz item 58; item 226: substring is the default, FT_H2H_LANES_EXACT=1 narrows it)
lane_count=2 rounds=24 (frankentorch-vyaia: the harness's own load scales with this product; a self-load bound quoted without it cannot be checked later)

CLOCKS DURING SAMPLING (sampled once per lane per round, both arms inside the same round)
  typical core   min 2825 median 3412 max 3434 MHz   (boost/thermal behaviour over time)
  CROSS-CORE SPREAD at one instant   min 1.624x median 3.003x max 3.005x   (how far apart two cores were WHILE we sampled)
  The spread is the number that decides comparability: it is what makes one arm's threads faster than the other's. Compare it against the idle snapshot in the cpu_mhz header line -- if the idle spread is large and this one is small, the cores boosted once work arrived and the clock confound did not bite.
load_series n=26 worst_drift=1.048x endpoint_gate=PASS series_gate=PASS (frankentorch-68pwz item 49: the endpoint pair cannot see a mid-run excursion; a divergence between these two gates IS the finding)
load_1m start=9.23 end=8.81 drift_gate=PASS (frankentorch-2h8vi; the signal is DRIFT in either direction, not level — a steady busy host is measurable, a host that moves under the measurement is not)
self_load DIRECT=69.69 (both arms burned 141.9 CPU-seconds over window=2s at lane_count=2 rounds=24) — measured on our own /proc accounting, so a peer's compile contributes nothing to it. Compare against frankentorch-5q3io's ~+0.62, which was inferred from loadavg deltas at an unrecorded lane count (frankentorch-vyaia acceptance item 2).
self_load rise=+0.00 (start 9.23 -> peak 9.23) over window=2s at lane_count=2 rounds=24 — loadavg is a 1-minute EWMA, so this window could show at most 3% of any sustained step (frankentorch-vyaia: measured, not assumed)
self_load NOT INTERPRETABLE: a 2s window is shorter than the loadavg time constant, so this rise is a floor and a +0.00 is not evidence of anything. If the whole rise were ours and sustained it would imply 0.00. Re-derive the bound on a FULL sweep — the configuration every banked row and frankentorch-5q3io's stale ~+0.62 were taken under (frankentorch-vyaia).
  conv2d          2.858    2.693   FT 1.06x SLOWER     PT PASS [0.935,1.124] FT OFFSET [0.946,1.032] ratio 0.942 [0.878,1.026] match incumbent=SINGLE/n4
  incumbent_mode lane=conv2d drawn=2.693 ms  SINGLE LEVEL (n=4, median 2.699, range [2.653, 2.950], spread 1.11x) — no second level banked for this lane, so this row is comparable to the other 3. The bank spans 46s — under an hour, so these are ONE session's draws, and a single-level verdict from them is WEAK: the level this lane sits at has been observed to differ BETWEEN sessions, which a bank this narrow cannot see.
    NULL-FAILED: incumbent 0.998, FrankenTorch 0.979; each must be within +/-0.02 of 1.0 and carry a calm CI; do not quote this row
      ROUNDS MAY CLEAR IT: worst null is 0.021 off 1.0 against a +/-0.02 band, which is sampling noise rather than a moving host. The null is a ratio of per-round medians, so try FT_H2H_REPS=48 (item 193c walked 16 -> 32 -> 64 to PASS at loadavg 22-35).
    slot0/median(slot1..3) = 0.969 (our arm, per-round median over 24 rounds)
    MIN-ESTIMATOR FT 1.34x SLOWER     ratio 0.747 [0.669,0.839]  PT null 1.126 FAIL  FT null 0.978 FAIL  not quotable
  conv2d_masked    5.152    2.839   FT 1.81x SLOWER     PT OFFSET [0.973,1.109] FT OFFSET [0.975,1.091] ratio 0.551 [0.521,0.573] match incumbent=SINGLE/n4
  incumbent_mode lane=conv2d_masked drawn=2.839 ms  SINGLE LEVEL (n=4, median 2.921, range [2.839, 3.148], spread 1.11x) — no second level banked for this lane, so this row is comparable to the other 3. The bank spans 46s — under an hour, so these are ONE session's draws, and a single-level verdict from them is WEAK: the level this lane sits at has been observed to differ BETWEEN sessions, which a bank this narrow cannot see.
    NULL-FAILED: incumbent 1.020, FrankenTorch 1.025; each must be within +/-0.02 of 1.0 and carry a calm CI; do not quote this row
      ROUNDS MAY CLEAR IT: worst null is 0.025 off 1.0 against a +/-0.02 band, which is sampling noise rather than a moving host. The null is a ratio of per-round medians, so try FT_H2H_REPS=48 (item 193c walked 16 -> 32 -> 64 to PASS at loadavg 22-35).
    slot0/median(slot1..3) = 0.998 (our arm, per-round median over 24 rounds)
    MIN-ESTIMATOR FT 2.37x SLOWER     ratio 0.423 [0.381,0.465]  PT null 1.012 PASS  FT null 1.033 FAIL  not quotable

Quote a lane only if both A/A gates say PASS, their point estimates are within +/-0.02 of 1.0, and parity is `match`. WIDE means the null's
CI exceeded 0.60 — the sample was too noisy to support ANY verdict, so the row is
undecidable rather than a win or a loss (frankentorch-8ieqm). Op-work ratios are NOT
comparable to the gauntlet's whole-step ratios, which include each lane's input rebuild.

buffer_pool: hits=112 misses=0 parked=64 buffers / 133.7 MiB

GROUP_NORM f32 KERNEL BREAKDOWN (FrankenTorch-internal attribution, min of 9; NOT a ratio)
  numel=6422528  groups=32  cpg=2  spatial=3136  rayon_threads=8
  forward_f32                 1.949 ms   schedule PARALLEL: 1024 groups; the numel-only gate (6422528 vs NORM_FWD_PARALLEL_MIN 524288) would have said PARALLEL
  forward_f32 SERIAL         20.348 ms   same kernel, schedule forced off, interleaved rep-by-rep (sentinel for the _serialfwd lane)
  sum_tensor_contiguous_f32   0.571 ms
  backward_scalar_f32         4.055 ms   (cpg==2 path, unconditionally parallel)
  total                       6.575 ms
  ---- same three kernels, one timed step, two estimators (frankentorch-59kjf) ----
  step min of 40               7.294 ms   comparable to the per-kernel figures above
  step lane estimator         7.746 ms   median of 4 per round, then median over 10 rounds
  estimator ratio             1.062x  (lane estimator / min; if this alone reaches ~2.4x the lane's missing 57% is the ESTIMATOR, not allocation)
  ---- one group's reduction, sequential vs 8 accumulators (frankentorch-zv1y1) ----
  reduce sequential           5.029 us   6272 elems, one dependency chain — what every statistic pass costs today
  reduce 8 accumulators       0.611 us   same data, same rep, chain broken 8 ways
  reduction headroom          8.231x  (NOT bit-exact: reassociation moves mean/rstd/output by an ULP; this prices the tolerance question, it does not answer it)

MAX_POOL3D KERNEL BREAKDOWN (FrankenTorch-internal attribution, min of 9; NOT a ratio)
  input numel=1048576  output numel=131072  kernel 2x2x2 stride 2x2x2  rayon_threads=8
  forward_with_indices_f64     0.301 ms   reads 1048576 elems, 8 comparisons per output
  backward NONOVERLAPPING      0.456 ms   the route ft-api actually takes (kernel == stride); scatters 131072 values into a dense 1048576-element buffer
  backward generic scatter     0.417 ms   same data, same rep, bit-identical output — what the specialisation buys
  total on the live route      0.757 ms
runtime_exit=0
run_classification=NO_VERDICT; reason=both conv2d lanes NULL-FAILED A/A, harness instructs do not quote row
run_completed_utc=2026-09-01T18:19:16Z
