timing_command=scripts/measurement_window_guard.sh && PYTORCH_PYTHON=/data/tmp/torchvenv-2121/bin/python RAYON_NUM_THREADS=8 FT_H2H_LANES_EXACT=1 FT_H2H_LANES=conv2d,conv2d_masked FT_H2H_REPS=24 FT_H2H_WARMUP=16 <clean-overlay-elf> (FT_H2H_ROUND_WARMUP unset = 0)
source_base=ba1fe6270da6b5cfa894e1c83d97bbb082689f22
runtime_head=2487ad3731e21cbf6b99e81768e690bc5f9fd549
e10b13ec7710c414fff90ea6f46f3e79a9ca1b6035b174a473d0326d7f9c35fb  /data/tmp/ft-torch3-conv3d-ba1/release/examples/gauntlet_lane_sweep_h2h
guard PASS: no peer measurement detected, loadavg 5.44/4.61/3.49 (spread 1.00x <= 4x, floor 8.00), iowait 0.0% <= 10%
guard_exit=0
/data/tmp/torchvenv-2121/lib/python3.12/site-packages/torch/_subclasses/functional_tensor.py:362: UserWarning: Failed to initialize NumPy: No module named 'numpy' (Triggered internally at /pytorch/torch/csrc/utils/tensor_numpy.cpp:84.)
  cpu = _conversion_method_template(device=torch.device("cpu"))
executing_elf_sha256=e10b13ec7710c414fff90ea6f46f3e79a9ca1b6035b174a473d0326d7f9c35fb
incumbent=PyTorch 2.12.1+cpu (self-reported by the arm, same invocation), threads=8
incumbent_rule=a delta whose incumbent arm moved (version, build, or measured time) is NOT a win
measurement_host=thinkstation1 cpu="AMD Ryzen Threadripper PRO 5975WX 32-Cores" isa=x86_64+avx2 governor=powersave rayon_threads=8 online_cpus=64
host_rule=both arms are sampled in ONE invocation on THIS machine; a row measured elsewhere is not comparable to this one, A/A PASS or not
measurement_slot=held [pid=1893266 host=thinkstation1 elf=e10b13ec7710c414 lanes=conv2d,conv2d_masked]; no other live h2h announcement
concurrent_measurements=none ACTIVE (scanned /proc for other h2h harnesses, criterion benches and torch processes, then measured each candidate's local CPU over 300ms; this run's own incumbent child is excluded)
cpu_mhz min=1429 median=1429 max=4292 spread=3.004x; arms NOT pinned: our 64 rayon threads span every core including any parked at the floor, the incumbent's 8 land wherever the scheduler puts them, so this row's arms are NOT known to have run at comparable clocks
allocator=mimalloc (--features fair-alloc)
measurement=OP WORK ONLY (forward+backward; leaf built outside the timer on BOTH sides)
sampling=balanced-square ABBAABBA (frankentorch-xdw0h); 24 rounds, four live samples per arm per round, torch threads=8
round_warmup=0 (FT_H2H_ROUND_WARMUP; discarded samples per lane per round, BOTH arms). 0 = the board's default: each lane's slot 0 each round arrives cold, which NEGATIVE_EVIDENCE item 147 measured at +20-30% on the summed conv2d lanes

lane          FT(ms)    PT(ms)   standing            PT/FT A/A gates and ratio CI                 parity
lane_filter="conv2d,conv2d_masked" match=exact kept=2 of the full set (frankentorch-68pwz item 58; item 226: substring is the default, FT_H2H_LANES_EXACT=1 narrows it)
lane_count=2 rounds=24 (frankentorch-vyaia: the harness's own load scales with this product; a self-load bound quoted without it cannot be checked later)

CLOCKS DURING SAMPLING (sampled once per lane per round, both arms inside the same round)
  typical core   min 1429 median 1853 max 3431 MHz   (boost/thermal behaviour over time)
  CROSS-CORE SPREAD at one instant   min 3.001x median 3.004x max 3.007x   (how far apart two cores were WHILE we sampled)
  The spread is the number that decides comparability: it is what makes one arm's threads faster than the other's. Compare it against the idle snapshot in the cpu_mhz header line -- if the idle spread is large and this one is small, the cores boosted once work arrived and the clock confound did not bite.
load_series n=26 worst_drift=1.033x endpoint_gate=PASS series_gate=PASS (frankentorch-68pwz item 49: the endpoint pair cannot see a mid-run excursion; a divergence between these two gates IS the finding)
load_1m start=6.39 end=6.60 drift_gate=PASS (frankentorch-2h8vi; the signal is DRIFT in either direction, not level — a steady busy host is measurable, a host that moves under the measurement is not)
self_load DIRECT=65.05 (both arms burned 125.5 CPU-seconds over window=2s at lane_count=2 rounds=24) — measured on our own /proc accounting, so a peer's compile contributes nothing to it. Compare against frankentorch-5q3io's ~+0.62, which was inferred from loadavg deltas at an unrecorded lane count (frankentorch-vyaia acceptance item 2).
self_load rise=+0.21 (start 6.39 -> peak 6.60) over window=2s at lane_count=2 rounds=24 — loadavg is a 1-minute EWMA, so this window could show at most 3% of any sustained step (frankentorch-vyaia: measured, not assumed)
self_load NOT INTERPRETABLE: a 2s window is shorter than the loadavg time constant, so this rise is a floor and a +0.00 is not evidence of anything. If the whole rise were ours and sustained it would imply 6.63. Re-derive the bound on a FULL sweep — the configuration every banked row and frankentorch-5q3io's stale ~+0.62 were taken under (frankentorch-vyaia).
  conv2d          2.398    3.054   FT 1.27x FASTER     PT OFFSET [0.952,1.221] FT OFFSET [0.856,1.051] ratio 1.274 [1.107,1.574] match
    NULL-FAILED: incumbent 1.119, FrankenTorch 0.942; each must be within +/-0.02 of 1.0 and carry a calm CI; do not quote this row
    slot0/median(slot1..3) = 1.066 (our arm, per-round median over 24 rounds) <- the round's FIRST sample is COLD; NEGATIVE_EVIDENCE item 147. Re-run with FT_H2H_ROUND_WARMUP=1 to see whether the null follows it
    MIN-ESTIMATOR FT 1.17x FASTER     ratio 1.173 [0.986,1.456]  PT null 1.067 FAIL  FT null 0.893 FAIL  not quotable
  conv2d_masked    4.522    3.235   FT 1.40x SLOWER     PT PASS [0.906,1.097] FT OFFSET [0.879,1.048] ratio 0.715 [0.628,0.814] match
    NULL-FAILED: incumbent 0.991, FrankenTorch 0.973; each must be within +/-0.02 of 1.0 and carry a calm CI; do not quote this row
      ROUNDS MAY CLEAR IT: worst null is 0.027 off 1.0 against a +/-0.02 band, which is sampling noise rather than a moving host. The null is a ratio of per-round medians, so try FT_H2H_REPS=48 (item 193c walked 16 -> 32 -> 64 to PASS at loadavg 22-35).
    slot0/median(slot1..3) = 1.030 (our arm, per-round median over 24 rounds) <- the round's FIRST sample is COLD; NEGATIVE_EVIDENCE item 147. Re-run with FT_H2H_ROUND_WARMUP=1 to see whether the null follows it
    MIN-ESTIMATOR FT 1.68x SLOWER     ratio 0.596 [0.505,0.791]  PT null 0.990 PASS  FT null 0.991 PASS  QUOTABLE under the min estimator

Quote a lane only if both A/A gates say PASS, their point estimates are within +/-0.02 of 1.0, and parity is `match`. WIDE means the null's
CI exceeded 0.60 — the sample was too noisy to support ANY verdict, so the row is
undecidable rather than a win or a loss (frankentorch-8ieqm). Op-work ratios are NOT
comparable to the gauntlet's whole-step ratios, which include each lane's input rebuild.

buffer_pool: hits=112 misses=0 parked=64 buffers / 133.7 MiB

GROUP_NORM f32 KERNEL BREAKDOWN (FrankenTorch-internal attribution, min of 9; NOT a ratio)
  numel=6422528  groups=32  cpg=2  spatial=3136  rayon_threads=8
  forward_f32                 1.799 ms   schedule PARALLEL: 1024 groups; the numel-only gate (6422528 vs NORM_FWD_PARALLEL_MIN 524288) would have said PARALLEL
  forward_f32 SERIAL         22.766 ms   same kernel, schedule forced off, interleaved rep-by-rep (sentinel for the _serialfwd lane)
  sum_tensor_contiguous_f32   0.638 ms
  backward_scalar_f32         3.994 ms   (cpg==2 path, unconditionally parallel)
  total                       6.431 ms
  ---- same three kernels, one timed step, two estimators (frankentorch-59kjf) ----
  step min of 40               6.300 ms   comparable to the per-kernel figures above
  step lane estimator         7.446 ms   median of 4 per round, then median over 10 rounds
  estimator ratio             1.182x  (lane estimator / min; if this alone reaches ~2.4x the lane's missing 57% is the ESTIMATOR, not allocation)
  ---- one group's reduction, sequential vs 8 accumulators (frankentorch-zv1y1) ----
  reduce sequential           5.581 us   6272 elems, one dependency chain — what every statistic pass costs today
  reduce 8 accumulators       0.701 us   same data, same rep, chain broken 8 ways
  reduction headroom          7.961x  (NOT bit-exact: reassociation moves mean/rstd/output by an ULP; this prices the tolerance question, it does not answer it)

MAX_POOL3D KERNEL BREAKDOWN (FrankenTorch-internal attribution, min of 9; NOT a ratio)
  input numel=1048576  output numel=131072  kernel 2x2x2 stride 2x2x2  rayon_threads=8
  forward_with_indices_f64     0.263 ms   reads 1048576 elems, 8 comparisons per output
  backward NONOVERLAPPING      1.197 ms   the route ft-api actually takes (kernel == stride); scatters 131072 values into a dense 1048576-element buffer
  backward generic scatter     0.360 ms   same data, same rep, bit-identical output — what the specialisation buys
  total on the live route      1.460 ms
