=== POST-UGREP-GUARD-FIX BANKED CONV2D COMPLETE VERIFY ===
utc=2026-09-01T19:10:37Z
head=e320cc561f50f707be59e3d6ee4bf8e3277d989f
harness_source_vs_banked_base_5093ccf=UNCHANGED; current_guard_commit=e320cc56
banked_build=RCH_REQUIRE_REMOTE=1 rch exec --no-self-healing --base 5093ccf4b2b3cf894b4a5d3bba7e7b08cb47cc0c --clean-overlay --no-overlay -- cargo build --release -j2 -p frankentorch-api --features fair-alloc --example gauntlet_lane_sweep_h2h; remote=hz4; overlay_fingerprint=fe0d5151031be8fda7951fe7fe1f42f7ce344018fdb3ed21e6ada866b230b195; exit=0
e024e0d6f8b61cff761566274ba87beb0c35b07618174ff6e238f930fbbd6994  /data/tmp/ft-mdsmm-conv2d-delta-rflWyI/release/examples/gauntlet_lane_sweep_h2h
runtime_command=PYTORCH_PYTHON=/data/tmp/torchvenv-2121/bin/python RAYON_NUM_THREADS=8 FT_H2H_LANES_EXACT=1 FT_H2H_LANES=conv2d,conv2d_masked FT_H2H_REPS=24 FT_H2H_WARMUP=16 FT_H2H_ROUND_WARMUP=0 /data/tmp/ft-mdsmm-conv2d-delta-rflWyI/release/examples/gauntlet_lane_sweep_h2h
guard_command=scripts/measurement_window_guard.sh --max-load 35
REFUSING TO MEASURE: 2 peer measurement process(es) are live.
    3826280  /data/projects/frankenpandas/.venv-oracle/bin/python benches/vs_pandas_harness.py --category io --wo
    4075075  /data/projects/.scratch/blackthrush/fp-bench-uncachedlane --category io --workload csv_read_uncached
Guard FAILED — do source work and retry. (overrides: FT_GUARD_MAX_LOAD, FT_GUARD_MAX_IOWAIT, FT_GUARD_SPREAD_FLOOR)
poll=1 guard_exit=1
poll=2 utc=2026-09-01T19:14:08Z
guard PASS: no peer measurement detected, loadavg 14.90/18.19/15.80 (spread 1.22x <= 4x, floor 8.00), iowait 0.3% <= 10%
poll=2 guard_exit=0

=== ADMITTED POST-GUARD-FIX H2H RUN ===
utc=2026-09-01T19:14:19Z
e024e0d6f8b61cff761566274ba87beb0c35b07618174ff6e238f930fbbd6994  /data/tmp/ft-mdsmm-conv2d-delta-rflWyI/release/examples/gauntlet_lane_sweep_h2h
/data/tmp/torchvenv-2121/lib/python3.12/site-packages/torch/_subclasses/functional_tensor.py:362: UserWarning: Failed to initialize NumPy: No module named 'numpy' (Triggered internally at /pytorch/torch/csrc/utils/tensor_numpy.cpp:84.)
  cpu = _conversion_method_template(device=torch.device("cpu"))
executing_elf_sha256=e024e0d6f8b61cff761566274ba87beb0c35b07618174ff6e238f930fbbd6994
incumbent=PyTorch 2.12.1+cpu (self-reported by the arm, same invocation), threads=8
incumbent_rule=a delta whose incumbent arm moved (version, build, or measured time) is NOT a win
measurement_host=thinkstation1 cpu="AMD Ryzen Threadripper PRO 5975WX 32-Cores" isa=x86_64+avx2 governor=powersave rayon_threads=8 online_cpus=64
host_rule=both arms are sampled in ONE invocation on THIS machine; a row measured elsewhere is not comparable to this one, A/A PASS or not
measurement_slot=held [pid=4181628 host=thinkstation1 elf=e024e0d6f8b61cff lanes=conv2d,conv2d_masked]; no other live h2h announcement
concurrent_measurements=1 DETECTED: h2h-harness[4164327] 283% — another process was sampling inside this window AND burning local CPU, so BOTH runs' arms are contended and NEITHER is quotable however its gates read. The drift gate cannot see this: it measures stability, and a uniformly overloaded host is stable.
concurrent_measurements_idle=1 (matched by name, burning no local CPU — shell wrappers, and rch clients whose bench runs on a remote worker; reported, not voiding): h2h-harness[4182022] 0%
cpu_mhz min=1429 median=2946 max=4292 spread=3.003x; arms NOT pinned: our 64 rayon threads span every core including any parked at the floor, the incumbent's 8 land wherever the scheduler puts them, so this row's arms are NOT known to have run at comparable clocks
allocator=mimalloc (--features fair-alloc)
measurement=OP WORK ONLY (forward+backward; leaf built outside the timer on BOTH sides)
sampling=balanced-square ABBAABBA (frankentorch-xdw0h); 24 rounds, four live samples per arm per round, torch threads=8
round_warmup=0 (FT_H2H_ROUND_WARMUP; discarded samples per lane per round, BOTH arms). 0 = the board's default: each lane's slot 0 each round arrives cold, which NEGATIVE_EVIDENCE item 147 measured at +20-30% on the summed conv2d lanes

lane          FT(ms)    PT(ms)   standing            PT/FT A/A gates and ratio CI                 parity
lane_filter="conv2d,conv2d_masked" match=exact kept=2 of the full set (frankentorch-68pwz item 58; item 226: substring is the default, FT_H2H_LANES_EXACT=1 narrows it)
lane_count=2 rounds=24 (frankentorch-vyaia: the harness's own load scales with this product; a self-load bound quoted without it cannot be checked later)

CLOCKS DURING SAMPLING (sampled once per lane per round, both arms inside the same round)
  typical core   min 2515 median 3422 max 4213 MHz   (boost/thermal behaviour over time)
  CROSS-CORE SPREAD at one instant   min 2.934x median 3.004x max 3.007x   (how far apart two cores were WHILE we sampled)
  The spread is the number that decides comparability: it is what makes one arm's threads faster than the other's. Compare it against the idle snapshot in the cpu_mhz header line -- if the idle spread is large and this one is small, the cores boosted once work arrived and the clock confound did not bite.
load_series n=26 worst_drift=1.022x endpoint_gate=PASS series_gate=PASS (frankentorch-68pwz item 49: the endpoint pair cannot see a mid-run excursion; a divergence between these two gates IS the finding)
load_1m start=19.03 end=18.62 drift_gate=PASS (frankentorch-2h8vi; the signal is DRIFT in either direction, not level — a steady busy host is measurable, a host that moves under the measurement is not)
self_load DIRECT=65.89 (both arms burned 157.4 CPU-seconds over window=2s at lane_count=2 rounds=24) — measured on our own /proc accounting, so a peer's compile contributes nothing to it. Compare against frankentorch-5q3io's ~+0.62, which was inferred from loadavg deltas at an unrecorded lane count (frankentorch-vyaia acceptance item 2).
self_load rise=+0.00 (start 19.03 -> peak 19.03) over window=2s at lane_count=2 rounds=24 — loadavg is a 1-minute EWMA, so this window could show at most 4% of any sustained step (frankentorch-vyaia: measured, not assumed)
self_load NOT INTERPRETABLE: a 2s window is shorter than the loadavg time constant, so this rise is a floor and a +0.00 is not evidence of anything. If the whole rise were ours and sustained it would imply 0.00. Re-derive the bound on a FULL sweep — the configuration every banked row and frankentorch-5q3io's stale ~+0.62 were taken under (frankentorch-vyaia).
  conv2d          2.707    3.133   FT 1.16x FASTER     PT OFFSET [0.916,1.154] FT PASS [0.954,1.087] ratio 1.158 [1.084,1.265] match incumbent=SINGLE/n12
  incumbent_mode lane=conv2d drawn=3.133 ms  SINGLE LEVEL (n=12, median 2.979, range [2.347, 3.534], spread 1.51x) — no second level banked for this lane, so this row is comparable to the other 11. The bank spans 0.1 days.
    NULL-FAILED: incumbent 1.028, FrankenTorch 0.994; each must be within +/-0.02 of 1.0 and carry a calm CI; do not quote this row
      ROUNDS MAY CLEAR IT: worst null is 0.028 off 1.0 against a +/-0.02 band, which is sampling noise rather than a moving host. The null is a ratio of per-round medians, so try FT_H2H_REPS=48 (item 193c walked 16 -> 32 -> 64 to PASS at loadavg 22-35).
    slot0/median(slot1..3) = 1.035 (our arm, per-round median over 24 rounds) <- the round's FIRST sample is COLD; NEGATIVE_EVIDENCE item 147. Re-run with FT_H2H_ROUND_WARMUP=1 to see whether the null follows it
    MIN-ESTIMATOR FT 1.12x SLOWER     ratio 0.895 [0.812,1.046]  PT null 1.203 FAIL  FT null 0.976 FAIL  not quotable
  conv2d_masked    5.261    3.799   FT 1.38x SLOWER     PT PASS [0.875,1.167] FT PASS [0.916,1.050] ratio 0.722 [0.650,0.781] match incumbent=SINGLE/n12
  incumbent_mode lane=conv2d_masked drawn=3.799 ms  SINGLE LEVEL (n=12, median 3.155, range [2.693, 3.799], spread 1.41x) — no second level banked for this lane, so this row is comparable to the other 11. The bank spans 0.1 days.
    slot0/median(slot1..3) = 1.028 (our arm, per-round median over 24 rounds) <- the round's FIRST sample is COLD; NEGATIVE_EVIDENCE item 147. Re-run with FT_H2H_ROUND_WARMUP=1 to see whether the null follows it
    MIN-ESTIMATOR FT 1.77x SLOWER     ratio 0.564 [0.462,0.656]  PT null 1.106 FAIL  FT null 0.990 PASS  not quotable

Quote a lane only if both A/A gates say PASS, their point estimates are within +/-0.02 of 1.0, and parity is `match`. WIDE means the null's
CI exceeded 0.60 — the sample was too noisy to support ANY verdict, so the row is
undecidable rather than a win or a loss (frankentorch-8ieqm). Op-work ratios are NOT
comparable to the gauntlet's whole-step ratios, which include each lane's input rebuild.

buffer_pool: hits=112 misses=0 parked=64 buffers / 133.7 MiB

GROUP_NORM f32 KERNEL BREAKDOWN (FrankenTorch-internal attribution, min of 9; NOT a ratio)
  numel=6422528  groups=32  cpg=2  spatial=3136  rayon_threads=8
  forward_f32                 1.841 ms   schedule PARALLEL: 1024 groups; the numel-only gate (6422528 vs NORM_FWD_PARALLEL_MIN 524288) would have said PARALLEL
  forward_f32 SERIAL         21.498 ms   same kernel, schedule forced off, interleaved rep-by-rep (sentinel for the _serialfwd lane)
  sum_tensor_contiguous_f32   0.566 ms
  backward_scalar_f32         3.886 ms   (cpg==2 path, unconditionally parallel)
  total                       6.292 ms
  ---- same three kernels, one timed step, two estimators (frankentorch-59kjf) ----
  step min of 40               6.480 ms   comparable to the per-kernel figures above
  step lane estimator         8.177 ms   median of 4 per round, then median over 10 rounds
  estimator ratio             1.262x  (lane estimator / min; if this alone reaches ~2.4x the lane's missing 57% is the ESTIMATOR, not allocation)
  ---- one group's reduction, sequential vs 8 accumulators (frankentorch-zv1y1) ----
  reduce sequential           4.900 us   6272 elems, one dependency chain — what every statistic pass costs today
  reduce 8 accumulators       0.571 us   same data, same rep, chain broken 8 ways
  reduction headroom          8.581x  (NOT bit-exact: reassociation moves mean/rstd/output by an ULP; this prices the tolerance question, it does not answer it)

MAX_POOL3D KERNEL BREAKDOWN (FrankenTorch-internal attribution, min of 9; NOT a ratio)
  input numel=1048576  output numel=131072  kernel 2x2x2 stride 2x2x2  rayon_threads=8
  forward_with_indices_f64     0.347 ms   reads 1048576 elems, 8 comparisons per output
  backward NONOVERLAPPING      0.584 ms   the route ft-api actually takes (kernel == stride); scatters 131072 values into a dense 1048576-element buffer
  backward generic scatter     0.489 ms   same data, same rep, bit-identical output — what the specialisation buys
  total on the live route      0.931 ms
runtime_exit=0
run_classification=NO_VERDICT; reason=concurrent h2h detected during sampling; plain default A/A also NULL-FAILED
classification_utc=2026-09-01T19:14:55Z
