timing_command=RCH_REQUIRE_REMOTE=1 RCH_VISIBILITY=summary RCH_ENV_ALLOWLIST=FT_H2H_LANES_EXACT,FT_H2H_LANES,FT_H2H_REPS,FT_H2H_WARMUP,FT_H2H_ROUND_WARMUP,RAYON_NUM_THREADS FT_H2H_LANES_EXACT=1 FT_H2H_LANES=conv2d_xl,conv2d_xl_masked FT_H2H_REPS=24 FT_H2H_WARMUP=16 FT_H2H_ROUND_WARMUP=1 RAYON_NUM_THREADS=8 rch exec --no-self-healing --base ba1fe6270da6b5cfa894e1c83d97bbb082689f22 --clean-overlay --no-overlay -- cargo run --release -j2 -p frankentorch-api --example gauntlet_lane_sweep_h2h
  [2m2026-09-01T14:39:54.837555Z[0m [32m INFO[0m [1;32mrch::self_healing[0m[32m: [32mCLI self-healing overrides active, [1;32moverrides[0m[32m: ["--no-self-healing"][0m
    [2;3mat[0m rch/src/main.rs:2005 [2;3mon[0m ThreadId(1)

  [2m2026-09-01T14:40:06.270482Z[0m [32m INFO[0m [1;32mrch::hook[0m[32m: [32mSelected worker: hz4 at ubuntu@194.163.156.231 (12 slots remaining after reservation, speed 76.4)[0m
    [2;3mat[0m rch/src/hook.rs:2529 [2;3mon[0m ThreadId(1)

  [2m2026-09-01T14:40:06.318692Z[0m [32m INFO[0m [1;32mrch::hook::transfer_orchestration[0m[32m: [32mStarting remote compilation pipeline for frankentorch (hash: e9d29259cb6bc9f9)[0m
    [2;3mat[0m rch/src/hook/transfer_orchestration.rs:471 [2;3mon[0m ThreadId(1)

  [2m2026-09-01T14:40:06.318713Z[0m [32m INFO[0m [1;32mrch::hook::transfer_orchestration[0m[32m: [32mPrepared dependency sync manifest for 1 roots[0m
    [2;3mat[0m rch/src/hook/transfer_orchestration.rs:493 [2;3mon[0m ThreadId(1)

  [2m2026-09-01T14:40:08.693371Z[0m [32m INFO[0m [1;32mrch::hook::transfer_orchestration[0m[32m: [32mSyncing project to worker hz4...[0m
    [2;3mat[0m rch/src/hook/transfer_orchestration.rs:598 [2;3mon[0m ThreadId(1)

  [2m2026-09-01T14:40:24.971601Z[0m [32m INFO[0m [1;32mrch::hook::transfer_orchestration[0m[32m: [32mSync complete: 0 files, 133888000 bytes in 15771ms[0m
    [2;3mat[0m rch/src/hook/transfer_orchestration.rs:874 [2;3mon[0m ThreadId(1)

  [2m2026-09-01T14:40:24.998337Z[0m [32m INFO[0m [1;32mrch::hook::transfer_orchestration[0m[32m: [32mExecuting command remotely: cargo run --release -j2 -p frankentorch-api --example gauntlet_lane_sweep_h2h[0m
    [2;3mat[0m rch/src/hook/transfer_orchestration.rs:934 [2;3mon[0m ThreadId(1)

  [2m2026-09-01T14:40:24.998387Z[0m [32m INFO[0m [1;32mrch::transfer[0m[32m: [32mRewriting CARGO_TARGET_DIR for remote execution (worker-scoped path): /data/tmp/cargo-target -> /data/tmp/rch/frankentorch/e9d29259cb6bc9f9/.rch-target-hz4-pool-f9267e1ec5d1223616a90f276787c4af[0m
    [2;3mat[0m rch/src/transfer.rs:1610 [2;3mon[0m ThreadId(1)

    Updating git repository `https://github.com/Dicklesworthstone/rust-block`
    Updating crates.io index
 Downloading crates ...
  Downloaded cast v0.3.0
  Downloaded anes v0.1.6
  Downloaded ciborium v0.2.2
  Downloaded autocfg v1.5.0
  Downloaded bytemuck v1.25.2
  Downloaded cfg-if v1.0.4
  Downloaded anstyle v1.0.14
  Downloaded bytemuck_derive v1.10.2
  Downloaded memchr v2.8.0
  Downloaded aho-corasick v1.1.4
  Downloaded ciborium-ll v0.2.2
  Downloaded clap_lex v1.1.0
  Downloaded crossbeam-utils v0.8.21
  Downloaded unicode-ident v1.0.24
  Downloaded rayon-core v1.13.0
  Downloaded once_cell v1.21.4
  Downloaded itoa v1.0.18
  Downloaded same-file v1.0.6
  Downloaded ciborium-io v0.2.2
  Downloaded clap_builder v4.6.0
  Downloaded quote v1.0.45
  Downloaded tinytemplate v1.2.1
  Downloaded oorandom v11.1.5
  Downloaded either v1.15.0
  Downloaded num-complex v0.4.6
  Downloaded plotters-backend v0.3.7
  Downloaded plotters-svg v0.3.7
  Downloaded walkdir v2.5.0
  Downloaded is-terminal v0.4.17
  Downloaded criterion-plot v0.5.0
  Downloaded zmij v1.0.21
  Downloaded matrixmultiply v0.3.11
  Downloaded serde_core v1.0.229
  Downloaded rawpointer v0.2.1
  Downloaded half v2.7.1
  Downloaded crossbeam-deque v0.8.6
  Downloaded proc-macro2 v1.0.106
  Downloaded serde_derive v1.0.229
  Downloaded clap v4.6.1
  Downloaded crossbeam-epoch v0.9.18
  Downloaded num-traits v0.2.19
  Downloaded plotters v0.3.7
  Downloaded serde_json v1.0.151
  Downloaded zerocopy-derive v0.8.48
  Downloaded criterion v0.5.1
  Downloaded serde v1.0.229
  Downloaded safe_arch v1.1.0
  Downloaded itertools v0.10.5
  Downloaded wide v1.6.0
  Downloaded rayon v1.12.0
  Downloaded regex v1.12.3
  Downloaded libm v0.2.16
  Downloaded regex-syntax v0.8.10
  Downloaded syn v3.0.3
  Downloaded zerocopy v0.8.48
  Downloaded syn v2.0.117
  Downloaded regex-automata v0.4.14
  Downloaded libc v0.2.185
   Compiling proc-macro2 v1.0.106
   Compiling unicode-ident v1.0.24
   Compiling quote v1.0.45
   Compiling autocfg v1.5.0
   Compiling zerocopy v0.8.48
   Compiling num-traits v0.2.19
   Compiling syn v2.0.117
   Compiling crossbeam-utils v0.8.21
   Compiling cfg-if v1.0.4
   Compiling crossbeam-epoch v0.9.18
   Compiling rayon-core v1.13.0
   Compiling either v1.15.0
   Compiling crossbeam-deque v0.8.6
   Compiling serde_core v1.0.229
   Compiling bytemuck_derive v1.10.2
   Compiling bytemuck v1.25.2
   Compiling zerocopy-derive v0.8.48
   Compiling num-complex v0.4.6
   Compiling matrixmultiply v0.3.11
   Compiling libm v0.2.16
   Compiling safe_arch v1.1.0
   Compiling half v2.7.1
   Compiling frankentorch-core v0.1.0 (/data/tmp/rch/frankentorch/e9d29259cb6bc9f9/crates/ft-core)
   Compiling rayon v1.12.0
   Compiling syn v3.0.3
   Compiling serde v1.0.229
   Compiling rawpointer v0.2.1
   Compiling zmij v1.0.21
   Compiling serde_derive v1.0.229
   Compiling wide v1.6.0
   Compiling serde_json v1.0.151
   Compiling libc v0.2.185
   Compiling frankentorch-kernel-cpu v0.1.1 (/data/tmp/rch/frankentorch/e9d29259cb6bc9f9/crates/ft-kernel-cpu)
warning: the `must_use` attribute cannot be used on statics
    --> crates/ft-kernel-cpu/src/lib.rs:8906:3
     |
8906 | #[must_use]
     |   ^^^^^^^^
     |
     = help: the `must_use` attribute can be applied to data types, functions, and traits
     = warning: this was previously accepted by the compiler but is being phased out; it will become a hard error in a future release!
     = note: `#[warn(unused_attributes)]` (part of `#[warn(unused)]`) on by default

warning: the `must_use` attribute cannot be used on statics
    --> crates/ft-kernel-cpu/src/lib.rs:9954:3
     |
9954 | #[must_use]
     |   ^^^^^^^^
     |
     = help: the `must_use` attribute can be applied to data types, functions, and traits
     = warning: this was previously accepted by the compiler but is being phased out; it will become a hard error in a future release!

   Compiling regex-syntax v0.8.10
warning: function `eigh_tred2_values_only_full_lower` is never used
     --> crates/ft-kernel-cpu/src/lib.rs:31447:4
      |
31447 | fn eigh_tred2_values_only_full_lower(n: usize, lower: &mut [f64], d: &mut [f64], e: &mut [f64]) {
      |    ^^^^^^^^^^^^^^^^^^^^^^^^^^^^^^^^^
      |
      = note: `#[warn(dead_code)]` (part of `#[warn(unused)]`) on by default

   Compiling plotters-backend v0.3.7
   Compiling ciborium-io v0.2.2
   Compiling itoa v1.0.18
   Compiling anstyle v1.0.14
   Compiling memchr v2.8.0
   Compiling clap_lex v1.1.0
   Compiling clap_builder v4.6.0
   Compiling frankentorch-dispatch v0.1.0 (/data/tmp/rch/frankentorch/e9d29259cb6bc9f9/crates/ft-dispatch)
   Compiling ciborium-ll v0.2.2
   Compiling plotters-svg v0.3.7
   Compiling regex-automata v0.4.14
   Compiling itertools v0.10.5
   Compiling same-file v1.0.6
   Compiling cast v0.3.0
   Compiling criterion-plot v0.5.0
   Compiling walkdir v2.5.0
   Compiling is-terminal v0.4.17
   Compiling regex v1.12.3
   Compiling plotters v0.3.7
   Compiling ciborium v0.2.2
   Compiling tinytemplate v1.2.1
   Compiling frankentorch-autograd v0.1.0 (/data/tmp/rch/frankentorch/e9d29259cb6bc9f9/crates/ft-autograd)
   Compiling clap v4.6.1
   Compiling frankentorch-runtime v0.1.0 (/data/tmp/rch/frankentorch/e9d29259cb6bc9f9/crates/ft-runtime)
   Compiling oorandom v11.1.5
   Compiling once_cell v1.21.4
   Compiling anes v0.1.6
   Compiling criterion v0.5.1
   Compiling frankentorch-api v0.1.0 (/data/tmp/rch/frankentorch/e9d29259cb6bc9f9/crates/ft-api)
warning: `frankentorch-kernel-cpu` (lib) generated 3 warnings (run `cargo fix --lib -p frankentorch-kernel-cpu` to apply 2 suggestions)
warning: unused doc comment
    --> crates/ft-api/examples/gauntlet_lane_sweep_h2h.rs:1111:1
     |
1111 | / /// conv2d f32 train step — `frankentorch-hi9r6`, item 191. The dtype twin of [`timed_conv2d`],
1112 | | /// and the only lane that can price items 179, 181, 185 and 187.
1113 | | ///
1114 | | /// WHY THIS LANE DID NOT EXIST UNTIL NOW. Item 185e declined to write it because the harness's
...    |
1163 | | /// its route from `conv2d_ones_dout_route`, so passing ones takes the same route the session's
1164 | | /// backward takes rather than a different one.
     | |_----------------------------------------------^
     |   |
     |   rustdoc does not generate documentation for macro invocations
     |
     = help: to document an item produced by a macro, the macro must produce the documentation as part of its expansion
     = note: `#[warn(unused_doc_comments)]` (part of `#[warn(unused)]`) on by default

warning: `frankentorch-api` (example "gauntlet_lane_sweep_h2h") generated 1 warning
    Finished `release` profile [optimized] target(s) in 6m 14s
     Running `.rch-target-hz4-pool-f9267e1ec5d1223616a90f276787c4af/release/examples/gauntlet_lane_sweep_h2h`
executing_elf_sha256=e21e25d2edfeae30d3655332a14fa562cbd9767a06e1891b4394d8460ffb19d3
incumbent=PyTorch 2.13.0+cu130 (self-reported by the arm, same invocation), threads=8
incumbent_rule=a delta whose incumbent arm moved (version, build, or measured time) is NOT a win
measurement_host=hz4 cpu="AMD EPYC 7282 16-Core Processor" isa=x86_64+avx2 governor=unknown rayon_threads=8 online_cpus=64
host_rule=both arms are sampled in ONE invocation on THIS machine; a row measured elsewhere is not comparable to this one, A/A PASS or not
measurement_slot=held [pid=3198959 host=hz4 elf=e21e25d2edfeae30 lanes=conv2d_xl,conv2d_xl_masked]; no other live h2h announcement
concurrent_measurements=1 DETECTED: h2h-harness[2843857] 100% — another process was sampling inside this window AND burning local CPU, so BOTH runs' arms are contended and NEITHER is quotable however its gates read. The drift gate cannot see this: it measures stability, and a uniformly overloaded host is stable.
concurrent_measurements_idle=5 (matched by name, burning no local CPU — shell wrappers, and rch clients whose bench runs on a remote worker; reported, not voiding): h2h-harness[2843321] 0% h2h-harness[2843322] 0% h2h-harness[2843347] 0% h2h-harness[2843358] 0% h2h-harness[2843359] 0%
cpu_mhz min=2795 median=2795 max=3195 spread=1.143x; arms NOT pinned: our 64 rayon threads span every core including any parked at the floor, the incumbent's 8 land wherever the scheduler puts them, so this row's arms are NOT known to have run at comparable clocks
allocator=system (glibc malloc) — re-run with --features fair-alloc before quoting
measurement=OP WORK ONLY (forward+backward; leaf built outside the timer on BOTH sides)
round_warmup_lanes=<all> (FT_H2H_ROUND_WARMUP_LANES; empty = every lane)
sampling=balanced-square ABBAABBA (frankentorch-xdw0h); 24 rounds, four live samples per arm per round, torch threads=8
round_warmup=1 (FT_H2H_ROUND_WARMUP; discarded samples per lane per round, BOTH arms). NON-ZERO: this row measures STEADY-STATE cost and is NOT comparable to any certified standing on the board, all of which were taken at 0

lane          FT(ms)    PT(ms)   standing            PT/FT A/A gates and ratio CI                 parity
lane_filter="conv2d_xl,conv2d_xl_masked" match=exact kept=2 of the full set (frankentorch-68pwz item 58; item 226: substring is the default, FT_H2H_LANES_EXACT=1 narrows it)
lane_count=2 rounds=24 (frankentorch-vyaia: the harness's own load scales with this product; a self-load bound quoted without it cannot be checked later)

CLOCKS DURING SAMPLING (sampled once per lane per round, both arms inside the same round)
  typical core   min 2795 median 2795 max 3192 MHz   (boost/thermal behaviour over time)
  CROSS-CORE SPREAD at one instant   min 1.143x median 1.143x max 1.367x   (how far apart two cores were WHILE we sampled)
  The spread is the number that decides comparability: it is what makes one arm's threads faster than the other's. Compare it against the idle snapshot in the cpu_mhz header line -- if the idle spread is large and this one is small, the cores boosted once work arrived and the clock confound did not bite.
load_series n=26 worst_drift=1.138x endpoint_gate=PASS series_gate=PASS (frankentorch-68pwz item 49: the endpoint pair cannot see a mid-run excursion; a divergence between these two gates IS the finding)
load_1m start=8.86 end=9.91 drift_gate=PASS (frankentorch-2h8vi; the signal is DRIFT in either direction, not level — a steady busy host is measurable, a host that moves under the measurement is not)
self_load DIRECT=10.39 (both arms burned 301.8 CPU-seconds over window=29s at lane_count=2 rounds=24) — measured on our own /proc accounting, so a peer's compile contributes nothing to it. Compare against frankentorch-5q3io's ~+0.62, which was inferred from loadavg deltas at an unrecorded lane count (frankentorch-vyaia acceptance item 2).
self_load rise=+1.05 (start 8.86 -> peak 9.91) over window=29s at lane_count=2 rounds=24 — loadavg is a 1-minute EWMA, so this window could show at most 38% of any sustained step (frankentorch-vyaia: measured, not assumed)
self_load NOT INTERPRETABLE: a 29s window is shorter than the loadavg time constant, so this rise is a floor and a +0.00 is not evidence of anything. If the whole rise were ours and sustained it would imply 2.74. Re-derive the bound on a FULL sweep — the configuration every banked row and frankentorch-5q3io's stale ~+0.62 were taken under (frankentorch-vyaia).
  conv2d_xl      24.008   54.800   FT 2.28x FASTER     PT PASS [0.931,1.024] FT PASS [0.974,1.031] ratio 2.283 [2.218,2.353] match
    slot0/median(slot1..3) = 1.019 (our arm, per-round median over 24 rounds)
    MIN-ESTIMATOR FT 2.27x FASTER     ratio 2.272 [2.189,2.365]  PT null 1.002 PASS  FT null 1.009 PASS  QUOTABLE under the min estimator
  conv2d_xl_masked   52.329   56.188   FT 1.07x FASTER     PT PASS [0.982,1.047] FT PASS [0.982,1.023] ratio 1.074 [1.026,1.104] match
    slot0/median(slot1..3) = 0.997 (our arm, per-round median over 24 rounds)
    MIN-ESTIMATOR FT 1.05x FASTER     ratio 1.050 [1.018,1.086]  PT null 1.000 PASS  FT null 1.016 PASS  QUOTABLE under the min estimator

Quote a lane only if both A/A gates say PASS, their point estimates are within +/-0.02 of 1.0, and parity is `match`. WIDE means the null's
CI exceeded 0.60 — the sample was too noisy to support ANY verdict, so the row is
undecidable rather than a win or a loss (frankentorch-8ieqm). Op-work ratios are NOT
comparable to the gauntlet's whole-step ratios, which include each lane's input rebuild.

buffer_pool: hits=136 misses=0 parked=30 buffers / 500.6 MiB

GROUP_NORM f32 KERNEL BREAKDOWN (FrankenTorch-internal attribution, min of 9; NOT a ratio)
  numel=6422528  groups=32  cpg=2  spatial=3136  rayon_threads=8
  forward_f32                 2.014 ms   schedule PARALLEL: 1024 groups; the numel-only gate (6422528 vs NORM_FWD_PARALLEL_MIN 524288) would have said PARALLEL
  forward_f32 SERIAL         26.888 ms   same kernel, schedule forced off, interleaved rep-by-rep (sentinel for the _serialfwd lane)
  sum_tensor_contiguous_f32   0.699 ms
  backward_scalar_f32         4.838 ms   (cpg==2 path, unconditionally parallel)
  total                       7.552 ms
  ---- same three kernels, one timed step, two estimators (frankentorch-59kjf) ----
  step min of 40               7.718 ms   comparable to the per-kernel figures above
  step lane estimator         9.882 ms   median of 4 per round, then median over 10 rounds
  estimator ratio             1.280x  (lane estimator / min; if this alone reaches ~2.4x the lane's missing 57% is the ESTIMATOR, not allocation)
  ---- one group's reduction, sequential vs 8 accumulators (frankentorch-zv1y1) ----
  reduce sequential           6.041 us   6272 elems, one dependency chain — what every statistic pass costs today
  reduce 8 accumulators       0.761 us   same data, same rep, chain broken 8 ways
  reduction headroom          7.938x  (NOT bit-exact: reassociation moves mean/rstd/output by an ULP; this prices the tolerance question, it does not answer it)

MAX_POOL3D KERNEL BREAKDOWN (FrankenTorch-internal attribution, min of 9; NOT a ratio)
  input numel=1048576  output numel=131072  kernel 2x2x2 stride 2x2x2  rayon_threads=8
  forward_with_indices_f64     0.487 ms   reads 1048576 elems, 8 comparisons per output
  backward NONOVERLAPPING      1.379 ms   the route ft-api actually takes (kernel == stride); scatters 131072 values into a dense 1048576-element buffer
  backward generic scatter     0.776 ms   same data, same rep, bit-identical output — what the specialisation buys
  total on the live route      1.865 ms
  [2m2026-09-01T14:48:22.569018Z[0m [32m INFO[0m [1;32mrch::hook::transfer_orchestration[0m[32m: [32mRemote command finished: exit=0 in 477570ms[0m
    [2;3mat[0m rch/src/hook/transfer_orchestration.rs:1066 [2;3mon[0m ThreadId(1)

  [2m2026-09-01T14:48:22.595864Z[0m [32m INFO[0m [1;32mrch::transfer[0m[32m: [32mRetrieving artifacts from /data/tmp/rch/frankentorch/e9d29259cb6bc9f9/.rch-target-hz4-pool-f9267e1ec5d1223616a90f276787c4af on hz4[0m
    [2;3mat[0m rch/src/transfer.rs:3943 [2;3mon[0m ThreadId(1)

  [2m2026-09-01T14:48:24.832263Z[0m [32m INFO[0m [1;32mrch::transfer[0m[32m: [32mArtifacts retrieved in 2236ms (8 files, 25967 bytes)[0m
    [2;3mat[0m rch/src/transfer.rs:3998 [2;3mon[0m ThreadId(1)

  [2m2026-09-01T14:48:24.832283Z[0m [32m INFO[0m [1;32mrch::hook::transfer_orchestration[0m[32m: [32mCustom CARGO_TARGET_DIR artifacts retrieved: 8 files, 25967 bytes in 2236ms[0m
    [2;3mat[0m rch/src/hook/transfer_orchestration.rs:1299 [2;3mon[0m ThreadId(1)

[RCH] remote hz4 (500.2s)
[RCH] clean-overlay receipt: base=ba1fe6270da6b5cfa894e1c83d97bbb082689f22 overlay-fingerprint=fe0d5151031be8fda7951fe7fe1f42f7ce344018fdb3ed21e6ada866b230b195
timing_exit=0
