timing_command=scripts/measurement_window_guard.sh && PYTORCH_PYTHON=/data/tmp/torchvenv-2121/bin/python RAYON_NUM_THREADS=8 FT_H2H_LANES_EXACT=1 FT_H2H_LANES=conv2d_f32_kernels,conv2d_f32_kernels_masked FT_H2H_REPS=24 FT_H2H_WARMUP=16 <clean-overlay-elf> (FT_H2H_ROUND_WARMUP unset = 0)
source_base=ba1fe6270da6b5cfa894e1c83d97bbb082689f22
runtime_head=8b69345b0a24acf1dc82a3503f5cc98a5ec2cde2
890f30e819a31b1ac7eca5539b7dc6d0271eced1f06b98584dc348b92d0205f0  /data/tmp/ft-torch3-conv2d-big-ba1/release/examples/gauntlet_lane_sweep_h2h
guard PASS: no peer measurement detected, loadavg 5.59/5.46/5.41 (spread 1.00x <= 4x, floor 8.00), iowait 0.0% <= 10%
guard_exit=0
/data/tmp/torchvenv-2121/lib/python3.12/site-packages/torch/_subclasses/functional_tensor.py:362: UserWarning: Failed to initialize NumPy: No module named 'numpy' (Triggered internally at /pytorch/torch/csrc/utils/tensor_numpy.cpp:84.)
  cpu = _conversion_method_template(device=torch.device("cpu"))
executing_elf_sha256=890f30e819a31b1ac7eca5539b7dc6d0271eced1f06b98584dc348b92d0205f0
incumbent=PyTorch 2.12.1+cpu (self-reported by the arm, same invocation), threads=8
incumbent_rule=a delta whose incumbent arm moved (version, build, or measured time) is NOT a win
measurement_host=thinkstation1 cpu="AMD Ryzen Threadripper PRO 5975WX 32-Cores" isa=x86_64+avx2 governor=powersave rayon_threads=8 online_cpus=64
host_rule=both arms are sampled in ONE invocation on THIS machine; a row measured elsewhere is not comparable to this one, A/A PASS or not
measurement_slot=held [pid=2065037 host=thinkstation1 elf=890f30e819a31b1a lanes=conv2d_f32_kernels,conv2d_f32_kernels_masked]; no other live h2h announcement
concurrent_measurements=none ACTIVE (scanned /proc for other h2h harnesses, criterion benches and torch processes, then measured each candidate's local CPU over 300ms; this run's own incumbent child is excluded)
cpu_mhz min=3142 median=3144 max=4289 spread=1.365x; arms NOT pinned: our 64 rayon threads span every core including any parked at the floor, the incumbent's 8 land wherever the scheduler puts them, so this row's arms are NOT known to have run at comparable clocks
allocator=mimalloc (--features fair-alloc)
measurement=OP WORK ONLY (forward+backward; leaf built outside the timer on BOTH sides)
sampling=balanced-square ABBAABBA (frankentorch-xdw0h); 24 rounds, four live samples per arm per round, torch threads=8
round_warmup=0 (FT_H2H_ROUND_WARMUP; discarded samples per lane per round, BOTH arms). 0 = the board's default: each lane's slot 0 each round arrives cold, which NEGATIVE_EVIDENCE item 147 measured at +20-30% on the summed conv2d lanes

lane          FT(ms)    PT(ms)   standing            PT/FT A/A gates and ratio CI                 parity
lane_filter="conv2d_f32_kernels,conv2d_f32_kernels_masked" match=exact kept=2 of the full set (frankentorch-68pwz item 58; item 226: substring is the default, FT_H2H_LANES_EXACT=1 narrows it)
lane_count=2 rounds=24 (frankentorch-vyaia: the harness's own load scales with this product; a self-load bound quoted without it cannot be checked later)

CLOCKS DURING SAMPLING (sampled once per lane per round, both arms inside the same round)
  typical core   min 1429 median 3432 max 4092 MHz   (boost/thermal behaviour over time)
  CROSS-CORE SPREAD at one instant   min 1.256x median 3.004x max 3.008x   (how far apart two cores were WHILE we sampled)
  The spread is the number that decides comparability: it is what makes one arm's threads faster than the other's. Compare it against the idle snapshot in the cpu_mhz header line -- if the idle spread is large and this one is small, the cores boosted once work arrived and the clock confound did not bite.
load_series n=26 worst_drift=1.643x endpoint_gate=DRIFTED series_gate=DRIFTED (frankentorch-68pwz item 49: the endpoint pair cannot see a mid-run excursion; a divergence between these two gates IS the finding)
load_1m start=10.29 end=15.10 drift_gate=LOAD-DRIFTED — no row from this invocation is quotable, whatever its nulls say (max 1.25x) (frankentorch-2h8vi; the signal is DRIFT in either direction, not level — a steady busy host is measurable, a host that moves under the measurement is not)
self_load DIRECT=12.79 (both arms burned 237.0 CPU-seconds over window=19s at lane_count=2 rounds=24) — measured on our own /proc accounting, so a peer's compile contributes nothing to it. Compare against frankentorch-5q3io's ~+0.62, which was inferred from loadavg deltas at an unrecorded lane count (frankentorch-vyaia acceptance item 2).
self_load rise=+6.62 (start 10.29 -> peak 16.91) over window=19s at lane_count=2 rounds=24 — loadavg is a 1-minute EWMA, so this window could show at most 27% of any sustained step (frankentorch-vyaia: measured, not assumed)
self_load NOT INTERPRETABLE: a 19s window is shorter than the loadavg time constant, so this rise is a floor and a +0.00 is not evidence of anything. If the whole rise were ours and sustained it would imply 24.93. Re-derive the bound on a FULL sweep — the configuration every banked row and frankentorch-5q3io's stale ~+0.62 were taken under (frankentorch-vyaia).
  conv2d_f32_kernels   37.644   19.461   FT 1.93x SLOWER     PT OFFSET [0.815,1.189] FT PASS [0.946,1.014] ratio 0.517 [0.484,0.600] match
    NULL-FAILED: incumbent 0.964, FrankenTorch 0.987; each must be within +/-0.02 of 1.0 and carry a calm CI; do not quote this row
      ROUNDS MAY CLEAR IT: worst null is 0.036 off 1.0 against a +/-0.02 band, which is sampling noise rather than a moving host. The null is a ratio of per-round medians, so try FT_H2H_REPS=48 (item 193c walked 16 -> 32 -> 64 to PASS at loadavg 22-35).
    pad_ms = 4.035 of this lane's 37.644 ms is a hand-rolled zero-init + SERIAL scalar copy, not kernel work. The session cost is conv2d_f32 - (this - pad_ms), NOT conv2d_f32 - this; the uncorrected subtraction has been reading NEGATIVE.
    slot0/median(slot1..3) = 0.937 (our arm, per-round median over 24 rounds)
    MIN-ESTIMATOR FT 2.90x SLOWER     ratio 0.344 [0.324,0.355]  PT null 0.952 FAIL  FT null 0.993 PASS  not quotable
  conv2d_f32_kernels_masked   60.111   21.213   FT 2.83x SLOWER     PT PASS [0.697,1.265] FT PASS [0.981,1.020] ratio 0.353 [0.333,0.375] match
    pad_ms = 4.035 of this lane's 60.111 ms is a hand-rolled zero-init + SERIAL scalar copy, not kernel work. The session cost is conv2d_f32 - (this - pad_ms), NOT conv2d_f32 - this; the uncorrected subtraction has been reading NEGATIVE.
    slot0/median(slot1..3) = 0.990 (our arm, per-round median over 24 rounds)
    MIN-ESTIMATOR FT 4.23x SLOWER     ratio 0.237 [0.227,0.260]  PT null 1.003 FAIL  FT null 0.987 PASS  not quotable

Quote a lane only if both A/A gates say PASS, their point estimates are within +/-0.02 of 1.0, and parity is `match`. WIDE means the null's
CI exceeded 0.60 — the sample was too noisy to support ANY verdict, so the row is
undecidable rather than a win or a loss (frankentorch-8ieqm). Op-work ratios are NOT
comparable to the gauntlet's whole-step ratios, which include each lane's input rebuild.

buffer_pool: hits=0 misses=0 parked=0 buffers / 0.0 MiB

GROUP_NORM f32 KERNEL BREAKDOWN (FrankenTorch-internal attribution, min of 9; NOT a ratio)
  numel=6422528  groups=32  cpg=2  spatial=3136  rayon_threads=8
  forward_f32                 1.846 ms   schedule PARALLEL: 1024 groups; the numel-only gate (6422528 vs NORM_FWD_PARALLEL_MIN 524288) would have said PARALLEL
  forward_f32 SERIAL         20.819 ms   same kernel, schedule forced off, interleaved rep-by-rep (sentinel for the _serialfwd lane)
  sum_tensor_contiguous_f32   0.567 ms
  backward_scalar_f32         4.026 ms   (cpg==2 path, unconditionally parallel)
  total                       6.439 ms
  ---- same three kernels, one timed step, two estimators (frankentorch-59kjf) ----
  step min of 40               6.769 ms   comparable to the per-kernel figures above
  step lane estimator         7.913 ms   median of 4 per round, then median over 10 rounds
  estimator ratio             1.169x  (lane estimator / min; if this alone reaches ~2.4x the lane's missing 57% is the ESTIMATOR, not allocation)
  ---- one group's reduction, sequential vs 8 accumulators (frankentorch-zv1y1) ----
  reduce sequential           4.799 us   6272 elems, one dependency chain — what every statistic pass costs today
  reduce 8 accumulators       0.571 us   same data, same rep, chain broken 8 ways
  reduction headroom          8.405x  (NOT bit-exact: reassociation moves mean/rstd/output by an ULP; this prices the tolerance question, it does not answer it)

MAX_POOL3D KERNEL BREAKDOWN (FrankenTorch-internal attribution, min of 9; NOT a ratio)
  input numel=1048576  output numel=131072  kernel 2x2x2 stride 2x2x2  rayon_threads=8
  forward_with_indices_f64     0.333 ms   reads 1048576 elems, 8 comparisons per output
  backward NONOVERLAPPING      0.783 ms   the route ft-api actually takes (kernel == stride); scatters 131072 values into a dense 1048576-element buffer
  backward generic scatter     0.540 ms   same data, same rep, bit-identical output — what the specialisation buys
  total on the live route      1.116 ms
