===== conv2d_big under the incumbent-mode check — torch:2 (CreamTrout) 2026-09-01T16:22:55Z =====
host=thinkstation1 nproc=64 HEAD=bd8fac555350546648465dc663d5f5314e277694
elf_sha256=839d90204af4445c48812481f70318e267c6cf8b7d59f0655e87fcc299a0fd20
bank=artifacts/perf/incumbent_bank.jsonl (committed, so it spans SESSIONS — the effect is between-session)
protocol: 10 invocations, guard before EACH, FT_H2H_REPS=24 FT_H2H_WARMUP=16, round_warmup=0 (board default)
lanes=conv2d_big,conv2d_big_masked exact

--- invocation 1/10  16:22:55Z  loadavg=1.83 1.64 1.93
guard PASS: no peer measurement detected, loadavg 1.83/1.64/1.93 (spread 1.00x <= 4x, floor 8.00), iowait 0.0% <= 10%
  conv2d_big      4.482    5.556   FT 1.24x FASTER     PT FAIL [1.005,1.158] FT OFFSET [0.945,1.018] ratio 1.240 [1.152,1.311] match incumbent=NO-HISTORY
  incumbent_mode lane=conv2d_big drawn=5.556 ms  NO HISTORY — first observation for this lane, shape and torch build. This row's incumbent has nothing to be compared against, so the row is ONE INVOCATION SHORT OF READABLE however its nulls read.
    NULL-FAILED: incumbent 1.104, FrankenTorch 0.966; each must be within +/-0.02 of 1.0 and carry a calm CI; do not quote this row
    MIN-ESTIMATOR FT 1.12x FASTER     ratio 1.117 [1.011,1.201]  PT null 1.073 FAIL  FT null 0.987 PASS  not quotable
  conv2d_big_masked    9.238    5.979   FT 1.55x SLOWER     PT OFFSET [0.929,1.042] FT OFFSET [0.920,1.024] ratio 0.647 [0.594,0.679] match incumbent=NO-HISTORY
  incumbent_mode lane=conv2d_big_masked drawn=5.979 ms  NO HISTORY — first observation for this lane, shape and torch build. This row's incumbent has nothing to be compared against, so the row is ONE INVOCATION SHORT OF READABLE however its nulls read.
    NULL-FAILED: incumbent 0.961, FrankenTorch 0.972; each must be within +/-0.02 of 1.0 and carry a calm CI; do not quote this row
    MIN-ESTIMATOR FT 1.70x SLOWER     ratio 0.590 [0.545,0.665]  PT null 1.009 PASS  FT null 0.987 PASS  QUOTABLE under the min estimator

--- invocation 2/10  16:23:20Z  loadavg=5.51 2.52 2.21
guard PASS: no peer measurement detected, loadavg 5.51/2.52/2.21 (spread 1.00x <= 4x, floor 8.00), iowait 0.0% <= 10%
  conv2d_big      4.231    5.620   FT 1.33x FASTER     PT OFFSET [0.948,1.092] FT PASS [0.958,1.082] ratio 1.328 [1.248,1.447] match incumbent=SINGLE/n2
  incumbent_mode lane=conv2d_big drawn=5.620 ms  SINGLE LEVEL (n=2, median 5.588, range [5.556, 5.620], spread 1.01x) — no second level banked for this lane, so this row is comparable to the other 1. The bank spans 0s — under an hour, so these are ONE session's draws and a              SINGLE-level verdict from them is weak evidence: the level this lane sits at has              been observed to differ BETWEEN sessions, which a bank this narrow cannot see.
    NULL-FAILED: incumbent 1.022, FrankenTorch 1.014; each must be within +/-0.02 of 1.0 and carry a calm CI; do not quote this row
    MIN-ESTIMATOR FT 1.21x FASTER     ratio 1.213 [1.114,1.373]  PT null 1.030 FAIL  FT null 1.000 PASS  not quotable
  conv2d_big_masked    8.538    5.774   FT 1.48x SLOWER     PT PASS [0.941,1.066] FT OFFSET [0.918,1.053] ratio 0.676 [0.633,0.745] match incumbent=SINGLE/n2
  incumbent_mode lane=conv2d_big_masked drawn=5.774 ms  SINGLE LEVEL (n=2, median 5.876, range [5.774, 5.979], spread 1.04x) — no second level banked for this lane, so this row is comparable to the other 1. The bank spans 0s — under an hour, so these are ONE session's draws and a              SINGLE-level verdict from them is weak evidence: the level this lane sits at has              been observed to differ BETWEEN sessions, which a bank this narrow cannot see.
    NULL-FAILED: incumbent 0.999, FrankenTorch 0.974; each must be within +/-0.02 of 1.0 and carry a calm CI; do not quote this row
    MIN-ESTIMATOR FT 1.61x SLOWER     ratio 0.623 [0.594,0.668]  PT null 0.984 PASS  FT null 0.984 PASS  QUOTABLE under the min estimator

--- invocation 3/10  16:23:46Z  loadavg=8.50 3.48 2.54
guard PASS: no peer measurement detected, loadavg 8.50/3.48/2.54 (spread 1.06x <= 4x, floor 8.00), iowait 0.0% <= 10%
  conv2d_big      3.973   11.210   FT 2.82x FASTER     PT OFFSET [0.979,1.054] FT OFFSET [0.884,1.064] ratio 2.821 [2.627,3.068] match incumbent=LEVEL-B/2 n1
  incumbent_mode lane=conv2d_big drawn=11.210 ms  LEVEL B OF 2 — the banked population for this lane splits at a 1.99x gap:
      level A  n=2   median    5.588  range [5.556, 5.620]  spread 1.01x
      level B  n=1   median   11.210  range [11.210, 11.210]  spread 1.00x   <- THIS RUN
    This row is comparable ONLY to rows that drew level B. NEITHER LEVEL IS KNOWN TO BE THE CORRECT ONE and the harness does not assert one: on conv2d_big the ~6 ms level was 1 of 8 observations in 2026-08 and 20 of 22 in 2026-09, so a disagreement with the majority is a NO-VERDICT, not a correction. A standing whose SIGN differs between the levels must not be banked from one invocation. The bank spans 26s — under an hour, so these are ONE session's draws and a              SINGLE-level verdict from them is weak evidence: the level this lane sits at has              been observed to differ BETWEEN sessions, which a bank this narrow cannot see.
    NULL-FAILED: incumbent 1.027, FrankenTorch 0.955; each must be within +/-0.02 of 1.0 and carry a calm CI; do not quote this row
    MIN-ESTIMATOR FT 2.97x FASTER     ratio 2.969 [2.574,3.476]  PT null 1.002 PASS  FT null 0.995 PASS  QUOTABLE under the min estimator
  conv2d_big_masked    8.099   11.703   FT 1.44x FASTER     PT OFFSET [0.934,1.039] FT PASS [0.933,1.070] ratio 1.445 [1.370,1.482] match incumbent=LEVEL-B/2 n1
  incumbent_mode lane=conv2d_big_masked drawn=11.703 ms  LEVEL B OF 2 — the banked population for this lane splits at a 1.96x gap:
      level A  n=2   median    5.876  range [5.774, 5.979]  spread 1.04x
      level B  n=1   median   11.703  range [11.703, 11.703]  spread 1.00x   <- THIS RUN
    This row is comparable ONLY to rows that drew level B. NEITHER LEVEL IS KNOWN TO BE THE CORRECT ONE and the harness does not assert one: on conv2d_big the ~6 ms level was 1 of 8 observations in 2026-08 and 20 of 22 in 2026-09, so a disagreement with the majority is a NO-VERDICT, not a correction. A standing whose SIGN differs between the levels must not be banked from one invocation. The bank spans 26s — under an hour, so these are ONE session's draws and a              SINGLE-level verdict from them is weak evidence: the level this lane sits at has              been observed to differ BETWEEN sessions, which a bank this narrow cannot see.
    NULL-FAILED: incumbent 0.969, FrankenTorch 1.011; each must be within +/-0.02 of 1.0 and carry a calm CI; do not quote this row
    MIN-ESTIMATOR FT 1.40x FASTER     ratio 1.403 [1.326,1.483]  PT null 0.980 FAIL  FT null 1.001 PASS  not quotable

--- invocation 4/10  16:24:16Z  loadavg=9.98 4.30 2.84
guard PASS: no peer measurement detected, loadavg 9.98/4.30/2.84 (spread 1.25x <= 4x, floor 8.00), iowait 0.1% <= 10%
  conv2d_big      4.231    5.660   FT 1.34x FASTER     PT OFFSET [0.981,1.162] FT OFFSET [0.923,1.052] ratio 1.338 [1.272,1.420] match incumbent=LEVEL-A/2 n3
  incumbent_mode lane=conv2d_big drawn=5.660 ms  LEVEL A OF 2 — the banked population for this lane splits at a 1.98x gap:
      level A  n=3   median    5.620  range [5.556, 5.660]  spread 1.02x   <- THIS RUN
      level B  n=1   median   11.210  range [11.210, 11.210]  spread 1.00x
    This row is comparable ONLY to rows that drew level A. NEITHER LEVEL IS KNOWN TO BE THE CORRECT ONE and the harness does not assert one: on conv2d_big the ~6 ms level was 1 of 8 observations in 2026-08 and 20 of 22 in 2026-09, so a disagreement with the majority is a NO-VERDICT, not a correction. A standing whose SIGN differs between the levels must not be banked from one invocation. The bank spans 56s — under an hour, so these are ONE session's draws and a              SINGLE-level verdict from them is weak evidence: the level this lane sits at has              been observed to differ BETWEEN sessions, which a bank this narrow cannot see.
    NULL-FAILED: incumbent 1.081, FrankenTorch 0.970; each must be within +/-0.02 of 1.0 and carry a calm CI; do not quote this row
    MIN-ESTIMATOR FT 1.25x FASTER     ratio 1.250 [1.145,1.376]  PT null 1.086 FAIL  FT null 0.991 PASS  not quotable
  conv2d_big_masked    8.341    5.762   FT 1.45x SLOWER     PT OFFSET [0.913,1.015] FT OFFSET [0.938,1.054] ratio 0.691 [0.658,0.745] match incumbent=LEVEL-A/2 n3
  incumbent_mode lane=conv2d_big_masked drawn=5.762 ms  LEVEL A OF 2 — the banked population for this lane splits at a 1.96x gap:
      level A  n=3   median    5.774  range [5.762, 5.979]  spread 1.04x   <- THIS RUN
      level B  n=1   median   11.703  range [11.703, 11.703]  spread 1.00x
    This row is comparable ONLY to rows that drew level A. NEITHER LEVEL IS KNOWN TO BE THE CORRECT ONE and the harness does not assert one: on conv2d_big the ~6 ms level was 1 of 8 observations in 2026-08 and 20 of 22 in 2026-09, so a disagreement with the majority is a NO-VERDICT, not a correction. A standing whose SIGN differs between the levels must not be banked from one invocation. The bank spans 56s — under an hour, so these are ONE session's draws and a              SINGLE-level verdict from them is weak evidence: the level this lane sits at has              been observed to differ BETWEEN sessions, which a bank this narrow cannot see.
    NULL-FAILED: incumbent 0.959, FrankenTorch 1.024; each must be within +/-0.02 of 1.0 and carry a calm CI; do not quote this row
    MIN-ESTIMATOR FT 1.56x SLOWER     ratio 0.642 [0.612,0.721]  PT null 1.012 PASS  FT null 1.038 FAIL  not quotable

--- invocation 5/10  16:24:39Z  loadavg=9.93 4.64 2.99
guard PASS: no peer measurement detected, loadavg 9.54/4.65/3.00 (spread 1.19x <= 4x, floor 8.00), iowait 0.0% <= 10%
  conv2d_big      4.950    7.674   FT 1.55x FASTER     PT OFFSET [0.908,1.090] FT PASS [0.923,1.079] ratio 1.550 [1.365,1.663] match incumbent=LEVEL-A/2 n5
  incumbent_mode lane=conv2d_big drawn=7.674 ms  LEVEL A OF 2 — the banked population for this lane splits at a 1.46x gap:
      level A  n=5   median    5.660  range [5.556, 7.674]  spread 1.38x   <- THIS RUN
      level B  n=1   median   11.210  range [11.210, 11.210]  spread 1.00x
    This row is comparable ONLY to rows that drew level A. NEITHER LEVEL IS KNOWN TO BE THE CORRECT ONE and the harness does not assert one: on conv2d_big the ~6 ms level was 1 of 8 observations in 2026-08 and 20 of 22 in 2026-09, so a disagreement with the majority is a NO-VERDICT, not a correction. A standing whose SIGN differs between the levels must not be banked from one invocation. The bank spans 108s — under an hour, so these are ONE session's draws and a              SINGLE-level verdict from them is weak evidence: the level this lane sits at has              been observed to differ BETWEEN sessions, which a bank this narrow cannot see.
    NULL-FAILED: incumbent 1.032, FrankenTorch 0.999; each must be within +/-0.02 of 1.0 and carry a calm CI; do not quote this row
    MIN-ESTIMATOR FT 1.45x FASTER     ratio 1.448 [1.335,1.587]  PT null 1.000 PASS  FT null 1.004 PASS  QUOTABLE under the min estimator
  conv2d_big_masked    9.531    7.673   FT 1.24x SLOWER     PT OFFSET [0.905,1.151] FT PASS [0.916,1.066] ratio 0.805 [0.735,0.870] match incumbent=LEVEL-A/2 n5
  incumbent_mode lane=conv2d_big_masked drawn=7.673 ms  LEVEL A OF 2 — the banked population for this lane splits at a 1.51x gap:
      level A  n=5   median    5.979  range [5.762, 7.733]  spread 1.34x   <- THIS RUN
      level B  n=1   median   11.703  range [11.703, 11.703]  spread 1.00x
    This row is comparable ONLY to rows that drew level A. NEITHER LEVEL IS KNOWN TO BE THE CORRECT ONE and the harness does not assert one: on conv2d_big the ~6 ms level was 1 of 8 observations in 2026-08 and 20 of 22 in 2026-09, so a disagreement with the majority is a NO-VERDICT, not a correction. A standing whose SIGN differs between the levels must not be banked from one invocation. The bank spans 108s — under an hour, so these are ONE session's draws and a              SINGLE-level verdict from them is weak evidence: the level this lane sits at has              been observed to differ BETWEEN sessions, which a bank this narrow cannot see.
    NULL-FAILED: incumbent 0.958, FrankenTorch 0.999; each must be within +/-0.02 of 1.0 and carry a calm CI; do not quote this row
    MIN-ESTIMATOR FT 1.31x SLOWER     ratio 0.761 [0.733,0.818]  PT null 0.992 PASS  FT null 0.981 PASS  QUOTABLE under the min estimator

--- invocation 6/10  16:25:08Z  loadavg=12.31 5.69 3.39
guard PASS: no peer measurement detected, loadavg 12.31/5.61/3.37 (spread 1.54x <= 4x, floor 8.00), iowait 0.0% <= 10%
  conv2d_big      4.005    6.087   FT 1.52x FASTER     PT PASS [0.934,1.070] FT OFFSET [0.916,1.021] ratio 1.520 [1.340,1.740] match incumbent=LEVEL-A/2 n6
  incumbent_mode lane=conv2d_big drawn=6.087 ms  LEVEL A OF 2 — the banked population for this lane splits at a 1.46x gap:
      level A  n=6   median    5.874  range [5.556, 7.674]  spread 1.38x   <- THIS RUN
      level B  n=1   median   11.210  range [11.210, 11.210]  spread 1.00x
    This row is comparable ONLY to rows that drew level A. NEITHER LEVEL IS KNOWN TO BE THE CORRECT ONE and the harness does not assert one: on conv2d_big the ~6 ms level was 1 of 8 observations in 2026-08 and 20 of 22 in 2026-09, so a disagreement with the majority is a NO-VERDICT, not a correction. A standing whose SIGN differs between the levels must not be banked from one invocation. The bank spans 108s — under an hour, so these are ONE session's draws and a              SINGLE-level verdict from them is weak evidence: the level this lane sits at has              been observed to differ BETWEEN sessions, which a bank this narrow cannot see.
    NULL-FAILED: incumbent 1.008, FrankenTorch 0.968; each must be within +/-0.02 of 1.0 and carry a calm CI; do not quote this row
    MIN-ESTIMATOR FT 1.54x FASTER     ratio 1.539 [1.258,1.879]  PT null 1.043 FAIL  FT null 0.970 FAIL  not quotable
  conv2d_big_masked    8.205    6.332   FT 1.30x SLOWER     PT OFFSET [0.900,1.101] FT PASS [0.950,1.059] ratio 0.772 [0.720,0.836] match incumbent=LEVEL-A/2 n6
  incumbent_mode lane=conv2d_big_masked drawn=6.332 ms  LEVEL A OF 2 — the banked population for this lane splits at a 1.51x gap:
      level A  n=6   median    6.155  range [5.762, 7.733]  spread 1.34x   <- THIS RUN
      level B  n=1   median   11.703  range [11.703, 11.703]  spread 1.00x
    This row is comparable ONLY to rows that drew level A. NEITHER LEVEL IS KNOWN TO BE THE CORRECT ONE and the harness does not assert one: on conv2d_big the ~6 ms level was 1 of 8 observations in 2026-08 and 20 of 22 in 2026-09, so a disagreement with the majority is a NO-VERDICT, not a correction. A standing whose SIGN differs between the levels must not be banked from one invocation. The bank spans 108s — under an hour, so these are ONE session's draws and a              SINGLE-level verdict from them is weak evidence: the level this lane sits at has              been observed to differ BETWEEN sessions, which a bank this narrow cannot see.
    NULL-FAILED: incumbent 0.962, FrankenTorch 0.998; each must be within +/-0.02 of 1.0 and carry a calm CI; do not quote this row
    MIN-ESTIMATOR FT 1.41x SLOWER     ratio 0.708 [0.652,0.787]  PT null 0.985 PASS  FT null 1.001 PASS  QUOTABLE under the min estimator

--- invocation 7/10  16:25:33Z  loadavg=11.17 5.93 3.53
guard PASS: no peer measurement detected, loadavg 11.17/5.93/3.54 (spread 1.40x <= 4x, floor 8.00), iowait 0.0% <= 10%
  conv2d_big      4.275    6.188   FT 1.45x FASTER     PT OFFSET [0.913,1.064] FT OFFSET [0.935,1.069] ratio 1.447 [1.339,1.550] match incumbent=LEVEL-A/2 n7
  incumbent_mode lane=conv2d_big drawn=6.188 ms  LEVEL A OF 2 — the banked population for this lane splits at a 1.46x gap:
      level A  n=7   median    6.087  range [5.556, 7.674]  spread 1.38x   <- THIS RUN
      level B  n=1   median   11.210  range [11.210, 11.210]  spread 1.00x
    This row is comparable ONLY to rows that drew level A. NEITHER LEVEL IS KNOWN TO BE THE CORRECT ONE and the harness does not assert one: on conv2d_big the ~6 ms level was 1 of 8 observations in 2026-08 and 20 of 22 in 2026-09, so a disagreement with the majority is a NO-VERDICT, not a correction. A standing whose SIGN differs between the levels must not be banked from one invocation. The bank spans 133s — under an hour, so these are ONE session's draws and a              SINGLE-level verdict from them is weak evidence: the level this lane sits at has              been observed to differ BETWEEN sessions, which a bank this narrow cannot see.
    NULL-FAILED: incumbent 0.980, FrankenTorch 1.026; each must be within +/-0.02 of 1.0 and carry a calm CI; do not quote this row
    MIN-ESTIMATOR FT 1.34x FASTER     ratio 1.336 [1.225,1.473]  PT null 0.993 PASS  FT null 0.977 FAIL  not quotable
  conv2d_big_masked    8.565    6.510   FT 1.32x SLOWER     PT PASS [0.936,1.059] FT PASS [0.941,1.061] ratio 0.760 [0.722,0.800] match incumbent=LEVEL-A/2 n7
  incumbent_mode lane=conv2d_big_masked drawn=6.510 ms  LEVEL A OF 2 — the banked population for this lane splits at a 1.51x gap:
      level A  n=7   median    6.332  range [5.762, 7.733]  spread 1.34x   <- THIS RUN
      level B  n=1   median   11.703  range [11.703, 11.703]  spread 1.00x
    This row is comparable ONLY to rows that drew level A. NEITHER LEVEL IS KNOWN TO BE THE CORRECT ONE and the harness does not assert one: on conv2d_big the ~6 ms level was 1 of 8 observations in 2026-08 and 20 of 22 in 2026-09, so a disagreement with the majority is a NO-VERDICT, not a correction. A standing whose SIGN differs between the levels must not be banked from one invocation. The bank spans 133s — under an hour, so these are ONE session's draws and a              SINGLE-level verdict from them is weak evidence: the level this lane sits at has              been observed to differ BETWEEN sessions, which a bank this narrow cannot see.
    MIN-ESTIMATOR FT 1.44x SLOWER     ratio 0.696 [0.635,0.736]  PT null 0.975 FAIL  FT null 0.991 PASS  not quotable

--- invocation 8/10  16:25:56Z  loadavg=11.07 6.31 3.72
guard PASS: no peer measurement detected, loadavg 11.07/6.31/3.72 (spread 1.38x <= 4x, floor 8.00), iowait 0.0% <= 10%
  conv2d_big      4.454    5.301   FT 1.19x FASTER     PT OFFSET [0.985,1.099] FT PASS [0.974,1.046] ratio 1.190 [1.115,1.273] match incumbent=LEVEL-A/2 n8
  incumbent_mode lane=conv2d_big drawn=5.301 ms  LEVEL A OF 2 — the banked population for this lane splits at a 1.46x gap:
      level A  n=8   median    5.874  range [5.301, 7.674]  spread 1.45x   <- THIS RUN   [LEVEL SPREAD EXCEEDS THE GAP — suspect a third level]
      level B  n=1   median   11.210  range [11.210, 11.210]  spread 1.00x
    This row is comparable ONLY to rows that drew level A. NEITHER LEVEL IS KNOWN TO BE THE CORRECT ONE and the harness does not assert one: on conv2d_big the ~6 ms level was 1 of 8 observations in 2026-08 and 20 of 22 in 2026-09, so a disagreement with the majority is a NO-VERDICT, not a correction. A standing whose SIGN differs between the levels must not be banked from one invocation. The bank spans 156s — under an hour, so these are ONE session's draws and a              SINGLE-level verdict from them is weak evidence: the level this lane sits at has              been observed to differ BETWEEN sessions, which a bank this narrow cannot see.
    NULL-FAILED: incumbent 1.058, FrankenTorch 1.005; each must be within +/-0.02 of 1.0 and carry a calm CI; do not quote this row
    MIN-ESTIMATOR FT 1.13x FASTER     ratio 1.126 [1.043,1.184]  PT null 1.087 FAIL  FT null 1.005 PASS  not quotable
  conv2d_big_masked    8.780    5.522   FT 1.59x SLOWER     PT PASS [0.900,1.032] FT PASS [0.955,1.045] ratio 0.629 [0.582,0.669] match incumbent=LEVEL-A/2 n8
  incumbent_mode lane=conv2d_big_masked drawn=5.522 ms  LEVEL A OF 2 — the banked population for this lane splits at a 1.51x gap:
      level A  n=8   median    6.155  range [5.522, 7.733]  spread 1.40x   <- THIS RUN   [LEVEL SPREAD EXCEEDS THE GAP — suspect a third level]
      level B  n=1   median   11.703  range [11.703, 11.703]  spread 1.00x
    This row is comparable ONLY to rows that drew level A. NEITHER LEVEL IS KNOWN TO BE THE CORRECT ONE and the harness does not assert one: on conv2d_big the ~6 ms level was 1 of 8 observations in 2026-08 and 20 of 22 in 2026-09, so a disagreement with the majority is a NO-VERDICT, not a correction. A standing whose SIGN differs between the levels must not be banked from one invocation. The bank spans 156s — under an hour, so these are ONE session's draws and a              SINGLE-level verdict from them is weak evidence: the level this lane sits at has              been observed to differ BETWEEN sessions, which a bank this narrow cannot see.
    MIN-ESTIMATOR FT 1.73x SLOWER     ratio 0.579 [0.538,0.637]  PT null 0.993 PASS  FT null 0.982 PASS  QUOTABLE under the min estimator

--- invocation 9/10  16:26:20Z  loadavg=11.13 6.69 3.91
guard PASS: no peer measurement detected, loadavg 11.13/6.69/3.91 (spread 1.39x <= 4x, floor 8.00), iowait 0.1% <= 10%
  conv2d_big      4.185   10.744   FT 2.57x FASTER     PT PASS [0.954,1.040] FT PASS [0.965,1.022] ratio 2.567 [2.523,2.714] match incumbent=LEVEL-B/2 n2
  incumbent_mode lane=conv2d_big drawn=10.744 ms  LEVEL B OF 2 — the banked population for this lane splits at a 1.40x gap:
      level A  n=8   median    5.874  range [5.301, 7.674]  spread 1.45x   [LEVEL SPREAD EXCEEDS THE GAP — suspect a third level]
      level B  n=2   median   10.977  range [10.744, 11.210]  spread 1.04x   <- THIS RUN
    This row is comparable ONLY to rows that drew level B. NEITHER LEVEL IS KNOWN TO BE THE CORRECT ONE and the harness does not assert one: on conv2d_big the ~6 ms level was 1 of 8 observations in 2026-08 and 20 of 22 in 2026-09, so a disagreement with the majority is a NO-VERDICT, not a correction. A standing whose SIGN differs between the levels must not be banked from one invocation. The bank spans 180s — under an hour, so these are ONE session's draws and a              SINGLE-level verdict from them is weak evidence: the level this lane sits at has              been observed to differ BETWEEN sessions, which a bank this narrow cannot see.
    MIN-ESTIMATOR FT 2.58x FASTER     ratio 2.577 [2.493,2.676]  PT null 1.013 PASS  FT null 0.994 PASS  QUOTABLE under the min estimator
  conv2d_big_masked    8.345   11.109   FT 1.33x FASTER     PT PASS [0.975,1.034] FT OFFSET [0.957,1.067] ratio 1.331 [1.292,1.387] match incumbent=LEVEL-B/2 n2
  incumbent_mode lane=conv2d_big_masked drawn=11.109 ms  LEVEL B OF 2 — the banked population for this lane splits at a 1.44x gap:
      level A  n=8   median    6.155  range [5.522, 7.733]  spread 1.40x   [LEVEL SPREAD EXCEEDS THE GAP — suspect a third level]
      level B  n=2   median   11.406  range [11.109, 11.703]  spread 1.05x   <- THIS RUN
    This row is comparable ONLY to rows that drew level B. NEITHER LEVEL IS KNOWN TO BE THE CORRECT ONE and the harness does not assert one: on conv2d_big the ~6 ms level was 1 of 8 observations in 2026-08 and 20 of 22 in 2026-09, so a disagreement with the majority is a NO-VERDICT, not a correction. A standing whose SIGN differs between the levels must not be banked from one invocation. The bank spans 180s — under an hour, so these are ONE session's draws and a              SINGLE-level verdict from them is weak evidence: the level this lane sits at has              been observed to differ BETWEEN sessions, which a bank this narrow cannot see.
    NULL-FAILED: incumbent 0.998, FrankenTorch 1.021; each must be within +/-0.02 of 1.0 and carry a calm CI; do not quote this row
    MIN-ESTIMATOR FT 1.38x FASTER     ratio 1.376 [1.311,1.428]  PT null 0.995 PASS  FT null 1.007 PASS  QUOTABLE under the min estimator

--- invocation 10/10  16:26:51Z  loadavg=11.84 7.29 4.20
guard PASS: no peer measurement detected, loadavg 11.84/7.29/4.20 (spread 1.48x <= 4x, floor 8.00), iowait 0.0% <= 10%
  conv2d_big      4.087    5.782   FT 1.41x FASTER     PT PASS [0.933,1.064] FT OFFSET [0.955,1.111] ratio 1.415 [1.313,1.513] match incumbent=LEVEL-A/2 n9
  incumbent_mode lane=conv2d_big drawn=5.782 ms  LEVEL A OF 2 — the banked population for this lane splits at a 1.40x gap:
      level A  n=9   median    5.782  range [5.301, 7.674]  spread 1.45x   <- THIS RUN   [LEVEL SPREAD EXCEEDS THE GAP — suspect a third level]
      level B  n=2   median   10.977  range [10.744, 11.210]  spread 1.04x
    This row is comparable ONLY to rows that drew level A. NEITHER LEVEL IS KNOWN TO BE THE CORRECT ONE and the harness does not assert one: on conv2d_big the ~6 ms level was 1 of 8 observations in 2026-08 and 20 of 22 in 2026-09, so a disagreement with the majority is a NO-VERDICT, not a correction. A standing whose SIGN differs between the levels must not be banked from one invocation. The bank spans 211s — under an hour, so these are ONE session's draws and a              SINGLE-level verdict from them is weak evidence: the level this lane sits at has              been observed to differ BETWEEN sessions, which a bank this narrow cannot see.
    NULL-FAILED: incumbent 1.017, FrankenTorch 1.036; each must be within +/-0.02 of 1.0 and carry a calm CI; do not quote this row
    MIN-ESTIMATOR FT 1.37x FASTER     ratio 1.374 [1.240,1.477]  PT null 1.000 PASS  FT null 1.021 FAIL  not quotable
  conv2d_big_masked    8.407    5.812   FT 1.45x SLOWER     PT OFFSET [0.983,1.072] FT OFFSET [0.981,1.101] ratio 0.691 [0.654,0.750] match incumbent=LEVEL-A/2 n9
  incumbent_mode lane=conv2d_big_masked drawn=5.812 ms  LEVEL A OF 2 — the banked population for this lane splits at a 1.44x gap:
      level A  n=9   median    5.979  range [5.522, 7.733]  spread 1.40x   <- THIS RUN   [LEVEL SPREAD EXCEEDS THE GAP — suspect a third level]
      level B  n=2   median   11.406  range [11.109, 11.703]  spread 1.05x
    This row is comparable ONLY to rows that drew level A. NEITHER LEVEL IS KNOWN TO BE THE CORRECT ONE and the harness does not assert one: on conv2d_big the ~6 ms level was 1 of 8 observations in 2026-08 and 20 of 22 in 2026-09, so a disagreement with the majority is a NO-VERDICT, not a correction. A standing whose SIGN differs between the levels must not be banked from one invocation. The bank spans 211s — under an hour, so these are ONE session's draws and a              SINGLE-level verdict from them is weak evidence: the level this lane sits at has              been observed to differ BETWEEN sessions, which a bank this narrow cannot see.
    NULL-FAILED: incumbent 1.022, FrankenTorch 1.044; each must be within +/-0.02 of 1.0 and carry a calm CI; do not quote this row
    MIN-ESTIMATOR FT 1.58x SLOWER     ratio 0.632 [0.584,0.713]  PT null 0.989 PASS  FT null 1.032 FAIL  not quotable

bank lines for these lanes: 22
===== end 2026-09-01T16:27:15Z =====
