===== full-board incumbent check — torch:2 (CreamTrout) 2026-09-01T15:06:01Z =====
host=thinkstation1 nproc=64 HEAD=7d238cbf1ad50698f8b49729ee19f3259edc352c
elf_sha256=1c7bbababe8f725bfcf224abefc2e6dee4e9a292c483ee5e9708fb94920cad55
config: FT_H2H_LANES UNSET (all 66 lanes), FT_H2H_REPS=16 (DEFAULT_REPS), FT_H2H_WARMUP=16
compare against: 21 two-lane invocations, conv2d_big PT 5.06-6.38 (19) / 10.50-10.86 (2)
guard PASS: no peer measurement detected, loadavg 3.82/6.27/4.79 (spread 1.00x <= 4x, floor 8.00), iowait 0.0% <= 10%
guard_exit=0
/data/tmp/torchvenv-2121/lib/python3.12/site-packages/torch/_subclasses/functional_tensor.py:362: UserWarning: Failed to initialize NumPy: No module named 'numpy' (Triggered internally at /pytorch/torch/csrc/utils/tensor_numpy.cpp:84.)
  cpu = _conversion_method_template(device=torch.device("cpu"))
executing_elf_sha256=1c7bbababe8f725bfcf224abefc2e6dee4e9a292c483ee5e9708fb94920cad55
incumbent=PyTorch 2.12.1+cpu (self-reported by the arm, same invocation), threads=8
incumbent_rule=a delta whose incumbent arm moved (version, build, or measured time) is NOT a win
measurement_host=thinkstation1 cpu="AMD Ryzen Threadripper PRO 5975WX 32-Cores" isa=x86_64+avx2 governor=powersave rayon_threads=8 online_cpus=64
host_rule=both arms are sampled in ONE invocation on THIS machine; a row measured elsewhere is not comparable to this one, A/A PASS or not
measurement_slot=held [pid=1937845 host=thinkstation1 elf=1c7bbababe8f725b lanes=all]; no other live h2h announcement
concurrent_measurements=none ACTIVE (scanned /proc for other h2h harnesses, criterion benches and torch processes, then measured each candidate's local CPU over 300ms; this run's own incumbent child is excluded)
concurrent_measurements_idle=2 (matched by name, burning no local CPU — shell wrappers, and rch clients whose bench runs on a remote worker; reported, not voiding): h2h-harness[1895297] 0% h2h-harness[1937755] 0%
cpu_mhz min=1429 median=1429 max=4289 spread=3.001x; arms NOT pinned: our 64 rayon threads span every core including any parked at the floor, the incumbent's 8 land wherever the scheduler puts them, so this row's arms are NOT known to have run at comparable clocks
allocator=system (glibc malloc) — re-run with --features fair-alloc before quoting
measurement=OP WORK ONLY (forward+backward; leaf built outside the timer on BOTH sides)
sampling=balanced-square ABBAABBA (frankentorch-xdw0h); 16 rounds, four live samples per arm per round, torch threads=8
round_warmup=0 (FT_H2H_ROUND_WARMUP; discarded samples per lane per round, BOTH arms). 0 = the board's default: each lane's slot 0 each round arrives cold, which NEGATIVE_EVIDENCE item 147 measured at +20-30% on the summed conv2d lanes

lane          FT(ms)    PT(ms)   standing            PT/FT A/A gates and ratio CI                 parity
lane_count=67 rounds=16 (frankentorch-vyaia: the harness's own load scales with this product; a self-load bound quoted without it cannot be checked later)

CLOCKS DURING SAMPLING (sampled once per lane per round, both arms inside the same round)
  typical core   min 1429 median 1429 max 3434 MHz   (boost/thermal behaviour over time)
  CROSS-CORE SPREAD at one instant   min 1.253x median 3.004x max 3.018x   (how far apart two cores were WHILE we sampled)
  The spread is the number that decides comparability: it is what makes one arm's threads faster than the other's. Compare it against the idle snapshot in the cpu_mhz header line -- if the idle spread is large and this one is small, the cores boosted once work arrived and the clock confound did not bite.
load_series n=18 worst_drift=1.912x endpoint_gate=DRIFTED series_gate=DRIFTED (frankentorch-68pwz item 49: the endpoint pair cannot see a mid-run excursion; a divergence between these two gates IS the finding)
load_1m start=5.18 end=7.62 drift_gate=LOAD-DRIFTED — no row from this invocation is quotable, whatever its nulls say (max 1.25x) (frankentorch-2h8vi; the signal is DRIFT in either direction, not level — a steady busy host is measurable, a host that moves under the measurement is not)
self_load DIRECT=5.29 (both arms burned 1262.2 CPU-seconds over window=238s at lane_count=67 rounds=16) — measured on our own /proc accounting, so a peer's compile contributes nothing to it. Compare against frankentorch-5q3io's ~+0.62, which was inferred from loadavg deltas at an unrecorded lane count (frankentorch-vyaia acceptance item 2).
self_load rise=+3.33 (start 5.18 -> peak 8.51) over window=238s at lane_count=67 rounds=16 — loadavg is a 1-minute EWMA, so this window could show at most 98% of any sustained step (frankentorch-vyaia: measured, not assumed)
  max_pool1d      8.254    6.619   FT 1.25x SLOWER     PT FAIL [0.692,0.936] FT PASS [0.990,1.046] ratio 0.802 [0.727,0.854] match
    NULL-FAILED: incumbent 0.785, FrankenTorch 1.010; each must be within +/-0.02 of 1.0 and carry a calm CI; do not quote this row
    slot0/median(slot1..3) = 1.021 (our arm, per-round median over 16 rounds) <- the round's FIRST sample is COLD; NEGATIVE_EVIDENCE item 147. Re-run with FT_H2H_ROUND_WARMUP=1 to see whether the null follows it
    MIN-ESTIMATOR FT 1.51x SLOWER     ratio 0.661 [0.601,0.687]  PT null 0.844 FAIL  FT null 1.019 PASS  not quotable
  max_pool1d_zeroed   10.929    7.265   FT 1.50x SLOWER     PT PASS [0.857,1.084] FT PASS [0.967,1.035] ratio 0.665 [0.606,0.764] match
    slot0/median(slot1..3) = 0.935 (our arm, per-round median over 16 rounds)
    MIN-ESTIMATOR FT 1.86x SLOWER     ratio 0.538 [0.506,0.627]  PT null 0.945 FAIL  FT null 1.011 PASS  not quotable
  avg_pool1d      4.196    6.903   FT 1.65x FASTER     PT OFFSET [0.914,1.076] FT PASS [0.977,1.016] ratio 1.645 [1.503,1.724] match
    NULL-FAILED: incumbent 0.978, FrankenTorch 0.995; each must be within +/-0.02 of 1.0 and carry a calm CI; do not quote this row
      ROUNDS MAY CLEAR IT: worst null is 0.022 off 1.0 against a +/-0.02 band, which is sampling noise rather than a moving host. The null is a ratio of per-round medians, so try FT_H2H_REPS=32 (item 193c walked 16 -> 32 -> 64 to PASS at loadavg 22-35).
    slot0/median(slot1..3) = 1.025 (our arm, per-round median over 16 rounds) <- the round's FIRST sample is COLD; NEGATIVE_EVIDENCE item 147. Re-run with FT_H2H_ROUND_WARMUP=1 to see whether the null follows it
    MIN-ESTIMATOR FT 1.31x FASTER     ratio 1.313 [1.292,1.402]  PT null 0.982 PASS  FT null 1.012 PASS  not quotable — LOAD-DRIFTED (nulls passed; the host did not hold still)
  avg_pool1d_dense   11.424    8.323   FT 1.37x SLOWER     PT OFFSET [0.936,1.115] FT FAIL [0.941,0.988] ratio 0.729 [0.686,0.798] match
    NULL-FAILED: incumbent 1.051, FrankenTorch 0.957; each must be within +/-0.02 of 1.0 and carry a calm CI; do not quote this row
      ROUNDS MAY CLEAR IT: worst null is 0.051 off 1.0 against a +/-0.02 band, which is sampling noise rather than a moving host. The null is a ratio of per-round medians, so try FT_H2H_REPS=32 (item 193c walked 16 -> 32 -> 64 to PASS at loadavg 22-35).
    slot0/median(slot1..3) = 0.907 (our arm, per-round median over 16 rounds)
    MIN-ESTIMATOR FT 1.35x SLOWER     ratio 0.741 [0.699,0.763]  PT null 0.988 PASS  FT null 0.917 FAIL  not quotable
  avg_pool1d_dense_zeroed   15.994    8.926   FT 1.79x SLOWER     PT OFFSET [0.832,1.035] FT PASS [0.984,1.043] ratio 0.558 [0.499,0.582] match
    NULL-FAILED: incumbent 0.951, FrankenTorch 1.015; each must be within +/-0.02 of 1.0 and carry a calm CI; do not quote this row
      ROUNDS MAY CLEAR IT: worst null is 0.049 off 1.0 against a +/-0.02 band, which is sampling noise rather than a moving host. The null is a ratio of per-round medians, so try FT_H2H_REPS=32 (item 193c walked 16 -> 32 -> 64 to PASS at loadavg 22-35).
    slot0/median(slot1..3) = 0.936 (our arm, per-round median over 16 rounds)
    MIN-ESTIMATOR FT 2.04x SLOWER     ratio 0.490 [0.468,0.511]  PT null 0.963 FAIL  FT null 1.017 PASS  not quotable
  avg_pool1d_zeroed    5.542    6.370   FT 1.15x FASTER     PT OFFSET [0.893,1.055] FT PASS [0.951,1.090] ratio 1.149 [1.076,1.292] match
    NULL-FAILED: incumbent 0.965, FrankenTorch 1.002; each must be within +/-0.02 of 1.0 and carry a calm CI; do not quote this row
      ROUNDS MAY CLEAR IT: worst null is 0.035 off 1.0 against a +/-0.02 band, which is sampling noise rather than a moving host. The null is a ratio of per-round medians, so try FT_H2H_REPS=32 (item 193c walked 16 -> 32 -> 64 to PASS at loadavg 22-35).
    slot0/median(slot1..3) = 0.948 (our arm, per-round median over 16 rounds)
    MIN-ESTIMATOR FT 1.06x FASTER     ratio 1.063 [0.984,1.100]  PT null 0.997 PASS  FT null 0.977 FAIL  not quotable
  avg_pool2d      1.114    2.301   FT 2.07x FASTER     PT OFFSET [0.896,1.321] FT FAIL [1.344,1.609] ratio 2.066 [1.741,2.315] match
    NULL-FAILED: incumbent 1.066, FrankenTorch 1.501; each must be within +/-0.02 of 1.0 and carry a calm CI; do not quote this row
    slot0/median(slot1..3) = 2.106 (our arm, per-round median over 16 rounds) <- the round's FIRST sample is COLD; NEGATIVE_EVIDENCE item 147. Re-run with FT_H2H_ROUND_WARMUP=1 to see whether the null follows it
    MIN-ESTIMATOR FT 1.85x FASTER     ratio 1.845 [1.737,2.094]  PT null 1.148 FAIL  FT null 1.015 PASS  not quotable
  max_pool3d      1.379    0.870   FT 1.59x SLOWER     PT FAIL [1.186,1.515] FT PASS [0.865,1.079] ratio 0.630 [0.557,0.726] match
    NULL-FAILED: incumbent 1.345, FrankenTorch 0.985; each must be within +/-0.02 of 1.0 and carry a calm CI; do not quote this row
    slot0/median(slot1..3) = 1.194 (our arm, per-round median over 16 rounds) <- the round's FIRST sample is COLD; NEGATIVE_EVIDENCE item 147. Re-run with FT_H2H_ROUND_WARMUP=1 to see whether the null follows it
    MIN-ESTIMATOR FT 2.05x SLOWER     ratio 0.487 [0.433,0.587]  PT null 1.485 FAIL  FT null 0.952 FAIL  not quotable
  avg_pool2d_dense    2.526    2.425   FT 1.04x SLOWER     PT OFFSET [0.925,1.328] FT OFFSET [0.949,1.182] ratio 0.960 [0.834,1.071] match
    NULL-FAILED: incumbent 1.084, FrankenTorch 1.099; each must be within +/-0.02 of 1.0 and carry a calm CI; do not quote this row
    slot0/median(slot1..3) = 1.135 (our arm, per-round median over 16 rounds) <- the round's FIRST sample is COLD; NEGATIVE_EVIDENCE item 147. Re-run with FT_H2H_ROUND_WARMUP=1 to see whether the null follows it
    MIN-ESTIMATOR FT 1.13x SLOWER     ratio 0.883 [0.801,0.982]  PT null 1.092 FAIL  FT null 0.987 PASS  not quotable
  avg_pool2d_nopool_dense    2.533    2.463   FT 1.03x SLOWER     PT OFFSET [0.833,1.064] FT OFFSET [0.975,1.182] ratio 0.973 [0.824,1.062] match
    NULL-FAILED: incumbent 0.907, FrankenTorch 1.047; each must be within +/-0.02 of 1.0 and carry a calm CI; do not quote this row
    slot0/median(slot1..3) = 0.993 (our arm, per-round median over 16 rounds)
    MIN-ESTIMATOR FT 1.19x SLOWER     ratio 0.838 [0.777,0.924]  PT null 1.007 PASS  FT null 0.989 PASS  not quotable — LOAD-DRIFTED (nulls passed; the host did not hold still)
  avg_pool2d_dense_zeroed    3.149    2.465   FT 1.28x SLOWER     PT OFFSET [0.853,1.161] FT PASS [0.901,1.109] ratio 0.783 [0.718,0.911] match
    NULL-FAILED: incumbent 1.022, FrankenTorch 1.006; each must be within +/-0.02 of 1.0 and carry a calm CI; do not quote this row
      ROUNDS MAY CLEAR IT: worst null is 0.022 off 1.0 against a +/-0.02 band, which is sampling noise rather than a moving host. The null is a ratio of per-round medians, so try FT_H2H_REPS=32 (item 193c walked 16 -> 32 -> 64 to PASS at loadavg 22-35).
    slot0/median(slot1..3) = 0.913 (our arm, per-round median over 16 rounds)
    MIN-ESTIMATOR FT 1.34x SLOWER     ratio 0.746 [0.699,0.833]  PT null 1.110 FAIL  FT null 0.978 FAIL  not quotable
  max_pool3d_dense    2.017    1.045   FT 1.93x SLOWER     PT FAIL [1.029,1.221] FT OFFSET [0.722,1.020] ratio 0.518 [0.423,0.614] match
    NULL-FAILED: incumbent 1.123, FrankenTorch 0.834; each must be within +/-0.02 of 1.0 and carry a calm CI; do not quote this row
    slot0/median(slot1..3) = 1.002 (our arm, per-round median over 16 rounds)
    MIN-ESTIMATOR FT 2.22x SLOWER     ratio 0.451 [0.385,0.536]  PT null 1.306 FAIL  FT null 0.860 FAIL  not quotable
  max_pool3d_nopool_dense    2.342    1.012   FT 2.32x SLOWER     PT OFFSET [0.967,1.105] FT OFFSET [0.922,1.204] ratio 0.432 [0.355,0.505] match
    NULL-FAILED: incumbent 1.037, FrankenTorch 1.083; each must be within +/-0.02 of 1.0 and carry a calm CI; do not quote this row
    slot0/median(slot1..3) = 1.137 (our arm, per-round median over 16 rounds) <- the round's FIRST sample is COLD; NEGATIVE_EVIDENCE item 147. Re-run with FT_H2H_ROUND_WARMUP=1 to see whether the null follows it
    MIN-ESTIMATOR FT 2.51x SLOWER     ratio 0.398 [0.310,0.467]  PT null 1.073 FAIL  FT null 1.049 FAIL  not quotable
  max_pool1d_dense   15.040    8.464   FT 1.78x SLOWER     PT FAIL [0.694,0.914] FT PASS [0.973,1.008] ratio 0.563 [0.520,0.701] match
    NULL-FAILED: incumbent 0.779, FrankenTorch 0.988; each must be within +/-0.02 of 1.0 and carry a calm CI; do not quote this row
    slot0/median(slot1..3) = 0.981 (our arm, per-round median over 16 rounds)
    MIN-ESTIMATOR FT 2.12x SLOWER     ratio 0.472 [0.443,0.511]  PT null 0.809 FAIL  FT null 0.996 PASS  not quotable
  max_pool1d_nopool_dense   15.073    9.419   FT 1.60x SLOWER     PT PASS [0.809,1.039] FT PASS [0.983,1.023] ratio 0.625 [0.578,0.698] match
    slot0/median(slot1..3) = 1.002 (our arm, per-round median over 16 rounds)
    MIN-ESTIMATOR FT 1.96x SLOWER     ratio 0.510 [0.487,0.584]  PT null 0.888 FAIL  FT null 0.997 PASS  not quotable
  max_pool3d_nopool    1.573    0.933   FT 1.69x SLOWER     PT FAIL [1.073,1.394] FT WIDE [0.760,1.372] ratio 0.593 [0.533,0.746] match
    NULL-FAILED: incumbent 1.204, FrankenTorch 1.153; each must be within +/-0.02 of 1.0 and carry a calm CI; do not quote this row
    slot0/median(slot1..3) = 1.066 (our arm, per-round median over 16 rounds) <- the round's FIRST sample is COLD; NEGATIVE_EVIDENCE item 147. Re-run with FT_H2H_ROUND_WARMUP=1 to see whether the null follows it
    MIN-ESTIMATOR FT 2.03x SLOWER     ratio 0.493 [0.434,0.570]  PT null 1.435 FAIL  FT null 1.047 FAIL  not quotable
  avg_pool2d_nopool    1.212    1.958   FT 1.62x FASTER     PT OFFSET [0.994,1.249] FT FAIL [1.255,1.601] ratio 1.616 [1.494,1.812] match
    NULL-FAILED: incumbent 1.154, FrankenTorch 1.398; each must be within +/-0.02 of 1.0 and carry a calm CI; do not quote this row
    slot0/median(slot1..3) = 1.989 (our arm, per-round median over 16 rounds) <- the round's FIRST sample is COLD; NEGATIVE_EVIDENCE item 147. Re-run with FT_H2H_ROUND_WARMUP=1 to see whether the null follows it
    MIN-ESTIMATOR FT 1.71x FASTER     ratio 1.708 [1.503,1.881]  PT null 1.103 FAIL  FT null 0.997 PASS  not quotable
  max_pool1d_nopool    8.254    6.895   FT 1.20x SLOWER     PT OFFSET [0.773,1.104] FT PASS [0.964,1.022] ratio 0.835 [0.740,0.918] match
    NULL-FAILED: incumbent 0.904, FrankenTorch 0.989; each must be within +/-0.02 of 1.0 and carry a calm CI; do not quote this row
    slot0/median(slot1..3) = 1.007 (our arm, per-round median over 16 rounds)
    MIN-ESTIMATOR FT 1.48x SLOWER     ratio 0.678 [0.624,0.755]  PT null 0.828 FAIL  FT null 0.994 PASS  not quotable
  inplace_neg_f32    0.678    0.348   FT 1.95x SLOWER     PT WIDE [1.169,1.919] FT OFFSET [0.858,1.021] ratio 0.514 [0.406,0.617] match
    NULL-FAILED: incumbent 1.282, FrankenTorch 0.961; each must be within +/-0.02 of 1.0 and carry a calm CI; do not quote this row
    slot0/median(slot1..3) = 1.100 (our arm, per-round median over 16 rounds) <- the round's FIRST sample is COLD; NEGATIVE_EVIDENCE item 147. Re-run with FT_H2H_ROUND_WARMUP=1 to see whether the null follows it
    MIN-ESTIMATOR FT 2.29x SLOWER     ratio 0.437 [0.248,0.517]  PT null 1.341 FAIL  FT null 0.972 FAIL  not quotable
  inplace_exp_f32    4.498    0.899   FT 5.00x SLOWER     PT OFFSET [0.875,1.068] FT PASS [0.969,1.076] ratio 0.200 [0.191,0.223] match
    NULL-FAILED: incumbent 0.971, FrankenTorch 0.998; each must be within +/-0.02 of 1.0 and carry a calm CI; do not quote this row
      ROUNDS MAY CLEAR IT: worst null is 0.029 off 1.0 against a +/-0.02 band, which is sampling noise rather than a moving host. The null is a ratio of per-round medians, so try FT_H2H_REPS=32 (item 193c walked 16 -> 32 -> 64 to PASS at loadavg 22-35).
    slot0/median(slot1..3) = 1.039 (our arm, per-round median over 16 rounds) <- the round's FIRST sample is COLD; NEGATIVE_EVIDENCE item 147. Re-run with FT_H2H_ROUND_WARMUP=1 to see whether the null follows it
    MIN-ESTIMATOR FT 5.11x SLOWER     ratio 0.196 [0.191,0.205]  PT null 1.017 PASS  FT null 0.995 PASS  not quotable — LOAD-DRIFTED (nulls passed; the host did not hold still)
  inplace_mul_f32    1.158    0.925   FT 1.25x SLOWER     PT PASS [0.764,1.045] FT PASS [0.947,1.055] ratio 0.799 [0.728,0.909] match
    slot0/median(slot1..3) = 1.021 (our arm, per-round median over 16 rounds) <- the round's FIRST sample is COLD; NEGATIVE_EVIDENCE item 147. Re-run with FT_H2H_ROUND_WARMUP=1 to see whether the null follows it
    MIN-ESTIMATOR FT 1.45x SLOWER     ratio 0.688 [0.614,0.787]  PT null 0.926 FAIL  FT null 1.005 PASS  not quotable
  group_norm_f32    7.115    3.867   FT 1.84x SLOWER     PT OFFSET [0.781,1.091] FT FAIL [1.112,1.162] ratio 0.543 [0.454,0.612] match
    NULL-FAILED: incumbent 0.864, FrankenTorch 1.138; each must be within +/-0.02 of 1.0 and carry a calm CI; do not quote this row
    slot0/median(slot1..3) = 1.270 (our arm, per-round median over 16 rounds) <- the round's FIRST sample is COLD; NEGATIVE_EVIDENCE item 147. Re-run with FT_H2H_ROUND_WARMUP=1 to see whether the null follows it
    MIN-ESTIMATOR FT 2.31x SLOWER     ratio 0.434 [0.384,0.504]  PT null 0.830 FAIL  FT null 1.044 FAIL  not quotable
  group_norm_f32_zeroed    9.317    3.390   FT 2.75x SLOWER     PT OFFSET [0.969,1.272] FT PASS [0.970,1.042] ratio 0.364 [0.325,0.445] match
    NULL-FAILED: incumbent 1.084, FrankenTorch 0.991; each must be within +/-0.02 of 1.0 and carry a calm CI; do not quote this row
    slot0/median(slot1..3) = 0.951 (our arm, per-round median over 16 rounds)
    MIN-ESTIMATOR FT 2.97x SLOWER     ratio 0.336 [0.306,0.399]  PT null 1.038 FAIL  FT null 1.022 FAIL  not quotable
  group_norm_f32_dense_zeroed   51.378    9.443   FT 5.44x SLOWER     PT OFFSET [0.897,1.049] FT PASS [0.980,1.014] ratio 0.184 [0.159,0.202] match
    NULL-FAILED: incumbent 0.962, FrankenTorch 0.993; each must be within +/-0.02 of 1.0 and carry a calm CI; do not quote this row
      ROUNDS MAY CLEAR IT: worst null is 0.038 off 1.0 against a +/-0.02 band, which is sampling noise rather than a moving host. The null is a ratio of per-round medians, so try FT_H2H_REPS=32 (item 193c walked 16 -> 32 -> 64 to PASS at loadavg 22-35).
    slot0/median(slot1..3) = 0.988 (our arm, per-round median over 16 rounds)
    MIN-ESTIMATOR FT 6.01x SLOWER     ratio 0.166 [0.144,0.196]  PT null 1.015 PASS  FT null 0.999 PASS  not quotable — LOAD-DRIFTED (nulls passed; the host did not hold still)
  group_norm_f32_dense   51.063    8.868   FT 5.76x SLOWER     PT PASS [0.957,1.136] FT FAIL [0.965,0.996] ratio 0.174 [0.152,0.219] match
    NULL-FAILED: incumbent 0.993, FrankenTorch 0.979; each must be within +/-0.02 of 1.0 and carry a calm CI; do not quote this row
      ROUNDS MAY CLEAR IT: worst null is 0.021 off 1.0 against a +/-0.02 band, which is sampling noise rather than a moving host. The null is a ratio of per-round medians, so try FT_H2H_REPS=32 (item 193c walked 16 -> 32 -> 64 to PASS at loadavg 22-35).
    slot0/median(slot1..3) = 0.987 (our arm, per-round median over 16 rounds)
    MIN-ESTIMATOR FT 6.16x SLOWER     ratio 0.162 [0.138,0.195]  PT null 0.986 PASS  FT null 0.985 PASS  not quotable — LOAD-DRIFTED (nulls passed; the host did not hold still)
  batch_norm2d_f32_dense   49.639   10.518   FT 4.72x SLOWER     PT PASS [0.894,1.133] FT PASS [0.993,1.023] ratio 0.212 [0.187,0.233] MISMATCH
    slot0/median(slot1..3) = 1.002 (our arm, per-round median over 16 rounds)
    MIN-ESTIMATOR FT 5.20x SLOWER     ratio 0.192 [0.187,0.231]  PT null 0.980 FAIL  FT null 1.009 PASS  not quotable
  batch_norm2d_f64_dense   33.815   47.729   FT 1.41x FASTER     PT OFFSET [0.934,1.024] FT PASS [0.957,1.015] ratio 1.411 [1.374,1.512] match
    NULL-FAILED: incumbent 0.959, FrankenTorch 0.991; each must be within +/-0.02 of 1.0 and carry a calm CI; do not quote this row
      ROUNDS MAY CLEAR IT: worst null is 0.041 off 1.0 against a +/-0.02 band, which is sampling noise rather than a moving host. The null is a ratio of per-round medians, so try FT_H2H_REPS=32 (item 193c walked 16 -> 32 -> 64 to PASS at loadavg 22-35).
    slot0/median(slot1..3) = 0.989 (our arm, per-round median over 16 rounds)
    MIN-ESTIMATOR FT 1.39x FASTER     ratio 1.388 [1.360,1.453]  PT null 0.956 FAIL  FT null 0.994 PASS  not quotable
  group_norm_f32_kernels    5.011    3.998   FT 1.25x SLOWER     PT OFFSET [0.967,1.154] FT FAIL [1.247,1.324] ratio 0.798 [0.766,0.945] match
    NULL-FAILED: incumbent 1.056, FrankenTorch 1.288; each must be within +/-0.02 of 1.0 and carry a calm CI; do not quote this row
    slot0/median(slot1..3) = 1.568 (our arm, per-round median over 16 rounds) <- the round's FIRST sample is COLD; NEGATIVE_EVIDENCE item 147. Re-run with FT_H2H_ROUND_WARMUP=1 to see whether the null follows it
    MIN-ESTIMATOR FT 1.25x SLOWER     ratio 0.798 [0.705,0.860]  PT null 1.045 FAIL  FT null 1.045 FAIL  not quotable
  group_norm_f32_kernels_dense   37.871    9.039   FT 4.19x SLOWER     PT OFFSET [0.924,1.173] FT FAIL [0.837,0.912] ratio 0.239 [0.214,0.276] match
    NULL-FAILED: incumbent 1.021, FrankenTorch 0.880; each must be within +/-0.02 of 1.0 and carry a calm CI; do not quote this row
    slot0/median(slot1..3) = 0.709 (our arm, per-round median over 16 rounds)
    MIN-ESTIMATOR FT 3.39x SLOWER     ratio 0.295 [0.256,0.333]  PT null 1.038 FAIL  FT null 0.736 FAIL  not quotable
  group_norm_f32_kernels_serialfwd   14.873    3.472   FT 4.28x SLOWER     PT OFFSET [0.782,1.048] FT FAIL [1.015,1.106] ratio 0.233 [0.196,0.280] match
    NULL-FAILED: incumbent 0.837, FrankenTorch 1.064; each must be within +/-0.02 of 1.0 and carry a calm CI; do not quote this row
    slot0/median(slot1..3) = 1.087 (our arm, per-round median over 16 rounds) <- the round's FIRST sample is COLD; NEGATIVE_EVIDENCE item 147. Re-run with FT_H2H_ROUND_WARMUP=1 to see whether the null follows it
    MIN-ESTIMATOR FT 4.57x SLOWER     ratio 0.219 [0.177,0.272]  PT null 0.937 FAIL  FT null 1.041 FAIL  not quotable
  group_norm_f32_kernels_serialfwd_dense   44.607    9.851   FT 4.53x SLOWER     PT PASS [0.928,1.088] FT FAIL [0.860,0.918] ratio 0.221 [0.185,0.236] match
    NULL-FAILED: incumbent 1.012, FrankenTorch 0.889; each must be within +/-0.02 of 1.0 and carry a calm CI; do not quote this row
    slot0/median(slot1..3) = 0.790 (our arm, per-round median over 16 rounds)
    MIN-ESTIMATOR FT 4.39x SLOWER     ratio 0.228 [0.211,0.271]  PT null 0.981 PASS  FT null 0.795 FAIL  not quotable
  group_norm_f32_statskernels    3.795    3.439   FT 1.10x SLOWER     PT OFFSET [0.966,1.230] FT FAIL [1.140,1.224] ratio 0.906 [0.791,1.225] match
    NULL-FAILED: incumbent 1.095, FrankenTorch 1.176; each must be within +/-0.02 of 1.0 and carry a calm CI; do not quote this row
    slot0/median(slot1..3) = 1.368 (our arm, per-round median over 16 rounds) <- the round's FIRST sample is COLD; NEGATIVE_EVIDENCE item 147. Re-run with FT_H2H_ROUND_WARMUP=1 to see whether the null follows it
    MIN-ESTIMATOR FT 1.11x SLOWER     ratio 0.900 [0.790,1.122]  PT null 1.072 FAIL  FT null 1.048 FAIL  not quotable
  group_norm_f32_statskernels_recompute    4.896    3.464   FT 1.41x SLOWER     PT OFFSET [0.936,1.195] FT PASS [0.969,1.037] ratio 0.708 [0.646,0.843] match
    NULL-FAILED: incumbent 1.038, FrankenTorch 0.997; each must be within +/-0.02 of 1.0 and carry a calm CI; do not quote this row
      ROUNDS MAY CLEAR IT: worst null is 0.038 off 1.0 against a +/-0.02 band, which is sampling noise rather than a moving host. The null is a ratio of per-round medians, so try FT_H2H_REPS=32 (item 193c walked 16 -> 32 -> 64 to PASS at loadavg 22-35).
    slot0/median(slot1..3) = 0.984 (our arm, per-round median over 16 rounds)
    MIN-ESTIMATOR FT 1.58x SLOWER     ratio 0.635 [0.541,0.748]  PT null 1.058 FAIL  FT null 1.007 PASS  not quotable
  group_norm_f32_statskernels_dense   37.216    8.795   FT 4.23x SLOWER     PT OFFSET [0.841,1.127] FT FAIL [0.820,0.893] ratio 0.236 [0.199,0.259] match
    NULL-FAILED: incumbent 0.946, FrankenTorch 0.849; each must be within +/-0.02 of 1.0 and carry a calm CI; do not quote this row
    slot0/median(slot1..3) = 0.696 (our arm, per-round median over 16 rounds)
    MIN-ESTIMATOR FT 3.68x SLOWER     ratio 0.272 [0.241,0.314]  PT null 1.031 FAIL  FT null 0.718 FAIL  not quotable
  group_norm_f32_statskernels_recompute_dense   38.085    7.976   FT 4.78x SLOWER     PT OFFSET [0.923,1.148] FT PASS [0.975,1.042] ratio 0.209 [0.192,0.268] match
    NULL-FAILED: incumbent 1.078, FrankenTorch 1.004; each must be within +/-0.02 of 1.0 and carry a calm CI; do not quote this row
      ROUNDS MAY CLEAR IT: worst null is 0.078 off 1.0 against a +/-0.02 band, which is sampling noise rather than a moving host. The null is a ratio of per-round medians, so try FT_H2H_REPS=32 (item 193c walked 16 -> 32 -> 64 to PASS at loadavg 22-35).
    slot0/median(slot1..3) = 1.011 (our arm, per-round median over 16 rounds)
    MIN-ESTIMATOR FT 4.88x SLOWER     ratio 0.205 [0.195,0.250]  PT null 1.010 PASS  FT null 1.012 PASS  not quotable — LOAD-DRIFTED (nulls passed; the host did not hold still)
  prelu          11.045    5.213   FT 2.12x SLOWER     PT PASS [0.921,1.094] FT PASS [0.975,1.014] ratio 0.472 [0.432,0.584] match
    slot0/median(slot1..3) = 1.001 (our arm, per-round median over 16 rounds)
    MIN-ESTIMATOR FT 2.26x SLOWER     ratio 0.442 [0.402,0.527]  PT null 0.999 PASS  FT null 0.995 PASS  not quotable — LOAD-DRIFTED (nulls passed; the host did not hold still)
  prelu_dense    23.843   16.586   FT 1.44x SLOWER     PT OFFSET [0.866,1.066] FT PASS [0.982,1.014] ratio 0.696 [0.669,0.763] match
    NULL-FAILED: incumbent 0.953, FrankenTorch 1.000; each must be within +/-0.02 of 1.0 and carry a calm CI; do not quote this row
      ROUNDS MAY CLEAR IT: worst null is 0.047 off 1.0 against a +/-0.02 band, which is sampling noise rather than a moving host. The null is a ratio of per-round medians, so try FT_H2H_REPS=32 (item 193c walked 16 -> 32 -> 64 to PASS at loadavg 22-35).
    slot0/median(slot1..3) = 0.992 (our arm, per-round median over 16 rounds)
    MIN-ESTIMATOR FT 1.56x SLOWER     ratio 0.641 [0.611,0.727]  PT null 1.034 FAIL  FT null 0.995 PASS  not quotable
  prelu_noshortcut   14.751    5.379   FT 2.74x SLOWER     PT OFFSET [0.874,1.060] FT FAIL [1.003,1.032] ratio 0.365 [0.322,0.429] match
    NULL-FAILED: incumbent 0.979, FrankenTorch 1.020; each must be within +/-0.02 of 1.0 and carry a calm CI; do not quote this row
      ROUNDS MAY CLEAR IT: worst null is 0.021 off 1.0 against a +/-0.02 band, which is sampling noise rather than a moving host. The null is a ratio of per-round medians, so try FT_H2H_REPS=32 (item 193c walked 16 -> 32 -> 64 to PASS at loadavg 22-35).
    slot0/median(slot1..3) = 1.018 (our arm, per-round median over 16 rounds)
    MIN-ESTIMATOR FT 3.20x SLOWER     ratio 0.312 [0.283,0.388]  PT null 0.880 FAIL  FT null 1.007 PASS  not quotable
  avg_pool2d_zeroed    1.136    2.362   FT 2.08x FASTER     PT OFFSET [0.883,1.259] FT OFFSET [0.829,1.116] ratio 2.080 [1.563,2.331] match
    NULL-FAILED: incumbent 0.970, FrankenTorch 0.943; each must be within +/-0.02 of 1.0 and carry a calm CI; do not quote this row
      ROUNDS MAY CLEAR IT: worst null is 0.057 off 1.0 against a +/-0.02 band, which is sampling noise rather than a moving host. The null is a ratio of per-round medians, so try FT_H2H_REPS=32 (item 193c walked 16 -> 32 -> 64 to PASS at loadavg 22-35).
    slot0/median(slot1..3) = 1.061 (our arm, per-round median over 16 rounds) <- the round's FIRST sample is COLD; NEGATIVE_EVIDENCE item 147. Re-run with FT_H2H_ROUND_WARMUP=1 to see whether the null follows it
    MIN-ESTIMATOR FT 1.97x FASTER     ratio 1.967 [1.333,2.289]  PT null 1.128 FAIL  FT null 0.851 FAIL  not quotable
  conv2d          2.595    2.837   FT 1.09x FASTER     PT FAIL [1.059,1.511] FT OFFSET [0.896,1.047] ratio 1.093 [1.001,1.351] match
    NULL-FAILED: incumbent 1.346, FrankenTorch 0.968; each must be within +/-0.02 of 1.0 and carry a calm CI; do not quote this row
    slot0/median(slot1..3) = 1.002 (our arm, per-round median over 16 rounds)
    MIN-ESTIMATOR FT 1.26x SLOWER     ratio 0.792 [0.685,1.060]  PT null 1.520 FAIL  FT null 0.992 PASS  not quotable
  conv2d_masked    4.600    2.835   FT 1.62x SLOWER     PT PASS [0.871,1.130] FT OFFSET [0.918,1.023] ratio 0.616 [0.567,0.737] match
    NULL-FAILED: incumbent 0.992, FrankenTorch 0.959; each must be within +/-0.02 of 1.0 and carry a calm CI; do not quote this row
      ROUNDS MAY CLEAR IT: worst null is 0.041 off 1.0 against a +/-0.02 band, which is sampling noise rather than a moving host. The null is a ratio of per-round medians, so try FT_H2H_REPS=32 (item 193c walked 16 -> 32 -> 64 to PASS at loadavg 22-35).
    slot0/median(slot1..3) = 0.961 (our arm, per-round median over 16 rounds)
    MIN-ESTIMATOR FT 2.05x SLOWER     ratio 0.488 [0.408,0.569]  PT null 0.819 FAIL  FT null 0.976 FAIL  not quotable
  conv2d_big      4.192    5.523   FT 1.32x FASTER     PT OFFSET [0.991,1.155] FT OFFSET [0.920,1.008] ratio 1.318 [1.247,1.426] match
    NULL-FAILED: incumbent 1.104, FrankenTorch 0.946; each must be within +/-0.02 of 1.0 and carry a calm CI; do not quote this row
    slot0/median(slot1..3) = 0.983 (our arm, per-round median over 16 rounds)
    MIN-ESTIMATOR FT 1.22x FASTER     ratio 1.220 [1.057,1.372]  PT null 1.048 FAIL  FT null 0.991 PASS  not quotable
  conv2d_big_masked    8.727    5.721   FT 1.53x SLOWER     PT PASS [0.900,1.044] FT OFFSET [0.988,1.089] ratio 0.656 [0.595,0.695] match
    NULL-FAILED: incumbent 0.990, FrankenTorch 1.024; each must be within +/-0.02 of 1.0 and carry a calm CI; do not quote this row
      ROUNDS MAY CLEAR IT: worst null is 0.024 off 1.0 against a +/-0.02 band, which is sampling noise rather than a moving host. The null is a ratio of per-round medians, so try FT_H2H_REPS=32 (item 193c walked 16 -> 32 -> 64 to PASS at loadavg 22-35).
    slot0/median(slot1..3) = 0.978 (our arm, per-round median over 16 rounds)
    MIN-ESTIMATOR FT 1.68x SLOWER     ratio 0.597 [0.508,0.655]  PT null 0.998 PASS  FT null 0.999 PASS  not quotable — LOAD-DRIFTED (nulls passed; the host did not hold still)
  conv2d_big_masked_tile    8.444    5.572   FT 1.52x SLOWER     PT PASS [0.932,1.103] FT OFFSET [0.924,1.020] ratio 0.660 [0.622,0.706] match
    NULL-FAILED: incumbent 1.016, FrankenTorch 0.959; each must be within +/-0.02 of 1.0 and carry a calm CI; do not quote this row
      ROUNDS MAY CLEAR IT: worst null is 0.041 off 1.0 against a +/-0.02 band, which is sampling noise rather than a moving host. The null is a ratio of per-round medians, so try FT_H2H_REPS=32 (item 193c walked 16 -> 32 -> 64 to PASS at loadavg 22-35).
    slot0/median(slot1..3) = 0.940 (our arm, per-round median over 16 rounds)
    MIN-ESTIMATOR FT 1.66x SLOWER     ratio 0.604 [0.560,0.667]  PT null 1.081 FAIL  FT null 0.948 FAIL  not quotable
  conv2d_big_masked_train   11.314    9.616   FT 1.18x SLOWER     PT PASS [0.954,1.074] FT OFFSET [0.920,1.042] ratio 0.850 [0.808,0.963] match
    NULL-FAILED: incumbent 1.005, FrankenTorch 0.969; each must be within +/-0.02 of 1.0 and carry a calm CI; do not quote this row
      ROUNDS MAY CLEAR IT: worst null is 0.031 off 1.0 against a +/-0.02 band, which is sampling noise rather than a moving host. The null is a ratio of per-round medians, so try FT_H2H_REPS=32 (item 193c walked 16 -> 32 -> 64 to PASS at loadavg 22-35).
    slot0/median(slot1..3) = 0.927 (our arm, per-round median over 16 rounds)
    MIN-ESTIMATOR FT 1.14x SLOWER     ratio 0.876 [0.816,0.939]  PT null 1.005 PASS  FT null 0.957 FAIL  not quotable
  conv2d_big_masked_panel   20.926    5.617   FT 3.73x SLOWER     PT PASS [0.955,1.070] FT OFFSET [0.955,1.022] ratio 0.268 [0.256,0.302] match
    NULL-FAILED: incumbent 1.009, FrankenTorch 0.970; each must be within +/-0.02 of 1.0 and carry a calm CI; do not quote this row
      ROUNDS MAY CLEAR IT: worst null is 0.030 off 1.0 against a +/-0.02 band, which is sampling noise rather than a moving host. The null is a ratio of per-round medians, so try FT_H2H_REPS=32 (item 193c walked 16 -> 32 -> 64 to PASS at loadavg 22-35).
    slot0/median(slot1..3) = 0.971 (our arm, per-round median over 16 rounds)
    MIN-ESTIMATOR FT 4.06x SLOWER     ratio 0.246 [0.235,0.266]  PT null 1.073 FAIL  FT null 0.967 FAIL  not quotable
  conv2d_big_masked_train_panel   22.790    9.692   FT 2.35x SLOWER     PT PASS [0.962,1.053] FT PASS [0.960,1.055] ratio 0.425 [0.404,0.456] match
    slot0/median(slot1..3) = 0.955 (our arm, per-round median over 16 rounds)
    MIN-ESTIMATOR FT 2.43x SLOWER     ratio 0.411 [0.395,0.429]  PT null 1.034 FAIL  FT null 0.982 PASS  not quotable
  conv2d_xl      25.531   39.162   FT 1.53x FASTER     PT PASS [0.959,1.004] FT FAIL [0.808,0.847] ratio 1.534 [1.494,1.596] match
    NULL-FAILED: incumbent 0.982, FrankenTorch 0.831; each must be within +/-0.02 of 1.0 and carry a calm CI; do not quote this row
    slot0/median(slot1..3) = 0.653 (our arm, per-round median over 16 rounds)
    MIN-ESTIMATOR FT 2.17x FASTER     ratio 2.174 [2.098,2.272]  PT null 0.992 PASS  FT null 0.682 FAIL  not quotable
  conv2d_xl_masked   39.853   40.489   FT 1.02x FASTER     PT PASS [0.959,1.022] FT PASS [0.970,1.017] ratio 1.016 [0.983,1.045] match
    slot0/median(slot1..3) = 0.999 (our arm, per-round median over 16 rounds)
    MIN-ESTIMATOR FT 1.00x SLOWER     ratio 0.997 [0.965,1.020]  PT null 0.982 PASS  FT null 0.983 PASS  not quotable — LOAD-DRIFTED (nulls passed; the host did not hold still)
  conv2d_xl_legacy   28.961   39.037   FT 1.35x FASTER     PT PASS [0.964,1.022] FT PASS [0.992,1.022] ratio 1.348 [1.334,1.383] match
    slot0/median(slot1..3) = 1.025 (our arm, per-round median over 16 rounds) <- the round's FIRST sample is COLD; NEGATIVE_EVIDENCE item 147. Re-run with FT_H2H_ROUND_WARMUP=1 to see whether the null follows it
    MIN-ESTIMATOR FT 1.34x FASTER     ratio 1.337 [1.290,1.379]  PT null 0.994 PASS  FT null 1.019 PASS  not quotable — LOAD-DRIFTED (nulls passed; the host did not hold still)
  conv2d_masked_warm    4.486    3.405   FT 1.32x SLOWER     PT FAIL [1.011,1.254] FT PASS [0.935,1.012] ratio 0.759 [0.661,0.815] match
    NULL-FAILED: incumbent 1.128, FrankenTorch 0.982; each must be within +/-0.02 of 1.0 and carry a calm CI; do not quote this row
    slot0/median(slot1..3) = 0.985 (our arm, per-round median over 16 rounds)
    MIN-ESTIMATOR FT 1.78x SLOWER     ratio 0.563 [0.421,0.660]  PT null 1.365 FAIL  FT null 0.948 FAIL  not quotable
    session split: forward (pad + conv + fused mask + sum) 3.838 ms | backward (tape walk + dsum + grad alloc) 4.324 ms of this lane's 5.700 ms. Subtract conv2d_masked_train_kernels' own forward/backward frames to get the session and tape cost of each half separately.
  conv2d_masked_train    5.700    4.785   FT 1.19x SLOWER     PT PASS [0.940,1.106] FT PASS [0.933,1.121] ratio 0.839 [0.766,0.903] match
    slot0/median(slot1..3) = 1.010 (our arm, per-round median over 16 rounds)
    MIN-ESTIMATOR FT 1.39x SLOWER     ratio 0.722 [0.663,0.843]  PT null 0.963 FAIL  FT null 0.998 PASS  not quotable
    frames: pad 0.461 ms | forward 1.363 ms | backward 2.868 ms of this lane's 5.506 ms. Session cost = conv2d_masked_train - (this - pad); the uncorrected subtraction charges a pad the session pays in another form.
  conv2d_masked_train_kernels    5.506    4.732   FT 1.16x SLOWER     PT OFFSET [0.925,1.065] FT PASS [0.920,1.077] ratio 0.859 [0.817,0.942] match
    NULL-FAILED: incumbent 1.023, FrankenTorch 0.987; each must be within +/-0.02 of 1.0 and carry a calm CI; do not quote this row
      ROUNDS MAY CLEAR IT: worst null is 0.023 off 1.0 against a +/-0.02 band, which is sampling noise rather than a moving host. The null is a ratio of per-round medians, so try FT_H2H_REPS=32 (item 193c walked 16 -> 32 -> 64 to PASS at loadavg 22-35).
    slot0/median(slot1..3) = 1.035 (our arm, per-round median over 16 rounds) <- the round's FIRST sample is COLD; NEGATIVE_EVIDENCE item 147. Re-run with FT_H2H_ROUND_WARMUP=1 to see whether the null follows it
    MIN-ESTIMATOR FT 1.14x SLOWER     ratio 0.878 [0.796,0.910]  PT null 1.007 PASS  FT null 0.975 FAIL  not quotable
    sentinel: streamed dweight ran 80 time(s) in the incumbent conv2d_masked_train and 0 time(s) in this forced-legacy arm. The pair prices the lever only if the first is NONZERO and the second is ZERO — a lever that never executed and a lever with no effect read identically.
  conv2d_masked_train_dwpanel    7.671    4.865   FT 1.58x SLOWER     PT PASS [0.958,1.063] FT OFFSET [0.998,1.152] ratio 0.634 [0.601,0.693] match
    NULL-FAILED: incumbent 0.985, FrankenTorch 1.089; each must be within +/-0.02 of 1.0 and carry a calm CI; do not quote this row
    slot0/median(slot1..3) = 1.116 (our arm, per-round median over 16 rounds) <- the round's FIRST sample is COLD; NEGATIVE_EVIDENCE item 147. Re-run with FT_H2H_ROUND_WARMUP=1 to see whether the null follows it
    MIN-ESTIMATOR FT 1.76x SLOWER     ratio 0.569 [0.519,0.664]  PT null 0.959 FAIL  FT null 1.069 FAIL  not quotable
  conv2d_masked_train_panel    6.637    4.921   FT 1.35x SLOWER     PT OFFSET [0.970,1.143] FT PASS [0.937,1.050] ratio 0.741 [0.697,0.777] match
    NULL-FAILED: incumbent 1.066, FrankenTorch 1.010; each must be within +/-0.02 of 1.0 and carry a calm CI; do not quote this row
      ROUNDS MAY CLEAR IT: worst null is 0.066 off 1.0 against a +/-0.02 band, which is sampling noise rather than a moving host. The null is a ratio of per-round medians, so try FT_H2H_REPS=32 (item 193c walked 16 -> 32 -> 64 to PASS at loadavg 22-35).
    slot0/median(slot1..3) = 0.942 (our arm, per-round median over 16 rounds)
    MIN-ESTIMATOR FT 1.51x SLOWER     ratio 0.664 [0.613,0.691]  PT null 1.069 FAIL  FT null 0.992 PASS  not quotable
  conv2d_f32     37.859   12.116   FT 3.12x SLOWER     PT OFFSET [0.991,1.127] FT PASS [0.992,1.036] ratio 0.320 [0.310,0.339] match
    NULL-FAILED: incumbent 1.079, FrankenTorch 1.014; each must be within +/-0.02 of 1.0 and carry a calm CI; do not quote this row
      ROUNDS MAY CLEAR IT: worst null is 0.079 off 1.0 against a +/-0.02 band, which is sampling noise rather than a moving host. The null is a ratio of per-round medians, so try FT_H2H_REPS=32 (item 193c walked 16 -> 32 -> 64 to PASS at loadavg 22-35).
    slot0/median(slot1..3) = 1.002 (our arm, per-round median over 16 rounds)
    MIN-ESTIMATOR FT 3.39x SLOWER     ratio 0.295 [0.279,0.309]  PT null 1.083 FAIL  FT null 1.017 PASS  not quotable
  conv2d_f32_kernels   35.870   12.053   FT 2.98x SLOWER     PT PASS [0.953,1.059] FT PASS [0.959,1.027] ratio 0.336 [0.314,0.355] match
    pad_ms = 4.702 of this lane's 35.870 ms is a hand-rolled zero-init + SERIAL scalar copy, not kernel work. The session cost is conv2d_f32 - (this - pad_ms), NOT conv2d_f32 - this; the uncorrected subtraction has been reading NEGATIVE.
    slot0/median(slot1..3) = 0.944 (our arm, per-round median over 16 rounds)
    MIN-ESTIMATOR FT 3.11x SLOWER     ratio 0.321 [0.300,0.337]  PT null 0.972 FAIL  FT null 0.968 FAIL  not quotable
  conv2d_f32_kernels_masked   57.594   13.236   FT 4.35x SLOWER     PT PASS [0.968,1.055] FT PASS [0.972,1.033] ratio 0.230 [0.221,0.243] match
    pad_ms = 4.702 of this lane's 57.594 ms is a hand-rolled zero-init + SERIAL scalar copy, not kernel work. The session cost is conv2d_f32 - (this - pad_ms), NOT conv2d_f32 - this; the uncorrected subtraction has been reading NEGATIVE.
    slot0/median(slot1..3) = 1.003 (our arm, per-round median over 16 rounds)
    MIN-ESTIMATOR FT 4.46x SLOWER     ratio 0.224 [0.215,0.237]  PT null 1.019 PASS  FT null 0.990 PASS  not quotable — LOAD-DRIFTED (nulls passed; the host did not hold still)
  conv2d_f32_masked   57.620   13.591   FT 4.24x SLOWER     PT PASS [0.946,1.108] FT FAIL [0.964,0.999] ratio 0.236 [0.222,0.257] match
    NULL-FAILED: incumbent 1.016, FrankenTorch 0.984; each must be within +/-0.02 of 1.0 and carry a calm CI; do not quote this row
      ROUNDS MAY CLEAR IT: worst null is 0.016 off 1.0 against a +/-0.02 band, which is sampling noise rather than a moving host. The null is a ratio of per-round medians, so try FT_H2H_REPS=32 (item 193c walked 16 -> 32 -> 64 to PASS at loadavg 22-35).
    slot0/median(slot1..3) = 0.988 (our arm, per-round median over 16 rounds)
    MIN-ESTIMATOR FT 4.69x SLOWER     ratio 0.213 [0.201,0.228]  PT null 1.025 FAIL  FT null 0.991 PASS  not quotable
  conv2d_f32_masked_train   71.799   20.225   FT 3.55x SLOWER     PT PASS [0.957,1.055] FT PASS [0.987,1.032] ratio 0.282 [0.276,0.297] match
    slot0/median(slot1..3) = 0.998 (our arm, per-round median over 16 rounds)
    MIN-ESTIMATOR FT 3.67x SLOWER     ratio 0.273 [0.258,0.284]  PT null 1.018 PASS  FT null 1.019 PASS  not quotable — LOAD-DRIFTED (nulls passed; the host did not hold still)
    sentinel: streamed f32 dweight ran 80 time(s) in the incumbent conv2d_f32_masked_train and 0 time(s) in this forced-legacy arm. The pair prices the lever only if the first is NONZERO and the second is ZERO.
  conv2d_f32_masked_train_dwpanel  135.943   19.961   FT 6.81x SLOWER     PT PASS [0.912,1.039] FT PASS [0.983,1.016] ratio 0.147 [0.143,0.153] match
    slot0/median(slot1..3) = 0.998 (our arm, per-round median over 16 rounds)
    MIN-ESTIMATOR FT 7.17x SLOWER     ratio 0.140 [0.133,0.146]  PT null 1.012 PASS  FT null 1.006 PASS  not quotable — LOAD-DRIFTED (nulls passed; the host did not hold still)
  conv2d_f32_masked_panel  122.639   13.331   FT 9.20x SLOWER     PT OFFSET [0.966,1.107] FT PASS [0.968,1.036] ratio 0.109 [0.102,0.119] match
    NULL-FAILED: incumbent 1.021, FrankenTorch 1.000; each must be within +/-0.02 of 1.0 and carry a calm CI; do not quote this row
      ROUNDS MAY CLEAR IT: worst null is 0.021 off 1.0 against a +/-0.02 band, which is sampling noise rather than a moving host. The null is a ratio of per-round medians, so try FT_H2H_REPS=32 (item 193c walked 16 -> 32 -> 64 to PASS at loadavg 22-35).
    slot0/median(slot1..3) = 1.010 (our arm, per-round median over 16 rounds)
    MIN-ESTIMATOR FT 9.66x SLOWER     ratio 0.104 [0.098,0.111]  PT null 1.037 FAIL  FT null 0.995 PASS  not quotable
  linear_wide     1.670    2.315   FT 1.39x FASTER     PT OFFSET [0.985,1.102] FT PASS [0.849,1.135] ratio 1.386 [1.228,1.549] match
    NULL-FAILED: incumbent 1.041, FrankenTorch 1.015; each must be within +/-0.02 of 1.0 and carry a calm CI; do not quote this row
      ROUNDS MAY CLEAR IT: worst null is 0.041 off 1.0 against a +/-0.02 band, which is sampling noise rather than a moving host. The null is a ratio of per-round medians, so try FT_H2H_REPS=32 (item 193c walked 16 -> 32 -> 64 to PASS at loadavg 22-35).
    slot0/median(slot1..3) = 1.213 (our arm, per-round median over 16 rounds) <- the round's FIRST sample is COLD; NEGATIVE_EVIDENCE item 147. Re-run with FT_H2H_ROUND_WARMUP=1 to see whether the null follows it
    MIN-ESTIMATOR FT 1.55x FASTER     ratio 1.546 [1.320,1.719]  PT null 1.100 FAIL  FT null 0.880 FAIL  not quotable
  linear_narrow    4.019    7.161   FT 1.78x FASTER     PT FAIL [1.020,1.091] FT OFFSET [0.883,1.134] ratio 1.782 [1.705,1.972] match
    NULL-FAILED: incumbent 1.058, FrankenTorch 1.030; each must be within +/-0.02 of 1.0 and carry a calm CI; do not quote this row
      ROUNDS MAY CLEAR IT: worst null is 0.058 off 1.0 against a +/-0.02 band, which is sampling noise rather than a moving host. The null is a ratio of per-round medians, so try FT_H2H_REPS=32 (item 193c walked 16 -> 32 -> 64 to PASS at loadavg 22-35).
    slot0/median(slot1..3) = 1.090 (our arm, per-round median over 16 rounds) <- the round's FIRST sample is COLD; NEGATIVE_EVIDENCE item 147. Re-run with FT_H2H_ROUND_WARMUP=1 to see whether the null follows it
    MIN-ESTIMATOR FT 1.86x FASTER     ratio 1.865 [1.700,1.941]  PT null 1.086 FAIL  FT null 0.966 FAIL  not quotable
  attention      12.689   11.726   FT 1.08x SLOWER     PT OFFSET [0.991,1.057] FT PASS [0.970,1.049] ratio 0.924 [0.886,0.944] match
    NULL-FAILED: incumbent 1.034, FrankenTorch 0.996; each must be within +/-0.02 of 1.0 and carry a calm CI; do not quote this row
      ROUNDS MAY CLEAR IT: worst null is 0.034 off 1.0 against a +/-0.02 band, which is sampling noise rather than a moving host. The null is a ratio of per-round medians, so try FT_H2H_REPS=32 (item 193c walked 16 -> 32 -> 64 to PASS at loadavg 22-35).
    frames: forward 4.995 ms | loss sum 0.125 ms | backward 9.487 ms of this lane's 12.689 ms. Forward is tiled QK-to-softmax-to-V; backward recomputes per-head score scratch.
    slot0/median(slot1..3) = 1.022 (our arm, per-round median over 16 rounds) <- the round's FIRST sample is COLD; NEGATIVE_EVIDENCE item 147. Re-run with FT_H2H_ROUND_WARMUP=1 to see whether the null follows it
    MIN-ESTIMATOR FT 1.19x SLOWER     ratio 0.844 [0.800,0.893]  PT null 1.025 FAIL  FT null 1.029 FAIL  not quotable
  conv3d          3.478    6.229   FT 1.79x FASTER     PT FAIL [1.013,1.131] FT FAIL [0.911,0.982] ratio 1.791 [1.706,1.836] match
    NULL-FAILED: incumbent 1.048, FrankenTorch 0.950; each must be within +/-0.02 of 1.0 and carry a calm CI; do not quote this row
      ROUNDS MAY CLEAR IT: worst null is 0.050 off 1.0 against a +/-0.02 band, which is sampling noise rather than a moving host. The null is a ratio of per-round medians, so try FT_H2H_REPS=32 (item 193c walked 16 -> 32 -> 64 to PASS at loadavg 22-35).
    slot0/median(slot1..3) = 0.945 (our arm, per-round median over 16 rounds)
    MIN-ESTIMATOR FT 1.65x FASTER     ratio 1.652 [1.560,1.784]  PT null 1.129 FAIL  FT null 0.927 FAIL  not quotable
  conv3d_masked    7.360    6.409   FT 1.15x SLOWER     PT OFFSET [0.929,1.019] FT FAIL [1.551,1.727] ratio 0.871 [0.835,0.905] match
    NULL-FAILED: incumbent 0.969, FrankenTorch 1.647; each must be within +/-0.02 of 1.0 and carry a calm CI; do not quote this row
    slot0/median(slot1..3) = 2.325 (our arm, per-round median over 16 rounds) <- the round's FIRST sample is COLD; NEGATIVE_EVIDENCE item 147. Re-run with FT_H2H_ROUND_WARMUP=1 to see whether the null follows it
    MIN-ESTIMATOR FT 1.24x SLOWER     ratio 0.806 [0.764,0.853]  PT null 0.950 FAIL  FT null 1.003 PASS  not quotable

Quote a lane only if both A/A gates say PASS, their point estimates are within +/-0.02 of 1.0, and parity is `match`. WIDE means the null's
CI exceeded 0.60 — the sample was too noisy to support ANY verdict, so the row is
undecidable rather than a win or a loss (frankentorch-8ieqm). Op-work ratios are NOT
comparable to the gauntlet's whole-step ratios, which include each lane's input rebuild.

buffer_pool: hits=1097 misses=1303 parked=64 buffers / 231.8 MiB

PAIRED max_pool1d: uninit output ON vs OFF, one binary, one invocation, per-round square medians
  ratio (off/on) = 1.324x  95% CI [1.279,1.368]  16/16 rounds faster with the uninit output
  incumbent control PT(off)/PT(on) = 1.135 (paired by sample index; must be ~1.0, the arm is identical code)
  verdict: UNREADABLE — the incumbent control moved, so the host shifted between the two lanes
  --- same rounds, per-round MIN estimator (frankentorch-rled4) ---
  ratio (off/on) = 1.291x  95% CI [1.238,1.335]  16/16 rounds faster
  incumbent control = 1.063
  verdict: UNREADABLE — the incumbent control moved
  estimator agreement: the two estimators agree on DIRECTION

PAIRED avg_pool1d_dense: uninit output ON vs OFF, one binary, one invocation, per-round square medians
  ratio (off/on) = 1.400x  95% CI [1.375,1.433]  16/16 rounds faster with the uninit output
  incumbent control PT(off)/PT(on) = 1.071 (paired by sample index; must be ~1.0, the arm is identical code)
  verdict: UNREADABLE — the incumbent control moved, so the host shifted between the two lanes
  --- same rounds, per-round MIN estimator (frankentorch-rled4) ---
  ratio (off/on) = 1.454x  95% CI [1.398,1.481]  16/16 rounds faster
  incumbent control = 0.985
  verdict: the uninit output is FASTER by the paired CI
  estimator agreement: the two estimators agree on DIRECTION

PAIRED avg_pool1d: uninit output ON vs OFF, one binary, one invocation, per-round square medians
  ratio (off/on) = 1.321x  95% CI [1.285,1.367]  16/16 rounds faster with the uninit output
  incumbent control PT(off)/PT(on) = 0.949 (paired by sample index; must be ~1.0, the arm is identical code)
  verdict: UNREADABLE — the incumbent control moved, so the host shifted between the two lanes
  --- same rounds, per-round MIN estimator (frankentorch-rled4) ---
  ratio (off/on) = 1.261x  95% CI [1.238,1.332]  16/16 rounds faster
  incumbent control = 1.012
  verdict: the uninit output is FASTER by the paired CI
  estimator agreement: the two estimators agree on DIRECTION

PAIRED avg_pool2d_dense: buffer pool ON vs OFF, one binary, one invocation, per-round square medians
  ratio (off/on) = 1.003x  95% CI [0.902,1.081]  8/16 rounds faster with the buffer pool
  incumbent control PT(off)/PT(on) = 0.942 (paired by sample index; must be ~1.0, the arm is identical code)
  verdict: UNREADABLE — the incumbent control moved, so the host shifted between the two lanes
  --- same rounds, per-round MIN estimator (frankentorch-rled4) ---
  ratio (off/on) = 1.037x  95% CI [0.941,1.101]  7/16 rounds faster
  incumbent control = 0.988
  verdict: UNDECIDED — the paired CI brackets 1.0
  estimator agreement: the two estimators agree on DIRECTION

PAIRED avg_pool2d_dense: uninit output ON vs OFF, one binary, one invocation, per-round square medians
  ratio (off/on) = 1.246x  95% CI [1.092,1.318]  15/16 rounds faster with the uninit output
  incumbent control PT(off)/PT(on) = 0.987 (paired by sample index; must be ~1.0, the arm is identical code)
  verdict: the uninit output is FASTER by the paired CI
  --- same rounds, per-round MIN estimator (frankentorch-rled4) ---
  ratio (off/on) = 1.195x  95% CI [1.110,1.263]  13/16 rounds faster
  incumbent control = 1.030
  verdict: the uninit output is FASTER by the paired CI
  estimator agreement: the two estimators agree on DIRECTION

PAIRED max_pool3d_dense: buffer pool ON vs OFF, one binary, one invocation, per-round square medians
  ratio (off/on) = 1.161x  95% CI [0.953,1.537]  8/16 rounds faster with the buffer pool
  incumbent control PT(off)/PT(on) = 0.957 (paired by sample index; must be ~1.0, the arm is identical code)
  verdict: UNDECIDED — the paired CI brackets 1.0
  --- same rounds, per-round MIN estimator (frankentorch-rled4) ---
  ratio (off/on) = 1.192x  95% CI [0.974,1.579]  9/16 rounds faster
  incumbent control = 1.036
  verdict: UNDECIDED — the paired CI brackets 1.0
  estimator agreement: the two estimators agree on DIRECTION

PAIRED max_pool1d_dense: buffer pool ON vs OFF, one binary, one invocation, per-round square medians
  ratio (off/on) = 1.002x  95% CI [0.993,1.015]  9/16 rounds faster with the buffer pool
  incumbent control PT(off)/PT(on) = 1.046 (paired by sample index; must be ~1.0, the arm is identical code)
  verdict: UNDECIDED — the paired CI brackets 1.0
  --- same rounds, per-round MIN estimator (frankentorch-rled4) ---
  ratio (off/on) = 1.013x  95% CI [0.996,1.023]  9/16 rounds faster
  incumbent control = 1.116
  verdict: UNREADABLE — the incumbent control moved
  estimator agreement: the two estimators agree on DIRECTION

PAIRED max_pool3d: buffer pool ON vs OFF, one binary, one invocation, per-round square medians
  ratio (off/on) = 1.141x  95% CI [0.898,1.280]  7/16 rounds faster with the buffer pool
  incumbent control PT(off)/PT(on) = 1.032 (paired by sample index; must be ~1.0, the arm is identical code)
  verdict: UNDECIDED — the paired CI brackets 1.0
  --- same rounds, per-round MIN estimator (frankentorch-rled4) ---
  ratio (off/on) = 0.950x  95% CI [0.840,1.124]  5/16 rounds faster
  incumbent control = 0.985
  verdict: UNDECIDED — the paired CI brackets 1.0
  estimator agreement: WARNING — the two estimators DISAGREE on direction; this row is not usable under either

PAIRED avg_pool2d: buffer pool ON vs OFF, one binary, one invocation, per-round square medians
  ratio (off/on) = 1.088x  95% CI [0.997,1.250]  8/16 rounds faster with the buffer pool
  incumbent control PT(off)/PT(on) = 0.938 (paired by sample index; must be ~1.0, the arm is identical code)
  verdict: UNREADABLE — the incumbent control moved, so the host shifted between the two lanes
  --- same rounds, per-round MIN estimator (frankentorch-rled4) ---
  ratio (off/on) = 1.064x  95% CI [0.971,1.170]  10/16 rounds faster
  incumbent control = 0.925
  verdict: UNREADABLE — the incumbent control moved
  estimator agreement: the two estimators agree on DIRECTION

PAIRED max_pool1d: buffer pool ON vs OFF, one binary, one invocation, per-round square medians
  ratio (off/on) = 1.000x  95% CI [0.967,1.035]  9/16 rounds faster with the buffer pool
  incumbent control PT(off)/PT(on) = 1.021 (paired by sample index; must be ~1.0, the arm is identical code)
  verdict: UNDECIDED — the paired CI brackets 1.0
  --- same rounds, per-round MIN estimator (frankentorch-rled4) ---
  ratio (off/on) = 1.013x  95% CI [0.969,1.034]  9/16 rounds faster
  incumbent control = 1.054
  verdict: UNREADABLE — the incumbent control moved
  estimator agreement: WARNING — the two estimators DISAGREE on direction; this row is not usable under either

PAIRED group_norm_f32: uninit output ON vs OFF, one binary, one invocation, per-round square medians
  ratio (off/on) = 1.310x  95% CI [1.247,1.365]  16/16 rounds faster with the uninit output
  incumbent control PT(off)/PT(on) = 0.924 (paired by sample index; must be ~1.0, the arm is identical code)
  verdict: UNREADABLE — the incumbent control moved, so the host shifted between the two lanes
  --- same rounds, per-round MIN estimator (frankentorch-rled4) ---
  ratio (off/on) = 1.286x  95% CI [1.222,1.329]  16/16 rounds faster
  incumbent control = 0.939
  verdict: UNREADABLE — the incumbent control moved
  estimator agreement: the two estimators agree on DIRECTION

PAIRED group_norm_f32_dense: uninit output ON vs OFF, one binary, one invocation, per-round square medians
  ratio (off/on) = 1.006x  95% CI [0.989,1.021]  7/16 rounds faster with the uninit output
  incumbent control PT(off)/PT(on) = 0.979 (paired by sample index; must be ~1.0, the arm is identical code)
  verdict: UNDECIDED — the paired CI brackets 1.0
  --- same rounds, per-round MIN estimator (frankentorch-rled4) ---
  ratio (off/on) = 1.009x  95% CI [0.986,1.027]  8/16 rounds faster
  incumbent control = 0.983
  verdict: UNDECIDED — the paired CI brackets 1.0
  estimator agreement: the two estimators agree on DIRECTION

PAIRED group_norm_f32_kernels: parallel forward gate ON vs OFF, one binary, one invocation, per-round square medians
  ratio (off/on) = 2.968x  95% CI [2.849,3.203]  16/16 rounds faster with the parallel forward gate
  incumbent control PT(off)/PT(on) = 0.907 (paired by sample index; must be ~1.0, the arm is identical code)
  verdict: UNREADABLE — the incumbent control moved, so the host shifted between the two lanes
  --- same rounds, per-round MIN estimator (frankentorch-rled4) ---
  ratio (off/on) = 2.985x  95% CI [2.925,3.116]  16/16 rounds faster
  incumbent control = 0.851
  verdict: UNREADABLE — the incumbent control moved
  estimator agreement: the two estimators agree on DIRECTION

PAIRED group_norm_f32_statskernels: forward-statistics reuse ON vs OFF, one binary, one invocation, per-round square medians
  ratio (off/on) = 1.290x  95% CI [1.278,1.339]  16/16 rounds faster with the forward-statistics reuse
  incumbent control PT(off)/PT(on) = 0.993 (paired by sample index; must be ~1.0, the arm is identical code)
  verdict: the forward-statistics reuse is FASTER by the paired CI
  --- same rounds, per-round MIN estimator (frankentorch-rled4) ---
  ratio (off/on) = 1.343x  95% CI [1.308,1.366]  16/16 rounds faster
  incumbent control = 0.937
  verdict: UNREADABLE — the incumbent control moved
  estimator agreement: the two estimators agree on DIRECTION

PAIRED prelu: sum shortcut ON vs OFF, one binary, one invocation, per-round square medians
  ratio (off/on) = 1.336x  95% CI [1.319,1.353]  16/16 rounds faster with the sum shortcut
  incumbent control PT(off)/PT(on) = 0.965 (paired by sample index; must be ~1.0, the arm is identical code)
  verdict: the sum shortcut is FASTER by the paired CI
  --- same rounds, per-round MIN estimator (frankentorch-rled4) ---
  ratio (off/on) = 1.350x  95% CI [1.323,1.371]  16/16 rounds faster
  incumbent control = 0.944
  verdict: UNREADABLE — the incumbent control moved
  estimator agreement: the two estimators agree on DIRECTION

PAIRED avg_pool2d: uninit output ON vs OFF, one binary, one invocation, per-round square medians
  ratio (off/on) = 1.020x  95% CI [0.918,1.163]  9/16 rounds faster with the uninit output
  incumbent control PT(off)/PT(on) = 0.962 (paired by sample index; must be ~1.0, the arm is identical code)
  verdict: UNDECIDED — the paired CI brackets 1.0
  --- same rounds, per-round MIN estimator (frankentorch-rled4) ---
  ratio (off/on) = 0.968x  95% CI [0.926,1.252]  7/16 rounds faster
  incumbent control = 0.904
  verdict: UNREADABLE — the incumbent control moved
  estimator agreement: WARNING — the two estimators DISAGREE on direction; this row is not usable under either

GROUP_NORM f32 KERNEL BREAKDOWN (FrankenTorch-internal attribution, min of 9; NOT a ratio)
  numel=6422528  groups=32  cpg=2  spatial=3136  rayon_threads=8
  forward_f32                 3.400 ms   schedule PARALLEL: 1024 groups; the numel-only gate (6422528 vs NORM_FWD_PARALLEL_MIN 524288) would have said PARALLEL
  forward_f32 SERIAL         20.329 ms   same kernel, schedule forced off, interleaved rep-by-rep (sentinel for the _serialfwd lane)
  sum_tensor_contiguous_f32   0.581 ms
  backward_scalar_f32         3.830 ms   (cpg==2 path, unconditionally parallel)
  total                       7.811 ms
  ---- same three kernels, one timed step, two estimators (frankentorch-59kjf) ----
  step min of 40               4.029 ms   comparable to the per-kernel figures above
  step lane estimator         4.291 ms   median of 4 per round, then median over 10 rounds
  estimator ratio             1.065x  (lane estimator / min; if this alone reaches ~2.4x the lane's missing 57% is the ESTIMATOR, not allocation)
  ---- one group's reduction, sequential vs 8 accumulators (frankentorch-zv1y1) ----
  reduce sequential           5.551 us   6272 elems, one dependency chain — what every statistic pass costs today
  reduce 8 accumulators       0.701 us   same data, same rep, chain broken 8 ways
  reduction headroom          7.919x  (NOT bit-exact: reassociation moves mean/rstd/output by an ULP; this prices the tolerance question, it does not answer it)

MAX_POOL3D KERNEL BREAKDOWN (FrankenTorch-internal attribution, min of 9; NOT a ratio)
  input numel=1048576  output numel=131072  kernel 2x2x2 stride 2x2x2  rayon_threads=8
  forward_with_indices_f64     0.343 ms   reads 1048576 elems, 8 comparisons per output
  backward NONOVERLAPPING      0.434 ms   the route ft-api actually takes (kernel == stride); scatters 131072 values into a dense 1048576-element buffer
  backward generic scatter     0.520 ms   same data, same rep, bit-identical output — what the specialisation buys
  total on the live route      0.777 ms
run_exit=0
===== end 2026-09-01T15:10:19Z =====
