=== REDISPATCHED DURATION-EXCLUSIVE H2H RECERTIFICATION: MAX_POOL1D LEGACY ROW ===
started_utc=2026-09-01T20:53:05Z
runtime_head=a00af8abc02211df84daab2fe4b9a5d37fd8c90e
banked_clean_overlay_base=18c330dcf4db8cc4ad8c4fca5add9391fa6f6a7e
binary_surface_equivalence=PASS (runtime_head has no Cargo.toml,Cargo.lock,crates,scripts delta from build base)
clean_overlay_build_command=RCH_REQUIRE_REMOTE=1 RCH_VISIBILITY=summary RCH_ENV_ALLOWLIST=CARGO_TARGET_DIR CARGO_TARGET_DIR=/data/tmp/ft-mdsmm-redispatch-18c330dc-ivorybirch rch exec --no-self-healing --base 18c330dcf4db8cc4ad8c4fca5add9391fa6f6a7e --clean-overlay --no-overlay -- cargo build --release -j2 -p frankentorch-api --features fair-alloc --example gauntlet_lane_sweep_h2h
clean_overlay_remote_worker=hz4
clean_overlay_build_exit=0
elf=/data/tmp/ft-mdsmm-redispatch-18c330dc-ivorybirch/release/examples/gauntlet_lane_sweep_h2h
elf_sha256=b394bac7c2104fcdb1c36f8312f10cb0c4ac242e35faa095084dc9219030c4d5
runtime_command=FT_H2H_WINDOW_WAIT=60 PYTORCH_PYTHON=/data/tmp/torchvenv-2121/bin/python RAYON_NUM_THREADS=64 FT_H2H_LANES_EXACT=1 FT_H2H_LANES=max_pool1d FT_H2H_REPS=32 FT_H2H_WARMUP=32 FT_H2H_ROUND_WARMUP=0 scripts/h2h_window.sh /data/tmp/ft-mdsmm-redispatch-18c330dc-ivorybirch/release/examples/gauntlet_lane_sweep_h2h
--- runtime transcript ---
guard PASS: no peer measurement detected, loadavg 10.22/7.56/5.62 (spread 1.82x <= 4x, floor 8.00), iowait 0.0% <= 10%
/data/tmp/torchvenv-2121/lib/python3.12/site-packages/torch/_subclasses/functional_tensor.py:362: UserWarning: Failed to initialize NumPy: No module named 'numpy' (Triggered internally at /pytorch/torch/csrc/utils/tensor_numpy.cpp:84.)
  cpu = _conversion_method_template(device=torch.device("cpu"))
executing_elf_sha256=b394bac7c2104fcdb1c36f8312f10cb0c4ac242e35faa095084dc9219030c4d5
incumbent=PyTorch 2.12.1+cpu (self-reported by the arm, same invocation), threads=8
incumbent_rule=a delta whose incumbent arm moved (version, build, or measured time) is NOT a win
measurement_host=thinkstation1 cpu="AMD Ryzen Threadripper PRO 5975WX 32-Cores" isa=x86_64+avx2 governor=powersave rayon_threads=64 online_cpus=64
host_rule=both arms are sampled in ONE invocation on THIS machine; a row measured elsewhere is not comparable to this one, A/A PASS or not
measurement_slot=held [pid=1289249 host=thinkstation1 elf=b394bac7c2104fcd lanes=max_pool1d]; no other live h2h announcement
concurrent_measurements=none ACTIVE (scanned /proc for other h2h harnesses, criterion benches and torch processes, then measured each candidate's local CPU over 300ms; this run's own incumbent child is excluded)
concurrent_measurements_idle=3 (matched by name, burning no local CPU — shell wrappers, and rch clients whose bench runs on a remote worker; reported, not voiding): criterion-bench[1250312] 0% h2h-harness[1238958] 0% h2h-harness[1238966] 0%
cpu_mhz min=1429 median=1429 max=4289 spread=3.001x; arms NOT pinned: our 64 rayon threads span every core including any parked at the floor, the incumbent's 8 land wherever the scheduler puts them, so this row's arms are NOT known to have run at comparable clocks
allocator=mimalloc (--features fair-alloc)
measurement=OP WORK ONLY (forward+backward; leaf built outside the timer on BOTH sides)
sampling=balanced-square ABBAABBA (frankentorch-xdw0h); 32 rounds, four live samples per arm per round, torch threads=8
round_warmup=0 (FT_H2H_ROUND_WARMUP; discarded samples per lane per round, BOTH arms). 0 = the board's default: each lane's slot 0 each round arrives cold, which NEGATIVE_EVIDENCE item 147 measured at +20-30% on the summed conv2d lanes

lane          FT(ms)    PT(ms)   standing            PT/FT A/A gates and ratio CI                 parity
lane_filter="max_pool1d" match=exact kept=1 of the full set (frankentorch-68pwz item 58; item 226: substring is the default, FT_H2H_LANES_EXACT=1 narrows it)
lane_count=1 rounds=32 (frankentorch-vyaia: the harness's own load scales with this product; a self-load bound quoted without it cannot be checked later)

CLOCKS DURING SAMPLING (sampled once per lane per round, both arms inside the same round)
  typical core   min 1429 median 2544 max 3429 MHz   (boost/thermal behaviour over time)
  CROSS-CORE SPREAD at one instant   min 1.572x median 3.004x max 3.007x   (how far apart two cores were WHILE we sampled)
  The spread is the number that decides comparability: it is what makes one arm's threads faster than the other's. Compare it against the idle snapshot in the cpu_mhz header line -- if the idle spread is large and this one is small, the cores boosted once work arrived and the clock confound did not bite.
load_series n=34 worst_drift=1.109x endpoint_gate=PASS series_gate=PASS (frankentorch-68pwz item 49: the endpoint pair cannot see a mid-run excursion; a divergence between these two gates IS the finding)
load_1m start=9.67 end=8.72 drift_gate=PASS (frankentorch-2h8vi; the signal is DRIFT in either direction, not level — a steady busy host is measurable, a host that moves under the measurement is not)
self_load DIRECT=36.62 (both arms burned 283.2 CPU-seconds over window=8s at lane_count=1 rounds=32) — measured on our own /proc accounting, so a peer's compile contributes nothing to it. Compare against frankentorch-5q3io's ~+0.62, which was inferred from loadavg deltas at an unrecorded lane count (frankentorch-vyaia acceptance item 2).
self_load rise=+0.00 (start 9.67 -> peak 9.67) over window=8s at lane_count=1 rounds=32 — loadavg is a 1-minute EWMA, so this window could show at most 12% of any sustained step (frankentorch-vyaia: measured, not assumed)
self_load NOT INTERPRETABLE: a 8s window is shorter than the loadavg time constant, so this rise is a floor and a +0.00 is not evidence of anything. If the whole rise were ours and sustained it would imply 0.00. Re-derive the bound on a FULL sweep — the configuration every banked row and frankentorch-5q3io's stale ~+0.62 were taken under (frankentorch-vyaia).
  max_pool1d      6.290    7.788   FT 1.24x FASTER     PT OFFSET [0.912,1.053] FT OFFSET [0.950,1.012] ratio 1.238 [1.136,1.300] match incumbent=NO-HISTORY
  incumbent_mode lane=max_pool1d drawn=7.788 ms  NO HISTORY — first observation for this lane, shape and torch build. This row's incumbent has nothing to be compared against, so the row is ONE INVOCATION SHORT OF READABLE however its nulls read.
    NULL-FAILED: incumbent 0.966, FrankenTorch 0.975; each must be within +/-0.02 of 1.0 and carry a calm CI; do not quote this row
      ROUNDS MAY CLEAR IT: worst null is 0.034 off 1.0 against a +/-0.02 band, which is sampling noise rather than a moving host. The null is a ratio of per-round medians, so try FT_H2H_REPS=64 (item 193c walked 16 -> 32 -> 64 to PASS at loadavg 22-35).
    slot0/median(slot1..3) = 1.034 (our arm, per-round median over 32 rounds) <- the round's FIRST sample is COLD; NEGATIVE_EVIDENCE item 147. Re-run with FT_H2H_ROUND_WARMUP=1 to see whether the null follows it
    MIN-ESTIMATOR FT 1.04x SLOWER     ratio 0.963 [0.922,1.039]  PT null 1.020 FAIL  FT null 0.992 PASS  not quotable

Quote a lane only if both A/A gates say PASS, their point estimates are within +/-0.02 of 1.0, and parity is `match`. WIDE means the null's
CI exceeded 0.60 — the sample was too noisy to support ANY verdict, so the row is
undecidable rather than a win or a loss (frankentorch-8ieqm). Op-work ratios are NOT
comparable to the gauntlet's whole-step ratios, which include each lane's input rebuild.

buffer_pool: hits=159 misses=1 parked=1 buffers / 32.0 MiB

GROUP_NORM f32 KERNEL BREAKDOWN (FrankenTorch-internal attribution, min of 9; NOT a ratio)
  numel=6422528  groups=32  cpg=2  spatial=3136  rayon_threads=64
  forward_f32                 1.124 ms   schedule PARALLEL: 1024 groups; the numel-only gate (6422528 vs NORM_FWD_PARALLEL_MIN 524288) would have said PARALLEL
  forward_f32 SERIAL         20.969 ms   same kernel, schedule forced off, interleaved rep-by-rep (sentinel for the _serialfwd lane)
  sum_tensor_contiguous_f32   0.765 ms
  backward_scalar_f32         1.931 ms   (cpg==2 path, unconditionally parallel)
  total                       3.820 ms
  ---- same three kernels, one timed step, two estimators (frankentorch-59kjf) ----
  step min of 40               3.646 ms   comparable to the per-kernel figures above
  step lane estimator         4.550 ms   median of 4 per round, then median over 10 rounds
  estimator ratio             1.248x  (lane estimator / min; if this alone reaches ~2.4x the lane's missing 57% is the ESTIMATOR, not allocation)
  ---- one group's reduction, sequential vs 8 accumulators (frankentorch-zv1y1) ----
  reduce sequential           4.428 us   6272 elems, one dependency chain — what every statistic pass costs today
  reduce 8 accumulators       0.561 us   same data, same rep, chain broken 8 ways
  reduction headroom          7.893x  (NOT bit-exact: reassociation moves mean/rstd/output by an ULP; this prices the tolerance question, it does not answer it)

MAX_POOL3D KERNEL BREAKDOWN (FrankenTorch-internal attribution, min of 9; NOT a ratio)
  input numel=1048576  output numel=131072  kernel 2x2x2 stride 2x2x2  rayon_threads=64
  forward_with_indices_f64     0.602 ms   reads 1048576 elems, 8 comparisons per output
  backward NONOVERLAPPING      0.632 ms   the route ft-api actually takes (kernel == stride); scatters 131072 values into a dense 1048576-element buffer
  backward generic scatter     0.940 ms   same data, same rep, bit-identical output — what the specialisation buys
  total on the live route      1.235 ms

runtime_exit=0
completed_utc=2026-09-01T20:55:40Z
