===== torch:3 self-calibrated re-certification 2026-09-01T23:00:00Z =====
head=4608af6700dd645647758bcfacc5012d49903f68
source_status_at_start:
 M .beads/issues.jsonl
 M artifacts/frankentorch-mdsmm_repro.log
 M artifacts/frankentorch-valnx_repro.log
 M artifacts/perf/incumbent_bank.jsonl
?? 9
?? artifacts/frankentorch-prelu-current-loss-t4t2b_repro.log
?? artifacts/perf/frankentorch-mdsmm/linear_narrow_selfcal_gate_torch2.log
?? artifacts/perf/frankentorch-mdsmm/linear_wide_inflation_verifier_torch4.log
?? artifacts/perf/frankentorch-mdsmm/torch3_recert_4608af67.log
artifact=/data/tmp/frankentorch-torch4-linearwide-verify-4608af67/release/examples/gauntlet_lane_sweep_h2h
ede88ca89bed34a62e74ffb7cdf7a4021810d1193b9166d02c4b5fee054a5d65  /data/tmp/frankentorch-torch4-linearwide-verify-4608af67/release/examples/gauntlet_lane_sweep_h2h
incumbent_bank_snapshot_before:
b6e89d07afb0c5d9ca7ad3f8239105adea1589c41b62fac2da54f18af7751495  /data/tmp/ft-torch3-mdsmm-bank-4608af67.jsonl
runtime_command=FT_H2H_WINDOW_WAIT=60 PYTORCH_PYTHON=/data/tmp/torchvenv-2121/bin/python RAYON_NUM_THREADS=8 FT_H2H_LANES_EXACT=1 FT_H2H_LANES=conv2d,conv2d_masked FT_H2H_REPS=24 FT_H2H_WARMUP=16 FT_H2H_ROUND_WARMUP=0 FT_H2H_INCUMBENT_BANK=/data/tmp/ft-torch3-mdsmm-bank-4608af67.jsonl scripts/h2h_window.sh <elf>
guard PASS: no peer measurement detected, loadavg 5.19/4.32/3.86 (spread 1.00x <= 4x, floor 8.00), iowait 0.0% <= 10%
/data/tmp/torchvenv-2121/lib/python3.12/site-packages/torch/_subclasses/functional_tensor.py:362: UserWarning: Failed to initialize NumPy: No module named 'numpy' (Triggered internally at /pytorch/torch/csrc/utils/tensor_numpy.cpp:84.)
  cpu = _conversion_method_template(device=torch.device("cpu"))
executing_elf_sha256=ede88ca89bed34a62e74ffb7cdf7a4021810d1193b9166d02c4b5fee054a5d65
incumbent=PyTorch 2.12.1+cpu (self-reported by the arm, same invocation), threads=8
incumbent_rule=a delta whose incumbent arm moved (version, build, or measured time) is NOT a win
measurement_host=thinkstation1 cpu="AMD Ryzen Threadripper PRO 5975WX 32-Cores" isa=x86_64+avx2 governor=powersave rayon_threads=8 online_cpus=64
host_rule=both arms are sampled in ONE invocation on THIS machine; a row measured elsewhere is not comparable to this one, A/A PASS or not
measurement_slot=held [pid=2875737 host=thinkstation1 elf=ede88ca89bed34a6 lanes=conv2d,conv2d_masked]; no other live h2h announcement
concurrent_measurements=none ACTIVE (scanned /proc for other h2h harnesses, criterion benches and torch processes, then measured each candidate's local CPU over 300ms; this run's own incumbent child is excluded)
concurrent_measurements_idle=2 (matched by name, burning no local CPU — shell wrappers, and rch clients whose bench runs on a remote worker; reported, not voiding): h2h-harness[2876331] 0% h2h-harness[2876336] 0%
cpu_mhz min=1429 median=2488 max=4292 spread=3.004x; arms NOT pinned: our 64 rayon threads span every core including any parked at the floor, the incumbent's 8 land wherever the scheduler puts them, so this row's arms are NOT known to have run at comparable clocks
allocator=mimalloc (--features fair-alloc)
measurement=OP WORK ONLY (forward+backward; leaf built outside the timer on BOTH sides)
sampling=balanced-square ABBAABBA (frankentorch-xdw0h); 24 rounds, four live samples per arm per round, torch threads=8
round_warmup=0 (FT_H2H_ROUND_WARMUP; discarded samples per lane per round, BOTH arms). 0 = the board's default: each lane's slot 0 each round arrives cold, which NEGATIVE_EVIDENCE item 147 measured at +20-30% on the summed conv2d lanes

lane          FT(ms)    PT(ms)   standing            PT/FT A/A gates and ratio CI                 parity
lane_filter="conv2d,conv2d_masked" match=exact kept=2 of the full set (frankentorch-68pwz item 58; item 226: substring is the default, FT_H2H_LANES_EXACT=1 narrows it)
lane_count=2 rounds=24 (frankentorch-vyaia: the harness's own load scales with this product; a self-load bound quoted without it cannot be checked later)

CLOCKS DURING SAMPLING (sampled once per lane per round, both arms inside the same round)
  typical core   min 1429 median 2958 max 3434 MHz   (boost/thermal behaviour over time)
  CROSS-CORE SPREAD at one instant   min 3.003x median 3.004x max 3.011x   (how far apart two cores were WHILE we sampled)
  The spread is the number that decides comparability: it is what makes one arm's threads faster than the other's. Compare it against the idle snapshot in the cpu_mhz header line -- if the idle spread is large and this one is small, the cores boosted once work arrived and the clock confound did not bite.
load_series n=26 worst_drift=1.000x endpoint_gate=PASS series_gate=PASS (frankentorch-68pwz item 49: the endpoint pair cannot see a mid-run excursion; a divergence between these two gates IS the finding)
load_1m start=7.01 end=7.01 drift_gate=PASS (frankentorch-2h8vi; the signal is DRIFT in either direction, not level — a steady busy host is measurable, a host that moves under the measurement is not)
self_load DIRECT=65.63 (both arms burned 128.6 CPU-seconds over window=2s at lane_count=2 rounds=24) — measured on our own /proc accounting, so a peer's compile contributes nothing to it. Compare against frankentorch-5q3io's ~+0.62, which was inferred from loadavg deltas at an unrecorded lane count (frankentorch-vyaia acceptance item 2).
self_load rise=+0.00 (start 7.01 -> peak 7.01) over window=2s at lane_count=2 rounds=24 — loadavg is a 1-minute EWMA, so this window could show at most 3% of any sustained step (frankentorch-vyaia: measured, not assumed)
self_load NOT INTERPRETABLE: a 2s window is shorter than the loadavg time constant, so this rise is a floor and a +0.00 is not evidence of anything. If the whole rise were ours and sustained it would imply 0.00. Re-derive the bound on a FULL sweep — the configuration every banked row and frankentorch-5q3io's stale ~+0.62 were taken under (frankentorch-vyaia).
  conv2d          2.538    2.842   FT 1.12x FASTER     PT PASS 1.016 perm[0.783,1.258] [0.874,1.127] FT PASS 1.027 perm[0.959,1.040] [0.933,1.096] ratio 1.120 [1.028,1.194] match incumbent=SINGLE/n17
    legacy fixed +/-0.02 band would have said PT PASS / FT FAIL (superseded by the self-calibrated band; frankentorch-mdsmm.1)
  incumbent_mode lane=conv2d drawn=2.842 ms  SINGLE LEVEL (n=17, median 2.878, range [2.346, 3.534], spread 1.51x) — no second level banked for this lane, so this row is comparable to the other 16. The bank spans 0.2 days.
    slot0/median(slot1..3) = 0.989 (our arm, per-round median over 24 rounds)
    slot0/median(slot1..3) = 0.912 (incumbent arm, per-round median over 24 rounds) <- the incumbent's FIRST sample of each round differs from its warm ones; excluded from the null by construction, reported here instead
    MIN-ESTIMATOR FT 1.18x SLOWER     ratio 0.848 [0.720,0.937]  PT null 1.168 FAIL  FT null 1.005 PASS  not quotable
  conv2d_masked    4.688    3.084   FT 1.52x SLOWER     PT PASS 0.980 perm[0.758,1.277] [0.861,1.036] FT PASS 0.997 perm[0.953,1.050] [0.956,1.079] ratio 0.658 [0.567,0.703] match incumbent=SINGLE/n17
    legacy fixed +/-0.02 band would have said PT FAIL / FT PASS (superseded by the self-calibrated band; frankentorch-mdsmm.1)
  incumbent_mode lane=conv2d_masked drawn=3.084 ms  SINGLE LEVEL (n=17, median 3.142, range [2.693, 3.799], spread 1.41x) — no second level banked for this lane, so this row is comparable to the other 16. The bank spans 0.2 days.
    slot0/median(slot1..3) = 0.968 (our arm, per-round median over 24 rounds)
    slot0/median(slot1..3) = 0.724 (incumbent arm, per-round median over 24 rounds) <- the incumbent's FIRST sample of each round differs from its warm ones; excluded from the null by construction, reported here instead
    MIN-ESTIMATOR FT 2.15x SLOWER     ratio 0.466 [0.408,0.522]  PT null 1.060 FAIL  FT null 1.005 PASS  not quotable

A/A columns read `<verdict> <point> [<envelope>]`. THE BAND APPLIES TO THE POINT, NOT THE ENVELOPE:
the gate is |point-1| <= 0.02, plus an envelope that brackets 1.0 and is at most
0.60 wide. An envelope wider than the point band is NORMAL and is not a gate failure — it is a
bootstrap CI, and holding a CI inside +/-0.02 would be a different and far stricter
requirement than this protocol makes (frankentorch-strict-aa-gate-band-v8rpa).
Quote a lane only if both A/A gates say PASS, their point estimates are within +/-0.02 of 1.0, and parity is `match`. WIDE means the null's
CI exceeded 0.60 — the sample was too noisy to support ANY verdict, so the row is
undecidable rather than a win or a loss (frankentorch-8ieqm). Op-work ratios are NOT
comparable to the gauntlet's whole-step ratios, which include each lane's input rebuild.

buffer_pool: hits=112 misses=0 parked=64 buffers / 133.7 MiB

GROUP_NORM f32 KERNEL BREAKDOWN (FrankenTorch-internal attribution, min of 9; NOT a ratio)
  numel=6422528  groups=32  cpg=2  spatial=3136  rayon_threads=8
  forward_f32                 1.779 ms   schedule PARALLEL: 1024 groups; the numel-only gate (6422528 vs NORM_FWD_PARALLEL_MIN 524288) would have said PARALLEL
  forward_f32 SERIAL         20.334 ms   same kernel, schedule forced off, interleaved rep-by-rep (sentinel for the _serialfwd lane)
  sum_tensor_contiguous_f32   0.583 ms
  backward_scalar_f32         3.878 ms   (cpg==2 path, unconditionally parallel)
  total                       6.239 ms
  ---- same three kernels, one timed step, two estimators (frankentorch-59kjf) ----
  step min of 40               6.369 ms   comparable to the per-kernel figures above
  step lane estimator         7.709 ms   median of 4 per round, then median over 10 rounds
  estimator ratio             1.210x  (lane estimator / min; if this alone reaches ~2.4x the lane's missing 57% is the ESTIMATOR, not allocation)
  ---- one group's reduction, sequential vs 8 accumulators (frankentorch-zv1y1) ----
  reduce sequential           4.428 us   6272 elems, one dependency chain — what every statistic pass costs today
  reduce 8 accumulators       0.571 us   same data, same rep, chain broken 8 ways
  reduction headroom          7.755x  (NOT bit-exact: reassociation moves mean/rstd/output by an ULP; this prices the tolerance question, it does not answer it)

MAX_POOL3D KERNEL BREAKDOWN (FrankenTorch-internal attribution, min of 9; NOT a ratio)
  input numel=1048576  output numel=131072  kernel 2x2x2 stride 2x2x2  rayon_threads=8
  forward_with_indices_f64     0.338 ms   reads 1048576 elems, 8 comparisons per output
  backward NONOVERLAPPING      0.541 ms   the route ft-api actually takes (kernel == stride); scatters 131072 values into a dense 1048576-element buffer
  backward generic scatter     0.499 ms   same data, same rep, bit-identical output — what the specialisation buys
  total on the live route      0.879 ms
conv2d_complete_exit=0
incumbent_bank_snapshot_after:
09fa042edd80625778e6ab1b1c08f79494ddb33db2f78d4ac7d09c8f0856fad6  /data/tmp/ft-torch3-mdsmm-bank-4608af67.jsonl

===== torch:3 self-calibrated max_pool1d legacy re-certification 2026-09-01T23:00:42Z =====
head=4608af6700dd645647758bcfacc5012d49903f68
artifact=/data/tmp/frankentorch-torch4-linearwide-verify-4608af67/release/examples/gauntlet_lane_sweep_h2h
ede88ca89bed34a62e74ffb7cdf7a4021810d1193b9166d02c4b5fee054a5d65  /data/tmp/frankentorch-torch4-linearwide-verify-4608af67/release/examples/gauntlet_lane_sweep_h2h
incumbent_bank_snapshot_before:
09fa042edd80625778e6ab1b1c08f79494ddb33db2f78d4ac7d09c8f0856fad6  /data/tmp/ft-torch3-mdsmm-bank-4608af67.jsonl
runtime_command=FT_H2H_WINDOW_WAIT=60 PYTORCH_PYTHON=/data/tmp/torchvenv-2121/bin/python RAYON_NUM_THREADS=8 FT_H2H_LANES_EXACT=1 FT_H2H_LANES=max_pool1d FT_H2H_REPS=32 FT_H2H_WARMUP=16 FT_H2H_ROUND_WARMUP=0 FT_H2H_INCUMBENT_BANK=/data/tmp/ft-torch3-mdsmm-bank-4608af67.jsonl scripts/h2h_window.sh <elf>
guard PASS: no peer measurement detected, loadavg 7.64/5.19/4.18 (spread 1.00x <= 4x, floor 8.00), iowait 0.2% <= 10%
/data/tmp/torchvenv-2121/lib/python3.12/site-packages/torch/_subclasses/functional_tensor.py:362: UserWarning: Failed to initialize NumPy: No module named 'numpy' (Triggered internally at /pytorch/torch/csrc/utils/tensor_numpy.cpp:84.)
  cpu = _conversion_method_template(device=torch.device("cpu"))
executing_elf_sha256=ede88ca89bed34a62e74ffb7cdf7a4021810d1193b9166d02c4b5fee054a5d65
incumbent=PyTorch 2.12.1+cpu (self-reported by the arm, same invocation), threads=8
incumbent_rule=a delta whose incumbent arm moved (version, build, or measured time) is NOT a win
measurement_host=thinkstation1 cpu="AMD Ryzen Threadripper PRO 5975WX 32-Cores" isa=x86_64+avx2 governor=powersave rayon_threads=8 online_cpus=64
host_rule=both arms are sampled in ONE invocation on THIS machine; a row measured elsewhere is not comparable to this one, A/A PASS or not
measurement_slot=held [pid=2913491 host=thinkstation1 elf=ede88ca89bed34a6 lanes=max_pool1d]; no other live h2h announcement
concurrent_measurements=none ACTIVE (scanned /proc for other h2h harnesses, criterion benches and torch processes, then measured each candidate's local CPU over 300ms; this run's own incumbent child is excluded)
concurrent_measurements_idle=1 (matched by name, burning no local CPU — shell wrappers, and rch clients whose bench runs on a remote worker; reported, not voiding): h2h-harness[2909360] 0%
cpu_mhz min=1429 median=2730 max=4292 spread=3.004x; arms NOT pinned: our 64 rayon threads span every core including any parked at the floor, the incumbent's 8 land wherever the scheduler puts them, so this row's arms are NOT known to have run at comparable clocks
allocator=mimalloc (--features fair-alloc)
measurement=OP WORK ONLY (forward+backward; leaf built outside the timer on BOTH sides)
sampling=balanced-square ABBAABBA (frankentorch-xdw0h); 32 rounds, four live samples per arm per round, torch threads=8
round_warmup=0 (FT_H2H_ROUND_WARMUP; discarded samples per lane per round, BOTH arms). 0 = the board's default: each lane's slot 0 each round arrives cold, which NEGATIVE_EVIDENCE item 147 measured at +20-30% on the summed conv2d lanes

lane          FT(ms)    PT(ms)   standing            PT/FT A/A gates and ratio CI                 parity
lane_filter="max_pool1d" match=exact kept=1 of the full set (frankentorch-68pwz item 58; item 226: substring is the default, FT_H2H_LANES_EXACT=1 narrows it)
lane_count=1 rounds=32 (frankentorch-vyaia: the harness's own load scales with this product; a self-load bound quoted without it cannot be checked later)

CLOCKS DURING SAMPLING (sampled once per lane per round, both arms inside the same round)
  typical core   min 1429 median 2785 max 3653 MHz   (boost/thermal behaviour over time)
  CROSS-CORE SPREAD at one instant   min 3.004x median 3.004x max 3.010x   (how far apart two cores were WHILE we sampled)
  The spread is the number that decides comparability: it is what makes one arm's threads faster than the other's. Compare it against the idle snapshot in the cpu_mhz header line -- if the idle spread is large and this one is small, the cores boosted once work arrived and the clock confound did not bite.
load_series n=34 worst_drift=1.057x endpoint_gate=PASS series_gate=PASS (frankentorch-68pwz item 49: the endpoint pair cannot see a mid-run excursion; a divergence between these two gates IS the finding)
load_1m start=9.03 end=9.29 drift_gate=PASS (frankentorch-2h8vi; the signal is DRIFT in either direction, not level — a steady busy host is measurable, a host that moves under the measurement is not)
self_load DIRECT=23.58 (both arms burned 181.5 CPU-seconds over window=8s at lane_count=1 rounds=32) — measured on our own /proc accounting, so a peer's compile contributes nothing to it. Compare against frankentorch-5q3io's ~+0.62, which was inferred from loadavg deltas at an unrecorded lane count (frankentorch-vyaia acceptance item 2).
self_load rise=+0.26 (start 9.03 -> peak 9.29) over window=8s at lane_count=1 rounds=32 — loadavg is a 1-minute EWMA, so this window could show at most 12% of any sustained step (frankentorch-vyaia: measured, not assumed)
self_load NOT INTERPRETABLE: a 8s window is shorter than the loadavg time constant, so this rise is a floor and a +0.00 is not evidence of anything. If the whole rise were ours and sustained it would imply 2.16. Re-derive the bound on a FULL sweep — the configuration every banked row and frankentorch-5q3io's stale ~+0.62 were taken under (frankentorch-vyaia).
  max_pool1d      6.675    9.075   FT 1.36x FASTER     PT PASS 1.019 perm[0.902,1.105] [0.934,1.079] FT PASS 0.990 perm[0.979,1.021] [0.966,1.018] ratio 1.360 [1.320,1.401] match incumbent=SINGLE/n3
  incumbent_mode lane=max_pool1d drawn=9.075 ms  SINGLE LEVEL (n=3, median 9.065, range [7.788, 9.075], spread 1.17x) — no second level banked for this lane, so this row is comparable to the other 2. The bank spans 0.1 days.
    slot0/median(slot1..3) = 1.003 (our arm, per-round median over 32 rounds)
    slot0/median(slot1..3) = 1.193 (incumbent arm, per-round median over 32 rounds) <- the incumbent's FIRST sample of each round differs from its warm ones; excluded from the null by construction, reported here instead
    MIN-ESTIMATOR FT 1.18x FASTER     ratio 1.183 [1.151,1.222]  PT null 1.015 PASS  FT null 0.999 PASS  QUOTABLE under the min estimator

A/A columns read `<verdict> <point> [<envelope>]`. THE BAND APPLIES TO THE POINT, NOT THE ENVELOPE:
the gate is |point-1| <= 0.02, plus an envelope that brackets 1.0 and is at most
0.60 wide. An envelope wider than the point band is NORMAL and is not a gate failure — it is a
bootstrap CI, and holding a CI inside +/-0.02 would be a different and far stricter
requirement than this protocol makes (frankentorch-strict-aa-gate-band-v8rpa).
Quote a lane only if both A/A gates say PASS, their point estimates are within +/-0.02 of 1.0, and parity is `match`. WIDE means the null's
CI exceeded 0.60 — the sample was too noisy to support ANY verdict, so the row is
undecidable rather than a win or a loss (frankentorch-8ieqm). Op-work ratios are NOT
comparable to the gauntlet's whole-step ratios, which include each lane's input rebuild.

buffer_pool: hits=143 misses=1 parked=1 buffers / 32.0 MiB

GROUP_NORM f32 KERNEL BREAKDOWN (FrankenTorch-internal attribution, min of 9; NOT a ratio)
  numel=6422528  groups=32  cpg=2  spatial=3136  rayon_threads=8
  forward_f32                 1.814 ms   schedule PARALLEL: 1024 groups; the numel-only gate (6422528 vs NORM_FWD_PARALLEL_MIN 524288) would have said PARALLEL
  forward_f32 SERIAL         20.169 ms   same kernel, schedule forced off, interleaved rep-by-rep (sentinel for the _serialfwd lane)
  sum_tensor_contiguous_f32   0.560 ms
  backward_scalar_f32         3.978 ms   (cpg==2 path, unconditionally parallel)
  total                       6.351 ms
  ---- same three kernels, one timed step, two estimators (frankentorch-59kjf) ----
  step min of 40               4.114 ms   comparable to the per-kernel figures above
  step lane estimator         7.714 ms   median of 4 per round, then median over 10 rounds
  estimator ratio             1.875x  (lane estimator / min; if this alone reaches ~2.4x the lane's missing 57% is the ESTIMATOR, not allocation)
  ---- one group's reduction, sequential vs 8 accumulators (frankentorch-zv1y1) ----
  reduce sequential           4.528 us   6272 elems, one dependency chain — what every statistic pass costs today
  reduce 8 accumulators       0.571 us   same data, same rep, chain broken 8 ways
  reduction headroom          7.930x  (NOT bit-exact: reassociation moves mean/rstd/output by an ULP; this prices the tolerance question, it does not answer it)

MAX_POOL3D KERNEL BREAKDOWN (FrankenTorch-internal attribution, min of 9; NOT a ratio)
  input numel=1048576  output numel=131072  kernel 2x2x2 stride 2x2x2  rayon_threads=8
  forward_with_indices_f64     0.324 ms   reads 1048576 elems, 8 comparisons per output
  backward NONOVERLAPPING      0.923 ms   the route ft-api actually takes (kernel == stride); scatters 131072 values into a dense 1048576-element buffer
  backward generic scatter     0.568 ms   same data, same rep, bit-identical output — what the specialisation buys
  total on the live route      1.246 ms
max_pool1d_legacy_exit=0
incumbent_bank_snapshot_after:
953a1f9a3116cd9f44db5bffcfb068f74645fbd145f320f90ff0b82f93ea202d  /data/tmp/ft-torch3-mdsmm-bank-4608af67.jsonl
