=== conv2d masked lever attempt=1 utc=2026-08-26T05:34:07Z host=thinkstation1 ===
idle_before=71.85% then 72.97% (mpstat 5s x2, NOT loadavg)
loadavg_before=75.49 32.96 27.84 (provenance only, NOT the gate)
snapshot_sha256=0df4db5435ab47d398d06348922b28bf68b17bea37db289dc9422bff87b53b5d  (--features fair-alloc)
/data/tmp/torchvenv-2121/lib/python3.12/site-packages/torch/_subclasses/functional_tensor.py:362: UserWarning: Failed to initialize NumPy: No module named 'numpy' (Triggered internally at /pytorch/torch/csrc/utils/tensor_numpy.cpp:84.)
  cpu = _conversion_method_template(device=torch.device("cpu"))
executing_elf_sha256=0df4db5435ab47d398d06348922b28bf68b17bea37db289dc9422bff87b53b5d
incumbent=PyTorch 2.12.1+cpu (self-reported by the arm, same invocation), threads=8
incumbent_rule=a delta whose incumbent arm moved (version, build, or measured time) is NOT a win
measurement_host=thinkstation1 cpu="AMD Ryzen Threadripper PRO 5975WX 32-Cores" isa=x86_64+avx2 governor=powersave rayon_threads=16 online_cpus=64
host_rule=both arms are sampled in ONE invocation on THIS machine; a row measured elsewhere is not comparable to this one, A/A PASS or not
measurement_slot=held [pid=2918574 host=thinkstation1 elf=0df4db5435ab47d3 lanes=max_pool3d_dense,max_pool3d_nopool_dense,max_pool3d,conv2d_f32_masked]; no other live h2h announcement
concurrent_measurements=none ACTIVE (scanned /proc for other h2h harnesses, criterion benches and torch processes, then measured each candidate's local CPU over 300ms; this run's own incumbent child is excluded)
cpu_mhz min=1429 median=2508 max=4292 spread=3.003x; arms NOT pinned: our 64 rayon threads span every core including any parked at the floor, the incumbent's 8 land wherever the scheduler puts them, so this row's arms are NOT known to have run at comparable clocks
allocator=mimalloc (--features fair-alloc)
measurement=OP WORK ONLY (forward+backward; leaf built outside the timer on BOTH sides)
sampling=balanced-square ABBAABBA (frankentorch-xdw0h); 32 rounds, four live samples per arm per round, torch threads=8
round_warmup=0 (FT_H2H_ROUND_WARMUP; discarded samples per lane per round, BOTH arms). 0 = the board's default: each lane's slot 0 each round arrives cold, which NEGATIVE_EVIDENCE item 147 measured at +20-30% on the summed conv2d lanes

lane          FT(ms)    PT(ms)   standing            PT/FT A/A gates and ratio CI                 parity
lane_filter="max_pool3d_dense,max_pool3d_nopool_dense,max_pool3d,conv2d_f32_masked" match=exact kept=4 of the full set (frankentorch-68pwz item 58; item 226: substring is the default, FT_H2H_LANES_EXACT=1 narrows it)
lane_count=4 rounds=32 (frankentorch-vyaia: the harness's own load scales with this product; a self-load bound quoted without it cannot be checked later)

CLOCKS DURING SAMPLING (sampled once per lane per round, both arms inside the same round)
  typical core   min 1429 median 3365 max 4291 MHz   (boost/thermal behaviour over time)
  CROSS-CORE SPREAD at one instant   min 1.250x median 3.003x max 3.012x   (how far apart two cores were WHILE we sampled)
  The spread is the number that decides comparability: it is what makes one arm's threads faster than the other's. Compare it against the idle snapshot in the cpu_mhz header line -- if the idle spread is large and this one is small, the cores boosted once work arrived and the clock confound did not bite.
load_series n=34 worst_drift=1.288x endpoint_gate=DRIFTED series_gate=DRIFTED (frankentorch-68pwz item 49: the endpoint pair cannot see a mid-run excursion; a divergence between these two gates IS the finding)
load_1m start=45.53 end=35.35 drift_gate=LOAD-DRIFTED — no row from this invocation is quotable, whatever its nulls say (max 1.25x) (frankentorch-2h8vi; the signal is DRIFT in either direction, not level — a steady busy host is measurable, a host that moves under the measurement is not)
self_load DIRECT=15.40 (both arms burned 440.7 CPU-seconds over window=29s at lane_count=4 rounds=32) — measured on our own /proc accounting, so a peer's compile contributes nothing to it. Compare against frankentorch-5q3io's ~+0.62, which was inferred from loadavg deltas at an unrecorded lane count (frankentorch-vyaia acceptance item 2).
self_load rise=+0.00 (start 45.53 -> peak 45.53) over window=29s at lane_count=4 rounds=32 — loadavg is a 1-minute EWMA, so this window could show at most 38% of any sustained step (frankentorch-vyaia: measured, not assumed)
self_load NOT INTERPRETABLE: a 29s window is shorter than the loadavg time constant, so this rise is a floor and a +0.00 is not evidence of anything. If the whole rise were ours and sustained it would imply 0.00. Re-derive the bound on a FULL sweep — the configuration every banked row and frankentorch-5q3io's stale ~+0.62 were taken under (frankentorch-vyaia).
  max_pool3d      1.694    0.963   FT 1.76x SLOWER     PT OFFSET [0.972,1.123] FT FAIL [0.724,0.946] ratio 0.568 [0.517,0.609] match
    NULL-FAILED: incumbent 1.042, FrankenTorch 0.798; each must be within +/-0.02 of 1.0 and carry a calm CI; do not quote this row
    slot0/median(slot1..3) = 0.919 (our arm, per-round median over 32 rounds)
    MIN-ESTIMATOR FT 2.04x SLOWER     ratio 0.491 [0.430,0.551]  PT null 1.104 FAIL  FT null 0.895 FAIL  not quotable
  max_pool3d_dense    2.834    1.149   FT 2.47x SLOWER     PT OFFSET [0.829,1.046] FT OFFSET [0.855,1.039] ratio 0.405 [0.371,0.458] match
    NULL-FAILED: incumbent 0.954, FrankenTorch 0.924; each must be within +/-0.02 of 1.0 and carry a calm CI; do not quote this row
      ROUNDS MAY CLEAR IT: worst null is 0.076 off 1.0 against a +/-0.02 band, which is sampling noise rather than a moving host. The null is a ratio of per-round medians, so try FT_H2H_REPS=64 (item 193c walked 16 -> 32 -> 64 to PASS at loadavg 22-35).
    slot0/median(slot1..3) = 1.002 (our arm, per-round median over 32 rounds)
    MIN-ESTIMATOR FT 2.60x SLOWER     ratio 0.385 [0.342,0.413]  PT null 0.918 FAIL  FT null 0.999 PASS  not quotable
  max_pool3d_nopool_dense    2.564    1.129   FT 2.27x SLOWER     PT OFFSET [0.930,1.085] FT OFFSET [0.855,1.113] ratio 0.440 [0.378,0.464] match
    NULL-FAILED: incumbent 1.020, FrankenTorch 0.967; each must be within +/-0.02 of 1.0 and carry a calm CI; do not quote this row
      ROUNDS MAY CLEAR IT: worst null is 0.033 off 1.0 against a +/-0.02 band, which is sampling noise rather than a moving host. The null is a ratio of per-round medians, so try FT_H2H_REPS=64 (item 193c walked 16 -> 32 -> 64 to PASS at loadavg 22-35).
    slot0/median(slot1..3) = 0.986 (our arm, per-round median over 32 rounds)
    MIN-ESTIMATOR FT 2.35x SLOWER     ratio 0.425 [0.404,0.462]  PT null 0.962 FAIL  FT null 1.047 FAIL  not quotable
  conv2d_f32_masked   69.817   26.620   FT 2.62x SLOWER     PT OFFSET [0.918,1.151] FT PASS [0.978,1.017] ratio 0.381 [0.369,0.404] match
    NULL-FAILED: incumbent 1.073, FrankenTorch 0.997; each must be within +/-0.02 of 1.0 and carry a calm CI; do not quote this row
      ROUNDS MAY CLEAR IT: worst null is 0.073 off 1.0 against a +/-0.02 band, which is sampling noise rather than a moving host. The null is a ratio of per-round medians, so try FT_H2H_REPS=64 (item 193c walked 16 -> 32 -> 64 to PASS at loadavg 22-35).
    slot0/median(slot1..3) = 0.997 (our arm, per-round median over 32 rounds)
    MIN-ESTIMATOR FT 2.88x SLOWER     ratio 0.348 [0.330,0.356]  PT null 1.065 FAIL  FT null 1.001 PASS  not quotable

Quote a lane only if both A/A gates say PASS, their point estimates are within +/-0.02 of 1.0, and parity is `match`. WIDE means the null's
CI exceeded 0.60 — the sample was too noisy to support ANY verdict, so the row is
undecidable rather than a win or a loss (frankentorch-8ieqm). Op-work ratios are NOT
comparable to the gauntlet's whole-step ratios, which include each lane's input rebuild.

buffer_pool: hits=63 misses=417 parked=64 buffers / 64.0 MiB

PAIRED max_pool3d_dense: buffer pool ON vs OFF, one binary, one invocation, per-round square medians
  ratio (off/on) = 0.905x  95% CI [0.874,1.030]  10/32 rounds faster with the buffer pool
  incumbent control PT(off)/PT(on) = 0.958 (paired by sample index; must be ~1.0, the arm is identical code)
  verdict: UNDECIDED — the paired CI brackets 1.0
  --- same rounds, per-round MIN estimator (frankentorch-rled4) ---
  ratio (off/on) = 0.911x  95% CI [0.831,0.971]  11/32 rounds faster
  incumbent control = 1.004
  verdict: the buffer pool is SLOWER by the paired CI
  estimator agreement: the two estimators agree on DIRECTION

GROUP_NORM f32 KERNEL BREAKDOWN (FrankenTorch-internal attribution, min of 9; NOT a ratio)
  numel=6422528  groups=32  cpg=2  spatial=3136  rayon_threads=16
  forward_f32                 1.086 ms   schedule PARALLEL: 1024 groups; the numel-only gate (6422528 vs NORM_FWD_PARALLEL_MIN 524288) would have said PARALLEL
  forward_f32 SERIAL         20.179 ms   same kernel, schedule forced off, interleaved rep-by-rep (sentinel for the _serialfwd lane)
  sum_tensor_contiguous_f32   0.479 ms
  backward_scalar_f32         2.454 ms   (cpg==2 path, unconditionally parallel)
  total                       4.019 ms
  ---- same three kernels, one timed step, two estimators (frankentorch-59kjf) ----
  step min of 40               4.172 ms   comparable to the per-kernel figures above
  step lane estimator         5.346 ms   median of 4 per round, then median over 10 rounds
  estimator ratio             1.281x  (lane estimator / min; if this alone reaches ~2.4x the lane's missing 57% is the ESTIMATOR, not allocation)
  ---- one group's reduction, sequential vs 8 accumulators (frankentorch-zv1y1) ----
  reduce sequential           4.438 us   6272 elems, one dependency chain — what every statistic pass costs today
  reduce 8 accumulators       0.571 us   same data, same rep, chain broken 8 ways
  reduction headroom          7.772x  (NOT bit-exact: reassociation moves mean/rstd/output by an ULP; this prices the tolerance question, it does not answer it)

MAX_POOL3D KERNEL BREAKDOWN (FrankenTorch-internal attribution, min of 9; NOT a ratio)
  input numel=1048576  output numel=131072  kernel 2x2x2 stride 2x2x2  rayon_threads=16
  forward_with_indices_f64     0.403 ms   reads 1048576 elems, 8 comparisons per output
  backward NONOVERLAPPING      0.949 ms   the route ft-api actually takes (kernel == stride); scatters 131072 values into a dense 1048576-element buffer
  backward generic scatter     0.852 ms   same data, same rep, bit-identical output — what the specialisation buys
  total on the live route      1.352 ms
run_rc=0
idle_after=90.35%
=== end attempt 1 ===
