=== eigh_sizes attempt=1 utc=2026-08-26T07:18:14Z host=thinkstation1 ===
idle_before=92.27% then 89.93% (mpstat 5s x2, NOT loadavg)
loadavg_before=6.71 11.23 23.45 (recorded for provenance; NOT the gate)
snapshot_sha256=9e98e2eb1f7676c41a5eb40c13f8e05baeceaffbde75aca6a4c92e4c0eede73e
config: unpinned, RAYON_NUM_THREADS=8, FT_GATE_SIZES=256,512,1024, FT_GATE_VALUES=262144,262144 (A/A NULL)
measurement=SVD FORWARD ONLY (full U,S,Vh); estimator=min over 25 rounds, every arm AND the incumbent sampled once per round, arm order reversed on odd rounds, first round discarded; every ratio is the median of the PAIRED per-round ratio
elf_sha256=9e98e2eb1f7676c41a5eb40c13f8e05baeceaffbde75aca6a4c92e4c0eede73e
rayon_threads=8 warmup=8 (both arms)  default_gate=262144
arms (gate/step-12/trailing/panel-output; u64::MAX = always serial): ["262144/4row/fused/4output", "262144/4row/fused/4output"]
null: repeat an arm in FT_GATE_VALUES — two identical arms differ only by this window's noise, and no effect below that is readable
/data/tmp/torchvenv-2121/lib/python3.12/site-packages/torch/_subclasses/functional_tensor.py:362: UserWarning: Failed to initialize NumPy: No module named 'numpy' (Triggered internally at /pytorch/torch/csrc/utils/tensor_numpy.cpp:84.)
  cpu = _conversion_method_template(device=torch.device("cpu"))
incumbent=PyTorch 2.12.1+cpu (self-reported, same invocation)
incumbent threads=8 (self-reported)

n=256  PT min 2.795 ms  median 3.244 ms  spread 1.35x  load 6.73->6.73  MHz 1429/1429  iowait 31 jiffies
  arm=262144/4row/fused/4output min    8.298 ms  median    9.791 ms  PT-beside-it min    2.795 ms  paired-vs-PT FT 2.873x SLOWER  paired-vs-arm0 1.000x  branches (0, 0, 0)  parity rel 3.06e-16 MATCH
                     phases (ours only, median of 3 instrumented calls): reduction 0.000 ms 0%  form_p/q 0.000 ms 0%  QR sweep 0.000 ms 0%
  arm=262144/4row/fused/4output min    8.061 ms  median    8.986 ms  PT-beside-it min    2.800 ms  paired-vs-PT FT 2.830x SLOWER  paired-vs-arm0 1.053x  branches (0, 0, 0)  parity rel 3.06e-16 MATCH
                     phases (ours only, median of 3 instrumented calls): reduction 0.000 ms 0%  form_p/q 0.000 ms 0%  QR sweep 0.000 ms 0%

n=512  PT min 11.903 ms  median 12.898 ms  spread 1.31x  load 6.73->7.15  MHz 1429/3433  iowait 494 jiffies
  arm=262144/4row/fused/4output min   65.067 ms  median   70.199 ms  PT-beside-it min   11.972 ms  paired-vs-PT FT 5.520x SLOWER  paired-vs-arm0 1.000x  branches (0, 0, 0)  parity rel 6.12e-16 MATCH
                     phases (ours only, median of 3 instrumented calls): reduction 0.000 ms 0%  form_p/q 0.000 ms 0%  QR sweep 0.000 ms 0%
  arm=262144/4row/fused/4output min   64.835 ms  median   69.318 ms  PT-beside-it min   11.903 ms  paired-vs-PT FT 5.355x SLOWER  paired-vs-arm0 1.009x  branches (0, 0, 0)  parity rel 6.12e-16 MATCH
                     phases (ours only, median of 3 instrumented calls): reduction 0.000 ms 0%  form_p/q 0.000 ms 0%  QR sweep 0.000 ms 0%

n=1024  PT min 54.490 ms  median 64.160 ms  spread 1.45x  load 7.15->8.22  MHz 3432/3432  iowait 212 jiffies
  arm=262144/4row/fused/4output min  502.695 ms  median  520.064 ms  PT-beside-it min   59.054 ms  paired-vs-PT FT 8.163x SLOWER  paired-vs-arm0 1.000x  branches (0, 0, 0)  parity rel 4.59e-16 MATCH
                     phases (ours only, median of 3 instrumented calls): reduction 0.000 ms 0%  form_p/q 0.000 ms 0%  QR sweep 0.000 ms 0%
  arm=262144/4row/fused/4output min  504.096 ms  median  527.976 ms  PT-beside-it min   54.490 ms  paired-vs-PT FT 8.227x SLOWER  paired-vs-arm0 0.994x  branches (0, 0, 0)  parity rel 4.59e-16 MATCH
                     phases (ours only, median of 3 instrumented calls): reduction 0.000 ms 0%  form_p/q 0.000 ms 0%  QR sweep 0.000 ms 0%
idle_after=91.90%
incumbent_check n=256 PT_min=2.795ms banked~6.762ms -> ok
incumbent_check n=512 PT_min=11.903ms banked~32.075ms -> ok
incumbent_check n=1024 PT_min=54.490ms banked~122.604ms -> ok
