=== slogdet_recheck attempt=1 utc=2026-08-26T09:06:05Z host=thinkstation1 ===
idle_before=83.40% then 93.67% (mpstat 5s x2, NOT loadavg)
loadavg_before=9.00 8.80 9.11 (recorded for provenance; NOT the gate)
snapshot_sha256=13355d7df8e14debd748b703dc7aa3051872496b11e3a2dc6c5cfe8c2d4e659b
config: unpinned, RAYON_NUM_THREADS=8, FT_GATE_SIZES=512, FT_GATE_VALUES=262144,262144 (A/A NULL)
measurement=SVD FORWARD ONLY (full U,S,Vh); estimator=min over 25 rounds, every arm AND the incumbent sampled once per round, arm order reversed on odd rounds, first round discarded; every ratio is the median of the PAIRED per-round ratio
elf_sha256=13355d7df8e14debd748b703dc7aa3051872496b11e3a2dc6c5cfe8c2d4e659b
rayon_threads=8 warmup=8 (both arms)  default_gate=262144
arms (gate/step-12/trailing/panel-output; u64::MAX = always serial): ["262144/4row/fused/4output", "262144/4row/fused/4output"]
null: repeat an arm in FT_GATE_VALUES — two identical arms differ only by this window's noise, and no effect below that is readable
/data/tmp/torchvenv-2121/lib/python3.12/site-packages/torch/_subclasses/functional_tensor.py:362: UserWarning: Failed to initialize NumPy: No module named 'numpy' (Triggered internally at /pytorch/torch/csrc/utils/tensor_numpy.cpp:84.)
  cpu = _conversion_method_template(device=torch.device("cpu"))
incumbent=PyTorch 2.12.1+cpu (self-reported, same invocation)
incumbent threads=8 (self-reported)

n=512  PT min 1.073 ms  median 1.539 ms  spread 1.77x  load 9.00->8.51  MHz 3433/1429  iowait 3 jiffies
  arm=262144/4row/fused/4output min   22.999 ms  median   36.748 ms  PT-beside-it min    1.073 ms  paired-vs-PT FT 24.933x SLOWER  paired-vs-arm0 1.000x  branches (0, 0, 0)  parity rel 3.28e-13 MATCH
                     phases (ours only, median of 3 instrumented calls): reduction 0.000 ms 0%  form_p/q 0.000 ms 0%  QR sweep 0.000 ms 0%
  arm=262144/4row/fused/4output min   23.023 ms  median   37.403 ms  PT-beside-it min    1.285 ms  paired-vs-PT FT 24.045x SLOWER  paired-vs-arm0 0.980x  branches (0, 0, 0)  parity rel 3.28e-13 MATCH
                     phases (ours only, median of 3 instrumented calls): reduction 0.000 ms 0%  form_p/q 0.000 ms 0%  QR sweep 0.000 ms 0%
idle_after=93.51%
incumbent_spread n=512 spread=x -> ok
