=== geqrf_live attempt=1 utc=2026-08-26T07:22:04Z host=thinkstation1 ===
idle_before=80.58% then 70.84% (mpstat 5s x2, NOT loadavg)
loadavg_before=13.38 10.91 20.46 (recorded for provenance; NOT the gate)
snapshot_sha256=a6b6604454514ce1474fae99623845b6465b834be317177a8138b610fb7dc1ac
config: unpinned, RAYON_NUM_THREADS=8, FT_GATE_SIZES=512, FT_GATE_VALUES=262144,262144 (A/A NULL)
measurement=SVD FORWARD ONLY (full U,S,Vh); estimator=min over 45 rounds, every arm AND the incumbent sampled once per round, arm order reversed on odd rounds, first round discarded; every ratio is the median of the PAIRED per-round ratio
elf_sha256=a6b6604454514ce1474fae99623845b6465b834be317177a8138b610fb7dc1ac
rayon_threads=8 warmup=8 (both arms)  default_gate=262144
arms (gate/step-12/trailing/panel-output; u64::MAX = always serial): ["262144/4row/fused/4output", "262144/4row/fused/4output"]
null: repeat an arm in FT_GATE_VALUES — two identical arms differ only by this window's noise, and no effect below that is readable
/data/tmp/torchvenv-2121/lib/python3.12/site-packages/torch/_subclasses/functional_tensor.py:362: UserWarning: Failed to initialize NumPy: No module named 'numpy' (Triggered internally at /pytorch/torch/csrc/utils/tensor_numpy.cpp:84.)
  cpu = _conversion_method_template(device=torch.device("cpu"))
incumbent=PyTorch 2.12.1+cpu (self-reported, same invocation)
incumbent threads=8 (self-reported)

n=512  PT min 2.084 ms  median 2.629 ms  spread 1.68x  load 13.38->10.45  MHz 3697/2331  iowait 496 jiffies
  arm=262144/4row/fused/4output min  564.552 ms  median  599.162 ms  PT-beside-it min    2.164 ms  paired-vs-PT FT 226.709x SLOWER  paired-vs-arm0 1.000x  branches (0, 0, 0)  parity rel 3.84e-13 MATCH
                     phases (ours only, median of 3 instrumented calls): reduction 0.000 ms 0%  form_p/q 0.000 ms 0%  QR sweep 0.000 ms 0%
  arm=262144/4row/fused/4output min  568.022 ms  median  596.504 ms  PT-beside-it min    2.084 ms  paired-vs-PT FT 228.161x SLOWER  paired-vs-arm0 0.994x  branches (0, 0, 0)  parity rel 3.84e-13 MATCH
                     phases (ours only, median of 3 instrumented calls): reduction 0.000 ms 0%  form_p/q 0.000 ms 0%  QR sweep 0.000 ms 0%
idle_after=79.43%
incumbent_check n=512 PT_min=2.084ms banked~32.075ms -> ok
