=== reduction_parallel attempt=1 utc=2026-08-26T05:46:27Z host=thinkstation1 ===
idle_before=78.87% then 82.39% (mpstat 5s x2, NOT loadavg)
loadavg_before=10.65 11.50 18.54 (recorded for provenance; NOT the gate)
snapshot_sha256=323a90cf1804eed18f1f4f62ae8ec4e04357403b4c697981755cd144ecfb8848
config: unpinned, RAYON_NUM_THREADS=8, FT_GATE_SIZES=512,1024, FT_GATE_VALUES=262144,262144 (A/A NULL)
measurement=SVD FORWARD ONLY (full U,S,Vh); estimator=min over 9 rounds, every arm AND the incumbent sampled once per round, arm order reversed on odd rounds, first round discarded; every ratio is the median of the PAIRED per-round ratio
elf_sha256=323a90cf1804eed18f1f4f62ae8ec4e04357403b4c697981755cd144ecfb8848
rayon_threads=8 warmup=8 (both arms)  default_gate=262144
arms (gate/step-12/trailing/panel-output; u64::MAX = always serial): ["262144/4row/fused/4output", "262144/4row/fused/4output", "SERIAL/4row/fused/4output"]
null: repeat an arm in FT_GATE_VALUES — two identical arms differ only by this window's noise, and no effect below that is readable
/data/tmp/torchvenv-2121/lib/python3.12/site-packages/torch/_subclasses/functional_tensor.py:362: UserWarning: Failed to initialize NumPy: No module named 'numpy' (Triggered internally at /pytorch/torch/csrc/utils/tensor_numpy.cpp:84.)
  cpu = _conversion_method_template(device=torch.device("cpu"))
incumbent=PyTorch 2.12.1+cpu (self-reported, same invocation)
incumbent threads=8 (self-reported)

n=512  PT min 29.558 ms  median 34.426 ms  spread 1.30x  load 11.24->11.46  MHz 3428/2801  iowait 14 jiffies
  arm=262144/4row/fused/4output min   73.969 ms  median   87.035 ms  PT-beside-it min   32.667 ms  paired-vs-PT FT 2.534x SLOWER  paired-vs-arm0 1.000x  branches (0, 0, 0)  parity rel 1.90e-12 MATCH
                     phases (ours only, median of 3 instrumented calls): reduction 62.923 ms 80%  form_p/q 15.388 ms 20%  QR sweep 0.271 ms 0%
  arm=262144/4row/fused/4output min   67.188 ms  median   80.584 ms  PT-beside-it min   30.496 ms  paired-vs-PT FT 2.371x SLOWER  paired-vs-arm0 1.040x  branches (0, 0, 0)  parity rel 1.90e-12 MATCH
                     phases (ours only, median of 3 instrumented calls): reduction 58.601 ms 75%  form_p/q 19.220 ms 25%  QR sweep 0.282 ms 0%
  arm=SERIAL/4row/fused/4output min   67.560 ms  median   82.858 ms  PT-beside-it min   29.558 ms  paired-vs-PT FT 2.339x SLOWER  paired-vs-arm0 1.062x  branches (0, 0, 0)  parity rel 1.90e-12 MATCH
                     phases (ours only, median of 3 instrumented calls): reduction 58.684 ms 76%  form_p/q 18.517 ms 24%  QR sweep 0.293 ms 0%

n=1024  PT min 135.599 ms  median 146.702 ms  spread 648.39x  load 11.46->61.98  MHz 3140/3000  iowait 157 jiffies
  arm=262144/4row/fused/4output min  466.167 ms  median  556.392 ms  PT-beside-it min  140.339 ms  paired-vs-PT FT 3.907x SLOWER  paired-vs-arm0 1.000x  branches (512, 0, 512)  parity rel 6.07e-14 MATCH
                     phases (ours only, median of 3 instrumented calls): reduction 322.957 ms 71%  form_p/q 133.686 ms 29%  QR sweep 0.377 ms 0%
  arm=262144/4row/fused/4output min  437.501 ms  median  516.468 ms  PT-beside-it min  138.941 ms  paired-vs-PT FT 3.339x SLOWER  paired-vs-arm0 1.056x  branches (512, 0, 512)  parity rel 6.07e-14 MATCH
                     phases (ours only, median of 3 instrumented calls): reduction 343.406 ms 69%  form_p/q 153.631 ms 31%  QR sweep 0.392 ms 0%
  arm=SERIAL/4row/fused/4output min  508.428 ms  median  552.983 ms  PT-beside-it min  135.599 ms  paired-vs-PT FT 3.887x SLOWER  paired-vs-arm0 0.946x  branches (0, 0, 0)  parity rel 6.10e-14 MATCH
                     phases (ours only, median of 3 instrumented calls): reduction 369.928 ms 63%  form_p/q 215.629 ms 37%  QR sweep 0.490 ms 0%
idle_after=78.12%
incumbent_check n=512 PT_min=29.558ms banked~32.075ms -> ok
incumbent_check n=1024 PT_min=135.599ms banked~122.604ms -> ok
