=== expm_live attempt=1 utc=2026-08-26T09:27:28Z host=thinkstation1 ===
idle_before=70.28% then 91.60% (mpstat 5s x2, NOT loadavg)
loadavg_before=13.01 21.55 17.10 (recorded for provenance; NOT the gate)
snapshot_sha256=b1261ced3c2cdfad32ac25ca37dd9a92d5e5faf121593bad720310e77580a795
config: unpinned, RAYON_NUM_THREADS=8, FT_GATE_SIZES=512, FT_GATE_VALUES=262144,262144 (A/A NULL)
measurement=SVD FORWARD ONLY (full U,S,Vh); estimator=min over 25 rounds, every arm AND the incumbent sampled once per round, arm order reversed on odd rounds, first round discarded; every ratio is the median of the PAIRED per-round ratio
elf_sha256=b1261ced3c2cdfad32ac25ca37dd9a92d5e5faf121593bad720310e77580a795
rayon_threads=8 warmup=8 (both arms)  default_gate=262144
arms (gate/step-12/trailing/panel-output; u64::MAX = always serial): ["262144/4row/fused/4output", "262144/4row/fused/4output"]
null: repeat an arm in FT_GATE_VALUES — two identical arms differ only by this window's noise, and no effect below that is readable
/data/tmp/torchvenv-2121/lib/python3.12/site-packages/torch/_subclasses/functional_tensor.py:362: UserWarning: Failed to initialize NumPy: No module named 'numpy' (Triggered internally at /pytorch/torch/csrc/utils/tensor_numpy.cpp:84.)
  cpu = _conversion_method_template(device=torch.device("cpu"))
incumbent=PyTorch 2.12.1+cpu (self-reported, same invocation)
incumbent threads=8 (self-reported)

n=512  PT min 13.341 ms  median 14.949 ms  spread 1.89x  load 13.01->12.77  MHz 2463/2394  iowait 17 jiffies
  arm=262144/4row/fused/4output min   21.312 ms  median   27.992 ms  PT-beside-it min   13.341 ms  paired-vs-PT FT 1.880x SLOWER  paired-vs-arm0 1.000x  branches (0, 0, 0)  parity rel 1.44e-13 MATCH
                     phases (ours only, median of 3 instrumented calls): reduction 0.000 ms 0%  form_p/q 0.000 ms 0%  QR sweep 0.000 ms 0%
  arm=262144/4row/fused/4output min   22.415 ms  median   29.301 ms  PT-beside-it min   13.369 ms  paired-vs-PT FT 1.946x SLOWER  paired-vs-arm0 0.970x  branches (0, 0, 0)  parity rel 1.44e-13 MATCH
                     phases (ours only, median of 3 instrumented calls): reduction 0.000 ms 0%  form_p/q 0.000 ms 0%  QR sweep 0.000 ms 0%
idle_after=84.73%
incumbent_spread n=512 spread=1.89x -> ok
=== expm_live attempt=2 utc=2026-08-26T09:27:32Z host=thinkstation1 ===
idle_before=86.28% then 87.67% (mpstat 5s x2, NOT loadavg)
loadavg_before=12.77 21.36 17.06 (recorded for provenance; NOT the gate)
snapshot_sha256=b1261ced3c2cdfad32ac25ca37dd9a92d5e5faf121593bad720310e77580a795
config: unpinned, RAYON_NUM_THREADS=8, FT_GATE_SIZES=512,1024, FT_GATE_VALUES=262144,262144 (A/A NULL)
measurement=SVD FORWARD ONLY (full U,S,Vh); estimator=min over 25 rounds, every arm AND the incumbent sampled once per round, arm order reversed on odd rounds, first round discarded; every ratio is the median of the PAIRED per-round ratio
elf_sha256=b1261ced3c2cdfad32ac25ca37dd9a92d5e5faf121593bad720310e77580a795
rayon_threads=8 warmup=8 (both arms)  default_gate=262144
arms (gate/step-12/trailing/panel-output; u64::MAX = always serial): ["262144/4row/fused/4output", "262144/4row/fused/4output"]
null: repeat an arm in FT_GATE_VALUES — two identical arms differ only by this window's noise, and no effect below that is readable
/data/tmp/torchvenv-2121/lib/python3.12/site-packages/torch/_subclasses/functional_tensor.py:362: UserWarning: Failed to initialize NumPy: No module named 'numpy' (Triggered internally at /pytorch/torch/csrc/utils/tensor_numpy.cpp:84.)
  cpu = _conversion_method_template(device=torch.device("cpu"))
incumbent=PyTorch 2.12.1+cpu (self-reported, same invocation)
incumbent threads=8 (self-reported)

n=512  PT min 11.879 ms  median 14.230 ms  spread 1.39x  load 12.77->12.54  MHz 3432/1429  iowait 5 jiffies
  arm=262144/4row/fused/4output min   22.883 ms  median   26.957 ms  PT-beside-it min   12.182 ms  paired-vs-PT FT 1.864x SLOWER  paired-vs-arm0 1.000x  branches (0, 0, 0)  parity rel 1.44e-13 MATCH
                     phases (ours only, median of 3 instrumented calls): reduction 0.000 ms 0%  form_p/q 0.000 ms 0%  QR sweep 0.000 ms 0%
  arm=262144/4row/fused/4output min   18.607 ms  median   27.409 ms  PT-beside-it min   11.879 ms  paired-vs-PT FT 1.982x SLOWER  paired-vs-arm0 0.993x  branches (0, 0, 0)  parity rel 1.44e-13 MATCH
                     phases (ours only, median of 3 instrumented calls): reduction 0.000 ms 0%  form_p/q 0.000 ms 0%  QR sweep 0.000 ms 0%

n=1024  PT min 63.340 ms  median 71.080 ms  spread 1.33x  load 12.54->17.29  MHz 1429/3193  iowait 55 jiffies
  arm=262144/4row/fused/4output min  133.661 ms  median  151.141 ms  PT-beside-it min   66.293 ms  paired-vs-PT FT 2.136x SLOWER  paired-vs-arm0 1.000x  branches (0, 0, 0)  parity rel 7.47e-13 MATCH
                     phases (ours only, median of 3 instrumented calls): reduction 0.000 ms 0%  form_p/q 0.000 ms 0%  QR sweep 0.000 ms 0%
  arm=262144/4row/fused/4output min  143.197 ms  median  151.727 ms  PT-beside-it min   63.340 ms  paired-vs-PT FT 2.184x SLOWER  paired-vs-arm0 1.004x  branches (0, 0, 0)  parity rel 7.47e-13 MATCH
                     phases (ours only, median of 3 instrumented calls): reduction 0.000 ms 0%  form_p/q 0.000 ms 0%  QR sweep 0.000 ms 0%
idle_after=90.24%
incumbent_spread n=512 spread=1.39x -> ok
incumbent_spread n=1024 spread=1.33x -> ok
