=== values-arm attempt=1 utc=2026-08-26T04:04:35Z host=thinkstation1 ===
idle_before=70.83% then 77.16% (mpstat 5s x2, NOT loadavg)
snapshot_sha256=5650da0f49b04c2a91dad92759b09667ab7fac057c60e1642170c33aa4233d64
arms: [0]=shipped full SVD  [1]=shipped full SVD (A/A null)  [2]=VALUES-ONLY
measurement=SVD FORWARD ONLY (full U,S,Vh); estimator=min over 9 rounds, every arm AND the incumbent sampled once per round, arm order reversed on odd rounds, first round discarded; every ratio is the median of the PAIRED per-round ratio
elf_sha256=5650da0f49b04c2a91dad92759b09667ab7fac057c60e1642170c33aa4233d64
rayon_threads=8 warmup=8 (both arms)  default_gate=262144
arms (gate/step-12/trailing/panel-output; u64::MAX = always serial): ["262144/4row/fused/4output", "262144/4row/fused/4output", "262144/4row/fused/4output/VALUES-ONLY"]
null: repeat an arm in FT_GATE_VALUES — two identical arms differ only by this window's noise, and no effect below that is readable
/data/tmp/torchvenv-2121/lib/python3.12/site-packages/torch/_subclasses/functional_tensor.py:362: UserWarning: Failed to initialize NumPy: No module named 'numpy' (Triggered internally at /pytorch/torch/csrc/utils/tensor_numpy.cpp:84.)
  cpu = _conversion_method_template(device=torch.device("cpu"))
incumbent=PyTorch 2.12.1+cpu (self-reported, same invocation)
incumbent threads=8 (self-reported)

n=256  PT min 7.151 ms  median 8.054 ms  spread 4.55x  load 15.24->17.94  MHz 4018/4147  iowait 59 jiffies
  arm=262144/4row/fused/4output min   12.079 ms  median   14.105 ms  PT-beside-it min    7.151 ms  paired-vs-PT FT 1.689x SLOWER  paired-vs-arm0 1.000x  branches (0, 0, 0)  parity rel 3.09e-13 MATCH
                     phases (ours only, median of 3 instrumented calls): reduction 7.086 ms 72%  form_p/q 2.600 ms 26%  QR sweep 0.211 ms 2%
  arm=262144/4row/fused/4output min   11.732 ms  median   14.968 ms  PT-beside-it min    7.557 ms  paired-vs-PT FT 1.754x SLOWER  paired-vs-arm0 0.928x  branches (0, 0, 0)  parity rel 3.09e-13 MATCH
                     phases (ours only, median of 3 instrumented calls): reduction 8.344 ms 70%  form_p/q 3.037 ms 26%  QR sweep 0.462 ms 4%
  arm=262144/4row/fused/4output/VALUES-ONLY min    7.520 ms  median    8.972 ms  PT-beside-it min    7.193 ms  paired-vs-PT FT 1.140x SLOWER  paired-vs-arm0 1.577x  branches (0, 0, 0)  parity rel 3.09e-13 MATCH
                     phases (ours only, median of 3 instrumented calls): reduction 0.000 ms 0%  form_p/q 0.000 ms 0%  QR sweep 0.000 ms 0%

n=512  PT min 27.748 ms  median 33.019 ms  spread 1.33x  load 17.94->18.19  MHz 4197/4286  iowait 303 jiffies
  arm=262144/4row/fused/4output min   71.976 ms  median   82.448 ms  PT-beside-it min   27.748 ms  paired-vs-PT FT 2.466x SLOWER  paired-vs-arm0 1.000x  branches (0, 0, 0)  parity rel 1.90e-12 MATCH
                     phases (ours only, median of 3 instrumented calls): reduction 58.876 ms 76%  form_p/q 18.424 ms 24%  QR sweep 0.259 ms 0%
  arm=262144/4row/fused/4output min   80.100 ms  median   81.524 ms  PT-beside-it min   27.994 ms  paired-vs-PT FT 2.433x SLOWER  paired-vs-arm0 0.985x  branches (0, 0, 0)  parity rel 1.90e-12 MATCH
                     phases (ours only, median of 3 instrumented calls): reduction 54.136 ms 75%  form_p/q 17.294 ms 24%  QR sweep 0.285 ms 0%
  arm=262144/4row/fused/4output/VALUES-ONLY min   50.092 ms  median   55.210 ms  PT-beside-it min   28.199 ms  paired-vs-PT FT 1.734x SLOWER  paired-vs-arm0 1.504x  branches (0, 0, 0)  parity rel 1.90e-12 MATCH
                     phases (ours only, median of 3 instrumented calls): reduction 0.000 ms 0%  form_p/q 0.000 ms 0%  QR sweep 0.000 ms 0%
idle_after=83.74%
incumbent_check n=256 PT_min=7.151ms banked~6.762ms -> ok
incumbent_check n=512 PT_min=27.748ms banked~32.075ms -> ok
