=== cholesky_live attempt=1 utc=2026-08-26T08:54:20Z host=thinkstation1 ===
idle_before=89.61% then 94.04% (mpstat 5s x2, NOT loadavg)
loadavg_before=5.30 6.60 9.12 (recorded for provenance; NOT the gate)
snapshot_sha256=2187280c670687f8b1e6a50a19647c7c305a95abd5d53431c9706aed6a39fc6c
config: unpinned, RAYON_NUM_THREADS=8, FT_GATE_SIZES=512,1024, FT_GATE_VALUES=262144,262144 (A/A NULL)
measurement=SVD FORWARD ONLY (full U,S,Vh); estimator=min over 25 rounds, every arm AND the incumbent sampled once per round, arm order reversed on odd rounds, first round discarded; every ratio is the median of the PAIRED per-round ratio
elf_sha256=2187280c670687f8b1e6a50a19647c7c305a95abd5d53431c9706aed6a39fc6c
rayon_threads=8 warmup=8 (both arms)  default_gate=262144
arms (gate/step-12/trailing/panel-output; u64::MAX = always serial): ["262144/4row/fused/4output", "262144/4row/fused/4output"]
null: repeat an arm in FT_GATE_VALUES — two identical arms differ only by this window's noise, and no effect below that is readable
/data/tmp/torchvenv-2121/lib/python3.12/site-packages/torch/_subclasses/functional_tensor.py:362: UserWarning: Failed to initialize NumPy: No module named 'numpy' (Triggered internally at /pytorch/torch/csrc/utils/tensor_numpy.cpp:84.)
  cpu = _conversion_method_template(device=torch.device("cpu"))
incumbent=PyTorch 2.12.1+cpu (self-reported, same invocation)
incumbent threads=8 (self-reported)

n=512  PT min 1.177 ms  median 1.366 ms  spread 2.40x  load 5.28->5.28  MHz 3144/3148  iowait 2 jiffies
  arm=262144/4row/fused/4output min    5.167 ms  median    5.899 ms  PT-beside-it min    1.177 ms  paired-vs-PT FT 4.484x SLOWER  paired-vs-arm0 1.000x  branches (0, 0, 0)  parity rel 2.55e-12 MATCH
                     phases (ours only, median of 3 instrumented calls): reduction 0.000 ms 0%  form_p/q 0.000 ms 0%  QR sweep 0.000 ms 0%
  arm=262144/4row/fused/4output min    5.157 ms  median    6.118 ms  PT-beside-it min    1.214 ms  paired-vs-PT FT 4.417x SLOWER  paired-vs-arm0 0.982x  branches (0, 0, 0)  parity rel 2.55e-12 MATCH
                     phases (ours only, median of 3 instrumented calls): reduction 0.000 ms 0%  form_p/q 0.000 ms 0%  QR sweep 0.000 ms 0%

n=1024  PT min 3.713 ms  median 4.135 ms  spread 1.26x  load 5.28->5.28  MHz 2392/1429  iowait 3 jiffies
  arm=262144/4row/fused/4output min   21.857 ms  median   23.514 ms  PT-beside-it min    3.713 ms  paired-vs-PT FT 5.701x SLOWER  paired-vs-arm0 1.000x  branches (0, 0, 0)  parity rel 5.78e-13 MATCH
                     phases (ours only, median of 3 instrumented calls): reduction 0.000 ms 0%  form_p/q 0.000 ms 0%  QR sweep 0.000 ms 0%
  arm=262144/4row/fused/4output min   20.538 ms  median   23.237 ms  PT-beside-it min    3.755 ms  paired-vs-PT FT 5.750x SLOWER  paired-vs-arm0 1.034x  branches (0, 0, 0)  parity rel 5.78e-13 MATCH
                     phases (ours only, median of 3 instrumented calls): reduction 0.000 ms 0%  form_p/q 0.000 ms 0%  QR sweep 0.000 ms 0%
idle_after=86.04%
