=== gate_null attempt=3 utc=2026-08-26T03:28:02Z host=thinkstation1 ===
idle_before=88.66% then 85.69% (mpstat 5s x2, NOT loadavg)
loadavg_before=49.24 90.92 88.47 (recorded for provenance; NOT the gate)
snapshot_sha256=323a90cf1804eed18f1f4f62ae8ec4e04357403b4c697981755cd144ecfb8848
config: unpinned, RAYON_NUM_THREADS=8, FT_GATE_SIZES=128,136,256, FT_GATE_VALUES=262144,262144 (A/A NULL)
measurement=SVD FORWARD ONLY (full U,S,Vh); estimator=min over 9 rounds, every arm AND the incumbent sampled once per round, arm order reversed on odd rounds, first round discarded; every ratio is the median of the PAIRED per-round ratio
elf_sha256=323a90cf1804eed18f1f4f62ae8ec4e04357403b4c697981755cd144ecfb8848
rayon_threads=8 warmup=8 (both arms)  default_gate=262144
arms (gate/step-12/trailing/panel-output; u64::MAX = always serial): ["262144/4row/fused/4output", "262144/4row/fused/4output"]
null: repeat an arm in FT_GATE_VALUES — two identical arms differ only by this window's noise, and no effect below that is readable
/data/tmp/torchvenv-2121/lib/python3.12/site-packages/torch/_subclasses/functional_tensor.py:362: UserWarning: Failed to initialize NumPy: No module named 'numpy' (Triggered internally at /pytorch/torch/csrc/utils/tensor_numpy.cpp:84.)
  cpu = _conversion_method_template(device=torch.device("cpu"))
incumbent=PyTorch 2.12.1+cpu (self-reported, same invocation)
incumbent threads=8 (self-reported)

n=128  PT min 1.369 ms  median 1.544 ms  spread 1.30x  load 49.24->49.24  MHz 1429/1429  iowait 0 jiffies
  arm=262144/4row/fused/4output min    2.068 ms  median    2.353 ms  PT-beside-it min    1.388 ms  paired-vs-PT FT 1.492x SLOWER  paired-vs-arm0 1.000x  branches (0, 0, 0)  parity rel 4.36e-13 MATCH
                     phases (ours only, median of 3 instrumented calls): reduction 0.857 ms 61%  form_p/q 0.319 ms 23%  QR sweep 0.233 ms 17%
  arm=262144/4row/fused/4output min    1.827 ms  median    2.327 ms  PT-beside-it min    1.369 ms  paired-vs-PT FT 1.533x SLOWER  paired-vs-arm0 0.995x  branches (0, 0, 0)  parity rel 4.36e-13 MATCH
                     phases (ours only, median of 3 instrumented calls): reduction 0.830 ms 62%  form_p/q 0.264 ms 20%  QR sweep 0.237 ms 18%

n=136  PT min 1.443 ms  median 1.543 ms  spread 1.41x  load 49.24->49.24  MHz 1429/2501  iowait 0 jiffies
  arm=262144/4row/fused/4output min    1.905 ms  median    2.300 ms  PT-beside-it min    1.443 ms  paired-vs-PT FT 1.414x SLOWER  paired-vs-arm0 1.000x  branches (0, 0, 0)  parity rel 2.10e-13 MATCH
                     phases (ours only, median of 3 instrumented calls): reduction 0.949 ms 58%  form_p/q 0.499 ms 30%  QR sweep 0.192 ms 12%
  arm=262144/4row/fused/4output min    1.813 ms  median    2.291 ms  PT-beside-it min    1.451 ms  paired-vs-PT FT 1.480x SLOWER  paired-vs-arm0 0.971x  branches (0, 0, 0)  parity rel 2.10e-13 MATCH
                     phases (ours only, median of 3 instrumented calls): reduction 1.013 ms 58%  form_p/q 0.542 ms 31%  QR sweep 0.184 ms 11%

n=256  PT min 6.942 ms  median 7.779 ms  spread 1.26x  load 49.24->49.24  MHz 2462/3125  iowait 3 jiffies
  arm=262144/4row/fused/4output min   10.256 ms  median   12.566 ms  PT-beside-it min    6.942 ms  paired-vs-PT FT 1.581x SLOWER  paired-vs-arm0 1.000x  branches (0, 0, 0)  parity rel 3.09e-13 MATCH
                     phases (ours only, median of 3 instrumented calls): reduction 6.538 ms 73%  form_p/q 2.219 ms 25%  QR sweep 0.181 ms 2%
  arm=262144/4row/fused/4output min    9.414 ms  median   12.350 ms  PT-beside-it min    7.265 ms  paired-vs-PT FT 1.499x SLOWER  paired-vs-arm0 1.001x  branches (0, 0, 0)  parity rel 3.09e-13 MATCH
                     phases (ours only, median of 3 instrumented calls): reduction 6.774 ms 71%  form_p/q 2.529 ms 27%  QR sweep 0.207 ms 2%
idle_after=90.43%
incumbent_check n=128 PT_min=1.369ms banked~1.289ms -> ok
incumbent_check n=136 PT_min=1.443ms banked~1.515ms -> ok
incumbent_check n=256 PT_min=6.942ms banked~6.762ms -> ok
