=== eigh_live attempt=1 utc=2026-08-26T06:11:00Z host=thinkstation1 ===
idle_before=74.10% then 75.92% (mpstat 5s x2, NOT loadavg)
loadavg_before=17.56 14.87 16.45 (recorded for provenance; NOT the gate)
snapshot_sha256=9e98e2eb1f7676c41a5eb40c13f8e05baeceaffbde75aca6a4c92e4c0eede73e
config: unpinned, RAYON_NUM_THREADS=8, FT_GATE_SIZES=256,512, FT_GATE_VALUES=262144,262144 (A/A NULL)
measurement=SVD FORWARD ONLY (full U,S,Vh); estimator=min over 15 rounds, every arm AND the incumbent sampled once per round, arm order reversed on odd rounds, first round discarded; every ratio is the median of the PAIRED per-round ratio
elf_sha256=9e98e2eb1f7676c41a5eb40c13f8e05baeceaffbde75aca6a4c92e4c0eede73e
rayon_threads=8 warmup=8 (both arms)  default_gate=262144
arms (gate/step-12/trailing/panel-output; u64::MAX = always serial): ["262144/4row/fused/4output", "262144/4row/fused/4output"]
null: repeat an arm in FT_GATE_VALUES — two identical arms differ only by this window's noise, and no effect below that is readable
/data/tmp/torchvenv-2121/lib/python3.12/site-packages/torch/_subclasses/functional_tensor.py:362: UserWarning: Failed to initialize NumPy: No module named 'numpy' (Triggered internally at /pytorch/torch/csrc/utils/tensor_numpy.cpp:84.)
  cpu = _conversion_method_template(device=torch.device("cpu"))
incumbent=PyTorch 2.12.1+cpu (self-reported, same invocation)
incumbent threads=8 (self-reported)

n=256  PT min 3.275 ms  median 3.676 ms  spread 1.80x  load 17.56->17.56  MHz 3433/3368  iowait 0 jiffies
  arm=262144/4row/fused/4output min    8.079 ms  median    8.807 ms  PT-beside-it min    3.275 ms  paired-vs-PT FT 2.401x SLOWER  paired-vs-arm0 1.000x  branches (0, 0, 0)  parity rel 3.06e-16 MATCH
                     phases (ours only, median of 3 instrumented calls): reduction 0.000 ms 0%  form_p/q 0.000 ms 0%  QR sweep 0.000 ms 0%
  arm=262144/4row/fused/4output min    8.060 ms  median    8.528 ms  PT-beside-it min    3.317 ms  paired-vs-PT FT 2.346x SLOWER  paired-vs-arm0 1.014x  branches (0, 0, 0)  parity rel 3.06e-16 MATCH
                     phases (ours only, median of 3 instrumented calls): reduction 0.000 ms 0%  form_p/q 0.000 ms 0%  QR sweep 0.000 ms 0%

n=512  PT min 11.542 ms  median 13.070 ms  spread 1.29x  load 17.56->17.12  MHz 3387/3430  iowait 8 jiffies
  arm=262144/4row/fused/4output min   65.211 ms  median   68.145 ms  PT-beside-it min   11.542 ms  paired-vs-PT FT 5.298x SLOWER  paired-vs-arm0 1.000x  branches (0, 0, 0)  parity rel 6.12e-16 MATCH
                     phases (ours only, median of 3 instrumented calls): reduction 0.000 ms 0%  form_p/q 0.000 ms 0%  QR sweep 0.000 ms 0%
  arm=262144/4row/fused/4output min   63.827 ms  median   68.588 ms  PT-beside-it min   12.232 ms  paired-vs-PT FT 5.132x SLOWER  paired-vs-arm0 1.022x  branches (0, 0, 0)  parity rel 6.12e-16 MATCH
                     phases (ours only, median of 3 instrumented calls): reduction 0.000 ms 0%  form_p/q 0.000 ms 0%  QR sweep 0.000 ms 0%
idle_after=77.01%
incumbent_check n=256 PT_min=3.275ms banked~6.762ms -> ok
incumbent_check n=512 PT_min=11.542ms banked~32.075ms -> ok
