=== UNGATED eigvalsh op=eigvalsh utc=2026-08-26T06:38:34Z ===
idle_before=0.01% (RECORDED, NOT GATED ON)
loadavg_before=112.43 104.88 86.26
elf_sha256=9e98e2eb1f7676c41a5eb40c13f8e05baeceaffbde75aca6a4c92e4c0eede73e
measurement=SVD FORWARD ONLY (full U,S,Vh); estimator=min over 45 rounds, every arm AND the incumbent sampled once per round, arm order reversed on odd rounds, first round discarded; every ratio is the median of the PAIRED per-round ratio
elf_sha256=9e98e2eb1f7676c41a5eb40c13f8e05baeceaffbde75aca6a4c92e4c0eede73e
rayon_threads=8 warmup=8 (both arms)  default_gate=262144
arms (gate/step-12/trailing/panel-output; u64::MAX = always serial): ["262144/4row/fused/4output", "262144/4row/fused/4output"]
null: repeat an arm in FT_GATE_VALUES — two identical arms differ only by this window's noise, and no effect below that is readable
/data/tmp/torchvenv-2121/lib/python3.12/site-packages/torch/_subclasses/functional_tensor.py:362: UserWarning: Failed to initialize NumPy: No module named 'numpy' (Triggered internally at /pytorch/torch/csrc/utils/tensor_numpy.cpp:84.)
  cpu = _conversion_method_template(device=torch.device("cpu"))
incumbent=PyTorch 2.12.1+cpu (self-reported, same invocation)
incumbent threads=8 (self-reported)

n=512  PT min 5.976 ms  median 10.573 ms  spread 9.38x  load 112.14->101.72  MHz 3743/3730  iowait 173 jiffies
  arm=262144/4row/fused/4output min   42.284 ms  median   45.194 ms  PT-beside-it min    5.976 ms  paired-vs-PT FT 4.315x SLOWER  paired-vs-arm0 1.000x  branches (0, 0, 0)  parity rel 6.12e-16 MATCH
                     phases (ours only, median of 3 instrumented calls): reduction 0.000 ms 0%  form_p/q 0.000 ms 0%  QR sweep 0.000 ms 0%
  arm=262144/4row/fused/4output min   42.326 ms  median   44.460 ms  PT-beside-it min    9.139 ms  paired-vs-PT FT 4.231x SLOWER  paired-vs-arm0 1.015x  branches (0, 0, 0)  parity rel 6.12e-16 MATCH
                     phases (ours only, median of 3 instrumented calls): reduction 0.000 ms 0%  form_p/q 0.000 ms 0%  QR sweep 0.000 ms 0%
run_rc=0
idle_after=0.81%
=== end ===
