  [2m2026-06-13T17:37:26.068012Z[0m [32m INFO[0m [1;32mrch::hook[0m[32m: [32mSelected worker: vmi1153651 at root@38.242.134.66 (4 slots remaining after reservation, speed 50.0)[0m
    [2;3mat[0m rch/src/hook.rs:514 [2;3mon[0m ThreadId(1)

  [2m2026-06-13T17:37:26.341104Z[0m [32m INFO[0m [1;32mrch::hook[0m[32m: [32mStarting remote compilation pipeline for frankentorch-kgs4-54-baseline-202606131736 (hash: d442eae1ab5a841b)[0m
    [2;3mat[0m rch/src/hook.rs:5994 [2;3mon[0m ThreadId(1)

  [2m2026-06-13T17:37:26.341139Z[0m [32m INFO[0m [1;32mrch::hook[0m[32m: [32mPrepared dependency sync manifest for 13 roots[0m
    [2;3mat[0m rch/src/hook.rs:6016 [2;3mon[0m ThreadId(1)

  [2m2026-06-13T17:37:28.251769Z[0m [32m INFO[0m [1;32mrch::hook[0m[32m: [32mSyncing project to worker vmi1153651...[0m
    [2;3mat[0m rch/src/hook.rs:6046 [2;3mon[0m ThreadId(1)

  [2m2026-06-13T17:37:28.251897Z[0m [32m INFO[0m [1;32mrch::transfer[0m[32m: [32mSyncing /data/projects/.scratch/frankentorch-kgs4-54-baseline-202606131736 -> /data/projects/.scratch/frankentorch-kgs4-54-baseline-202606131736 on vmi1153651[0m
    [2;3mat[0m rch/src/transfer.rs:1434 [2;3mon[0m ThreadId(1)

  [2m2026-06-13T17:37:31.687320Z[0m [32m INFO[0m [1;32mrch::transfer[0m[32m: [32mSync completed in 3435ms[0m
    [2;3mat[0m rch/src/transfer.rs:1503 [2;3mon[0m ThreadId(1)

  [2m2026-06-13T17:37:31.687466Z[0m [32m INFO[0m [1;32mrch::transfer[0m[32m: [32mSyncing /data/projects/.scratch/frankentorch-kgs4-54-baseline-202606131736/crates/ft-api -> /data/projects/.scratch/frankentorch-kgs4-54-baseline-202606131736/crates/ft-api on vmi1153651[0m
    [2;3mat[0m rch/src/transfer.rs:1434 [2;3mon[0m ThreadId(1)

  [2m2026-06-13T17:37:33.667983Z[0m [32m INFO[0m [1;32mrch::transfer[0m[32m: [32mSync completed in 1980ms[0m
    [2;3mat[0m rch/src/transfer.rs:1503 [2;3mon[0m ThreadId(1)

  [2m2026-06-13T17:37:33.668126Z[0m [32m INFO[0m [1;32mrch::transfer[0m[32m: [32mSyncing /data/projects/.scratch/frankentorch-kgs4-54-baseline-202606131736/crates/ft-autograd -> /data/projects/.scratch/frankentorch-kgs4-54-baseline-202606131736/crates/ft-autograd on vmi1153651[0m
    [2;3mat[0m rch/src/transfer.rs:1434 [2;3mon[0m ThreadId(1)

  [2m2026-06-13T17:37:35.705951Z[0m [32m INFO[0m [1;32mrch::transfer[0m[32m: [32mSync completed in 2037ms[0m
    [2;3mat[0m rch/src/transfer.rs:1503 [2;3mon[0m ThreadId(1)

  [2m2026-06-13T17:37:35.706098Z[0m [32m INFO[0m [1;32mrch::transfer[0m[32m: [32mSyncing /data/projects/.scratch/frankentorch-kgs4-54-baseline-202606131736/crates/ft-conformance -> /data/projects/.scratch/frankentorch-kgs4-54-baseline-202606131736/crates/ft-conformance on vmi1153651[0m
    [2;3mat[0m rch/src/transfer.rs:1434 [2;3mon[0m ThreadId(1)

  [2m2026-06-13T17:37:37.546887Z[0m [32m INFO[0m [1;32mrch::transfer[0m[32m: [32mSync completed in 1840ms[0m
    [2;3mat[0m rch/src/transfer.rs:1503 [2;3mon[0m ThreadId(1)

  [2m2026-06-13T17:37:37.547090Z[0m [32m INFO[0m [1;32mrch::transfer[0m[32m: [32mSyncing /data/projects/.scratch/frankentorch-kgs4-54-baseline-202606131736/crates/ft-core -> /data/projects/.scratch/frankentorch-kgs4-54-baseline-202606131736/crates/ft-core on vmi1153651[0m
    [2;3mat[0m rch/src/transfer.rs:1434 [2;3mon[0m ThreadId(1)

  [2m2026-06-13T17:37:39.587499Z[0m [32m INFO[0m [1;32mrch::transfer[0m[32m: [32mSync completed in 2040ms[0m
    [2;3mat[0m rch/src/transfer.rs:1503 [2;3mon[0m ThreadId(1)

  [2m2026-06-13T17:37:39.587636Z[0m [32m INFO[0m [1;32mrch::transfer[0m[32m: [32mSyncing /data/projects/.scratch/frankentorch-kgs4-54-baseline-202606131736/crates/ft-data -> /data/projects/.scratch/frankentorch-kgs4-54-baseline-202606131736/crates/ft-data on vmi1153651[0m
    [2;3mat[0m rch/src/transfer.rs:1434 [2;3mon[0m ThreadId(1)

  [2m2026-06-13T17:37:41.573562Z[0m [32m INFO[0m [1;32mrch::transfer[0m[32m: [32mSync completed in 1985ms[0m
    [2;3mat[0m rch/src/transfer.rs:1503 [2;3mon[0m ThreadId(1)

  [2m2026-06-13T17:37:41.573704Z[0m [32m INFO[0m [1;32mrch::transfer[0m[32m: [32mSyncing /data/projects/.scratch/frankentorch-kgs4-54-baseline-202606131736/crates/ft-device -> /data/projects/.scratch/frankentorch-kgs4-54-baseline-202606131736/crates/ft-device on vmi1153651[0m
    [2;3mat[0m rch/src/transfer.rs:1434 [2;3mon[0m ThreadId(1)

  [2m2026-06-13T17:37:43.468228Z[0m [32m INFO[0m [1;32mrch::transfer[0m[32m: [32mSync completed in 1894ms[0m
    [2;3mat[0m rch/src/transfer.rs:1503 [2;3mon[0m ThreadId(1)

  [2m2026-06-13T17:37:43.468377Z[0m [32m INFO[0m [1;32mrch::transfer[0m[32m: [32mSyncing /data/projects/.scratch/frankentorch-kgs4-54-baseline-202606131736/crates/ft-dispatch -> /data/projects/.scratch/frankentorch-kgs4-54-baseline-202606131736/crates/ft-dispatch on vmi1153651[0m
    [2;3mat[0m rch/src/transfer.rs:1434 [2;3mon[0m ThreadId(1)

  [2m2026-06-13T17:37:45.379104Z[0m [32m INFO[0m [1;32mrch::transfer[0m[32m: [32mSync completed in 1910ms[0m
    [2;3mat[0m rch/src/transfer.rs:1503 [2;3mon[0m ThreadId(1)

  [2m2026-06-13T17:37:45.379282Z[0m [32m INFO[0m [1;32mrch::transfer[0m[32m: [32mSyncing /data/projects/.scratch/frankentorch-kgs4-54-baseline-202606131736/crates/ft-kernel-cpu -> /data/projects/.scratch/frankentorch-kgs4-54-baseline-202606131736/crates/ft-kernel-cpu on vmi1153651[0m
    [2;3mat[0m rch/src/transfer.rs:1434 [2;3mon[0m ThreadId(1)

  [2m2026-06-13T17:37:47.249632Z[0m [32m INFO[0m [1;32mrch::transfer[0m[32m: [32mSync completed in 1870ms[0m
    [2;3mat[0m rch/src/transfer.rs:1503 [2;3mon[0m ThreadId(1)

  [2m2026-06-13T17:37:47.249780Z[0m [32m INFO[0m [1;32mrch::transfer[0m[32m: [32mSyncing /data/projects/.scratch/frankentorch-kgs4-54-baseline-202606131736/crates/ft-nn -> /data/projects/.scratch/frankentorch-kgs4-54-baseline-202606131736/crates/ft-nn on vmi1153651[0m
    [2;3mat[0m rch/src/transfer.rs:1434 [2;3mon[0m ThreadId(1)

  [2m2026-06-13T17:37:49.134467Z[0m [32m INFO[0m [1;32mrch::transfer[0m[32m: [32mSync completed in 1884ms[0m
    [2;3mat[0m rch/src/transfer.rs:1503 [2;3mon[0m ThreadId(1)

  [2m2026-06-13T17:37:49.134625Z[0m [32m INFO[0m [1;32mrch::transfer[0m[32m: [32mSyncing /data/projects/.scratch/frankentorch-kgs4-54-baseline-202606131736/crates/ft-optim -> /data/projects/.scratch/frankentorch-kgs4-54-baseline-202606131736/crates/ft-optim on vmi1153651[0m
    [2;3mat[0m rch/src/transfer.rs:1434 [2;3mon[0m ThreadId(1)

  [2m2026-06-13T17:37:51.046180Z[0m [32m INFO[0m [1;32mrch::transfer[0m[32m: [32mSync completed in 1911ms[0m
    [2;3mat[0m rch/src/transfer.rs:1503 [2;3mon[0m ThreadId(1)

  [2m2026-06-13T17:37:51.046346Z[0m [32m INFO[0m [1;32mrch::transfer[0m[32m: [32mSyncing /data/projects/.scratch/frankentorch-kgs4-54-baseline-202606131736/crates/ft-runtime -> /data/projects/.scratch/frankentorch-kgs4-54-baseline-202606131736/crates/ft-runtime on vmi1153651[0m
    [2;3mat[0m rch/src/transfer.rs:1434 [2;3mon[0m ThreadId(1)

  [2m2026-06-13T17:37:52.976115Z[0m [32m INFO[0m [1;32mrch::transfer[0m[32m: [32mSync completed in 1929ms[0m
    [2;3mat[0m rch/src/transfer.rs:1503 [2;3mon[0m ThreadId(1)

  [2m2026-06-13T17:37:52.976297Z[0m [32m INFO[0m [1;32mrch::transfer[0m[32m: [32mSyncing /data/projects/.scratch/frankentorch-kgs4-54-baseline-202606131736/crates/ft-serialize -> /data/projects/.scratch/frankentorch-kgs4-54-baseline-202606131736/crates/ft-serialize on vmi1153651[0m
    [2;3mat[0m rch/src/transfer.rs:1434 [2;3mon[0m ThreadId(1)

  [2m2026-06-13T17:37:55.057046Z[0m [32m INFO[0m [1;32mrch::transfer[0m[32m: [32mSync completed in 2080ms[0m
    [2;3mat[0m rch/src/transfer.rs:1503 [2;3mon[0m ThreadId(1)

  [2m2026-06-13T17:37:55.057084Z[0m [32m INFO[0m [1;32mrch::hook[0m[32m: [32mSync complete: 2650 files, 5449970 bytes in 26795ms[0m
    [2;3mat[0m rch/src/hook.rs:6209 [2;3mon[0m ThreadId(1)

  [2m2026-06-13T17:37:59.571072Z[0m [32m INFO[0m [1;32mrch::hook[0m[32m: [32mExecuting command remotely: cargo bench -j 1 -p ft-kernel-cpu --bench gemm_bench matmul_bt_f64_1024x1024x1024 -- --warm-up-time 1 --measurement-time 3 --sample-size 10[0m
    [2;3mat[0m rch/src/hook.rs:6252 [2;3mon[0m ThreadId(1)

  [2m2026-06-13T17:37:59.571129Z[0m [32m INFO[0m [1;32mrch::transfer[0m[32m: [32mRewriting CARGO_TARGET_DIR for remote execution (worker-scoped path): /data/tmp/cargo-target -> /data/projects/.scratch/frankentorch-kgs4-54-baseline-202606131736/.rch-target-vmi1153651-job-29884606035528984-1781372248251761865-0[0m
    [2;3mat[0m rch/src/transfer.rs:712 [2;3mon[0m ThreadId(1)

    Updating crates.io index
 Downloading crates ...
  Downloaded num-complex v0.4.6
  Downloaded cfg-if v1.0.4
  Downloaded cast v0.3.0
  Downloaded ciborium-io v0.2.2
  Downloaded is-terminal v0.4.17
  Downloaded plotters-svg v0.3.7
  Downloaded bit-set v0.8.0
  Downloaded rawpointer v0.2.1
  Downloaded fnv v1.0.7
  Downloaded itoa v1.0.18
  Downloaded plotters-backend v0.3.7
  Downloaded rand_xorshift v0.4.0
  Downloaded same-file v1.0.6
  Downloaded unarray v0.1.4
  Downloaded wait-timeout v0.2.1
  Downloaded clap_lex v1.1.0
  Downloaded quick-error v1.2.3
  Downloaded ciborium-ll v0.2.2
  Downloaded crossbeam-deque v0.8.6
  Downloaded either v1.15.0
  Downloaded errno v0.3.14
  Downloaded fastrand v2.4.1
  Downloaded ppv-lite86 v0.2.21
  Downloaded rand_chacha v0.9.0
  Downloaded rand_core v0.9.5
  Downloaded rusty-fork v0.3.1
  Downloaded autocfg v1.5.0
  Downloaded bit-vec v0.8.0
  Downloaded anes v0.1.6
  Downloaded oorandom v11.1.5
  Downloaded quote v1.0.45
  Downloaded tinytemplate v1.2.1
  Downloaded anstyle v1.0.14
  Downloaded bytemuck_derive v1.10.2
  Downloaded criterion-plot v0.5.0
  Downloaded zmij v1.0.21
  Downloaded crossbeam-epoch v0.9.18
  Downloaded once_cell v1.21.4
  Downloaded walkdir v2.5.0
  Downloaded ciborium v0.2.2
  Downloaded console v0.16.3
  Downloaded bitflags v2.11.1
  Downloaded tempfile v3.27.0
  Downloaded num-traits v0.2.19
  Downloaded serde_derive v1.0.228
  Downloaded getrandom v0.3.4
  Downloaded proc-macro2 v1.0.106
  Downloaded serde_core v1.0.228
  Downloaded similar v2.7.0
  Downloaded unicode-ident v1.0.24
  Downloaded clap v4.6.1
  Downloaded crossbeam-utils v0.8.21
  Downloaded half v2.7.1
  Downloaded matrixmultiply v0.3.10
  Downloaded rayon v1.12.0
  Downloaded rayon-core v1.13.0
  Downloaded safe_arch v0.7.4
  Downloaded serde v1.0.228
  Downloaded bytemuck v1.25.0
  Downloaded rand v0.9.4
  Downloaded criterion v0.5.1
  Downloaded memchr v2.8.0
  Downloaded wide v0.7.33
  Downloaded zerocopy-derive v0.8.48
  Downloaded insta v1.47.2
  Downloaded itertools v0.10.5
  Downloaded plotters v0.3.7
  Downloaded regex v1.12.3
  Downloaded clap_builder v4.6.0
  Downloaded libm v0.2.16
  Downloaded serde_json v1.0.149
  Downloaded aho-corasick v1.1.4
  Downloaded proptest v1.11.0
  Downloaded zerocopy v0.8.48
  Downloaded syn v2.0.117
  Downloaded regex-syntax v0.8.10
  Downloaded rustix v1.1.4
  Downloaded regex-automata v0.4.14
  Downloaded libc v0.2.185
  Downloaded linux-raw-sys v0.12.1
   Compiling proc-macro2 v1.0.106
   Compiling unicode-ident v1.0.24
   Compiling quote v1.0.45
   Compiling syn v2.0.117
   Compiling cfg-if v1.0.4
   Compiling libc v0.2.185
   Compiling autocfg v1.5.0
   Compiling zerocopy v0.8.48
   Compiling zerocopy-derive v0.8.48
   Compiling getrandom v0.3.4
   Compiling bytemuck_derive v1.10.2
   Compiling bytemuck v1.25.0
   Compiling num-traits v0.2.19
   Compiling crossbeam-utils v0.8.21
   Compiling serde_core v1.0.228
   Compiling rustix v1.1.4
   Compiling crossbeam-epoch v0.9.18
   Compiling half v2.7.1
   Compiling either v1.15.0
   Compiling zmij v1.0.21
   Compiling serde v1.0.228
   Compiling linux-raw-sys v0.12.1
   Compiling rayon-core v1.13.0
   Compiling bitflags v2.11.1
   Compiling once_cell v1.21.4
   Compiling crossbeam-deque v0.8.6
   Compiling rand_core v0.9.5
   Compiling serde_derive v1.0.228
   Compiling fastrand v2.4.1
   Compiling serde_json v1.0.149
   Compiling regex-syntax v0.8.10
   Compiling tempfile v3.27.0
   Compiling matrixmultiply v0.3.10
   Compiling ciborium-io v0.2.2
   Compiling clap_lex v1.1.0
   Compiling libm v0.2.16
   Compiling anstyle v1.0.14
   Compiling itoa v1.0.18
   Compiling memchr v2.8.0
   Compiling plotters-backend v0.3.7
   Compiling plotters-svg v0.3.7
   Compiling clap_builder v4.6.0
   Compiling ciborium-ll v0.2.2
   Compiling rayon v1.12.0
   Compiling regex-automata v0.4.14
   Compiling itertools v0.10.5
   Compiling num-complex v0.4.6
   Compiling safe_arch v0.7.4
   Compiling ppv-lite86 v0.2.21
   Compiling wait-timeout v0.2.1
   Compiling cast v0.3.0
   Compiling same-file v1.0.6
   Compiling bit-vec v0.8.0
   Compiling rawpointer v0.2.1
   Compiling fnv v1.0.7
   Compiling quick-error v1.2.3
   Compiling rusty-fork v0.3.1
   Compiling bit-set v0.8.0
   Compiling walkdir v2.5.0
   Compiling criterion-plot v0.5.0
   Compiling rand_chacha v0.9.0
   Compiling wide v0.7.33
   Compiling ft-core v0.1.0 (/data/projects/.scratch/frankentorch-kgs4-54-baseline-202606131736/crates/ft-core)
   Compiling regex v1.12.3
   Compiling ciborium v0.2.2
   Compiling clap v4.6.1
   Compiling tinytemplate v1.2.1
   Compiling plotters v0.3.7
   Compiling rand_xorshift v0.4.0
   Compiling rand v0.9.4
   Compiling is-terminal v0.4.17
   Compiling console v0.16.3
   Compiling anes v0.1.6
   Compiling unarray v0.1.4
   Compiling oorandom v11.1.5
   Compiling similar v2.7.0
   Compiling insta v1.47.2
   Compiling criterion v0.5.1
   Compiling proptest v1.11.0
   Compiling ft-kernel-cpu v0.1.0 (/data/projects/.scratch/frankentorch-kgs4-54-baseline-202606131736/crates/ft-kernel-cpu)
    Finished `bench` profile [optimized + debuginfo] target(s) in 6m 22s
     Running benches/gemm_bench.rs (.rch-target-vmi1153651-job-29884606035528984-1781372248251761865-0/release/deps/gemm_bench-2860152a1939296e)
Gnuplot not found, using plotters backend
Benchmarking matmul_bt_f64_1024x1024x1024
Benchmarking matmul_bt_f64_1024x1024x1024: Warming up for 1.0000 s
Benchmarking matmul_bt_f64_1024x1024x1024: Collecting 10 samples in estimated 5.3371 s (110 iterations)
Benchmarking matmul_bt_f64_1024x1024x1024: Analyzing
matmul_bt_f64_1024x1024x1024
                        time:   [39.708 ms 46.763 ms 56.988 ms]

  [2m2026-06-13T17:44:32.580130Z[0m [32m INFO[0m [1;32mrch::hook[0m[32m: [32mRemote command finished: exit=0 in 393008ms[0m
    [2;3mat[0m rch/src/hook.rs:6376 [2;3mon[0m ThreadId(1)

  [2m2026-06-13T17:44:32.580459Z[0m [32m INFO[0m [1;32mrch::hook[0m[32m: [32mRetrieving build artifacts...[0m
    [2;3mat[0m rch/src/hook.rs:6425 [2;3mon[0m ThreadId(1)

  [2m2026-06-13T17:44:32.580492Z[0m [32m INFO[0m [1;32mrch::transfer[0m[32m: [32mRetrieving artifacts from /data/projects/.scratch/frankentorch-kgs4-54-baseline-202606131736 on vmi1153651[0m
    [2;3mat[0m rch/src/transfer.rs:2106 [2;3mon[0m ThreadId(1)

  [2m2026-06-13T17:44:34.635071Z[0m [32m INFO[0m [1;32mrch::transfer[0m[32m: [32mArtifacts retrieved in 2054ms (1 files, 1180 bytes)[0m
    [2;3mat[0m rch/src/transfer.rs:2145 [2;3mon[0m ThreadId(1)

  [2m2026-06-13T17:44:34.635091Z[0m [32m INFO[0m [1;32mrch::hook[0m[32m: [32mArtifacts retrieved: 1 files, 1180 bytes in 2054ms[0m
    [2;3mat[0m rch/src/hook.rs:6458 [2;3mon[0m ThreadId(1)

  [2m2026-06-13T17:44:34.635197Z[0m [32m INFO[0m [1;32mrch::transfer[0m[32m: [32mRetrieving artifacts from /data/projects/.scratch/frankentorch-kgs4-54-baseline-202606131736/.rch-target-vmi1153651-job-29884606035528984-1781372248251761865-0 on vmi1153651[0m
    [2;3mat[0m rch/src/transfer.rs:2106 [2;3mon[0m ThreadId(1)

  [2m2026-06-13T17:44:36.757774Z[0m [32m INFO[0m [1;32mrch::transfer[0m[32m: [32mArtifacts retrieved in 2122ms (27 files, 2011 bytes)[0m
    [2;3mat[0m rch/src/transfer.rs:2145 [2;3mon[0m ThreadId(1)

  [2m2026-06-13T17:44:36.757801Z[0m [32m INFO[0m [1;32mrch::hook[0m[32m: [32mCustom CARGO_TARGET_DIR artifacts retrieved: 27 files, 2011 bytes in 2122ms[0m
    [2;3mat[0m rch/src/hook.rs:6582 [2;3mon[0m ThreadId(1)

[RCH] remote vmi1153651 (430.7s)
