  [2m2026-06-13T18:01:02.593080Z[0m [32m INFO[0m [1;32mrch::hook[0m[32m: [32mSelected worker: vmi1152480 at root@109.205.181.92 (5 slots remaining after reservation, speed 50.0)[0m
    [2;3mat[0m rch/src/hook.rs:514 [2;3mon[0m ThreadId(1)

  [2m2026-06-13T18:01:02.960478Z[0m [32m INFO[0m [1;32mrch::hook[0m[32m: [32mStarting remote compilation pipeline for frankentorch-kgs4-53-202606131706 (hash: 0da5d9e36fbbc35a)[0m
    [2;3mat[0m rch/src/hook.rs:5994 [2;3mon[0m ThreadId(1)

  [2m2026-06-13T18:01:02.960535Z[0m [32m INFO[0m [1;32mrch::hook[0m[32m: [32mPrepared dependency sync manifest for 13 roots[0m
    [2;3mat[0m rch/src/hook.rs:6016 [2;3mon[0m ThreadId(1)

  [2m2026-06-13T18:01:05.028011Z[0m [32m INFO[0m [1;32mrch::hook[0m[32m: [32mSyncing project to worker vmi1152480...[0m
    [2;3mat[0m rch/src/hook.rs:6046 [2;3mon[0m ThreadId(1)

  [2m2026-06-13T18:01:05.028072Z[0m [32m INFO[0m [1;32mrch::transfer[0m[32m: [32mSyncing /data/projects/.scratch/frankentorch-kgs4-53-202606131706 -> /data/projects/.scratch/frankentorch-kgs4-53-202606131706 on vmi1152480[0m
    [2;3mat[0m rch/src/transfer.rs:1434 [2;3mon[0m ThreadId(1)

  [2m2026-06-13T18:01:07.436023Z[0m [32m INFO[0m [1;32mrch::transfer[0m[32m: [32mSync completed in 2407ms[0m
    [2;3mat[0m rch/src/transfer.rs:1503 [2;3mon[0m ThreadId(1)

  [2m2026-06-13T18:01:07.436098Z[0m [32m INFO[0m [1;32mrch::transfer[0m[32m: [32mSyncing /data/projects/.scratch/frankentorch-kgs4-53-202606131706/crates/ft-api -> /data/projects/.scratch/frankentorch-kgs4-53-202606131706/crates/ft-api on vmi1152480[0m
    [2;3mat[0m rch/src/transfer.rs:1434 [2;3mon[0m ThreadId(1)

  [2m2026-06-13T18:01:09.387675Z[0m [32m INFO[0m [1;32mrch::transfer[0m[32m: [32mSync completed in 1951ms[0m
    [2;3mat[0m rch/src/transfer.rs:1503 [2;3mon[0m ThreadId(1)

  [2m2026-06-13T18:01:09.387759Z[0m [32m INFO[0m [1;32mrch::transfer[0m[32m: [32mSyncing /data/projects/.scratch/frankentorch-kgs4-53-202606131706/crates/ft-autograd -> /data/projects/.scratch/frankentorch-kgs4-53-202606131706/crates/ft-autograd on vmi1152480[0m
    [2;3mat[0m rch/src/transfer.rs:1434 [2;3mon[0m ThreadId(1)

  [2m2026-06-13T18:01:11.334539Z[0m [32m INFO[0m [1;32mrch::transfer[0m[32m: [32mSync completed in 1946ms[0m
    [2;3mat[0m rch/src/transfer.rs:1503 [2;3mon[0m ThreadId(1)

  [2m2026-06-13T18:01:11.334630Z[0m [32m INFO[0m [1;32mrch::transfer[0m[32m: [32mSyncing /data/projects/.scratch/frankentorch-kgs4-53-202606131706/crates/ft-conformance -> /data/projects/.scratch/frankentorch-kgs4-53-202606131706/crates/ft-conformance on vmi1152480[0m
    [2;3mat[0m rch/src/transfer.rs:1434 [2;3mon[0m ThreadId(1)

  [2m2026-06-13T18:01:13.350220Z[0m [32m INFO[0m [1;32mrch::transfer[0m[32m: [32mSync completed in 2015ms[0m
    [2;3mat[0m rch/src/transfer.rs:1503 [2;3mon[0m ThreadId(1)

  [2m2026-06-13T18:01:13.350302Z[0m [32m INFO[0m [1;32mrch::transfer[0m[32m: [32mSyncing /data/projects/.scratch/frankentorch-kgs4-53-202606131706/crates/ft-core -> /data/projects/.scratch/frankentorch-kgs4-53-202606131706/crates/ft-core on vmi1152480[0m
    [2;3mat[0m rch/src/transfer.rs:1434 [2;3mon[0m ThreadId(1)

  [2m2026-06-13T18:01:15.606204Z[0m [32m INFO[0m [1;32mrch::transfer[0m[32m: [32mSync completed in 2255ms[0m
    [2;3mat[0m rch/src/transfer.rs:1503 [2;3mon[0m ThreadId(1)

  [2m2026-06-13T18:01:15.606295Z[0m [32m INFO[0m [1;32mrch::transfer[0m[32m: [32mSyncing /data/projects/.scratch/frankentorch-kgs4-53-202606131706/crates/ft-data -> /data/projects/.scratch/frankentorch-kgs4-53-202606131706/crates/ft-data on vmi1152480[0m
    [2;3mat[0m rch/src/transfer.rs:1434 [2;3mon[0m ThreadId(1)

  [2m2026-06-13T18:01:17.565919Z[0m [32m INFO[0m [1;32mrch::transfer[0m[32m: [32mSync completed in 1959ms[0m
    [2;3mat[0m rch/src/transfer.rs:1503 [2;3mon[0m ThreadId(1)

  [2m2026-06-13T18:01:17.566027Z[0m [32m INFO[0m [1;32mrch::transfer[0m[32m: [32mSyncing /data/projects/.scratch/frankentorch-kgs4-53-202606131706/crates/ft-device -> /data/projects/.scratch/frankentorch-kgs4-53-202606131706/crates/ft-device on vmi1152480[0m
    [2;3mat[0m rch/src/transfer.rs:1434 [2;3mon[0m ThreadId(1)

  [2m2026-06-13T18:01:19.444330Z[0m [32m INFO[0m [1;32mrch::transfer[0m[32m: [32mSync completed in 1878ms[0m
    [2;3mat[0m rch/src/transfer.rs:1503 [2;3mon[0m ThreadId(1)

  [2m2026-06-13T18:01:19.444414Z[0m [32m INFO[0m [1;32mrch::transfer[0m[32m: [32mSyncing /data/projects/.scratch/frankentorch-kgs4-53-202606131706/crates/ft-dispatch -> /data/projects/.scratch/frankentorch-kgs4-53-202606131706/crates/ft-dispatch on vmi1152480[0m
    [2;3mat[0m rch/src/transfer.rs:1434 [2;3mon[0m ThreadId(1)

  [2m2026-06-13T18:01:21.324351Z[0m [32m INFO[0m [1;32mrch::transfer[0m[32m: [32mSync completed in 1879ms[0m
    [2;3mat[0m rch/src/transfer.rs:1503 [2;3mon[0m ThreadId(1)

  [2m2026-06-13T18:01:21.324456Z[0m [32m INFO[0m [1;32mrch::transfer[0m[32m: [32mSyncing /data/projects/.scratch/frankentorch-kgs4-53-202606131706/crates/ft-kernel-cpu -> /data/projects/.scratch/frankentorch-kgs4-53-202606131706/crates/ft-kernel-cpu on vmi1152480[0m
    [2;3mat[0m rch/src/transfer.rs:1434 [2;3mon[0m ThreadId(1)

  [2m2026-06-13T18:01:23.335829Z[0m [32m INFO[0m [1;32mrch::transfer[0m[32m: [32mSync completed in 2011ms[0m
    [2;3mat[0m rch/src/transfer.rs:1503 [2;3mon[0m ThreadId(1)

  [2m2026-06-13T18:01:23.335927Z[0m [32m INFO[0m [1;32mrch::transfer[0m[32m: [32mSyncing /data/projects/.scratch/frankentorch-kgs4-53-202606131706/crates/ft-nn -> /data/projects/.scratch/frankentorch-kgs4-53-202606131706/crates/ft-nn on vmi1152480[0m
    [2;3mat[0m rch/src/transfer.rs:1434 [2;3mon[0m ThreadId(1)

  [2m2026-06-13T18:01:25.225062Z[0m [32m INFO[0m [1;32mrch::transfer[0m[32m: [32mSync completed in 1889ms[0m
    [2;3mat[0m rch/src/transfer.rs:1503 [2;3mon[0m ThreadId(1)

  [2m2026-06-13T18:01:25.225147Z[0m [32m INFO[0m [1;32mrch::transfer[0m[32m: [32mSyncing /data/projects/.scratch/frankentorch-kgs4-53-202606131706/crates/ft-optim -> /data/projects/.scratch/frankentorch-kgs4-53-202606131706/crates/ft-optim on vmi1152480[0m
    [2;3mat[0m rch/src/transfer.rs:1434 [2;3mon[0m ThreadId(1)

  [2m2026-06-13T18:01:27.220813Z[0m [32m INFO[0m [1;32mrch::transfer[0m[32m: [32mSync completed in 1995ms[0m
    [2;3mat[0m rch/src/transfer.rs:1503 [2;3mon[0m ThreadId(1)

  [2m2026-06-13T18:01:27.220904Z[0m [32m INFO[0m [1;32mrch::transfer[0m[32m: [32mSyncing /data/projects/.scratch/frankentorch-kgs4-53-202606131706/crates/ft-runtime -> /data/projects/.scratch/frankentorch-kgs4-53-202606131706/crates/ft-runtime on vmi1152480[0m
    [2;3mat[0m rch/src/transfer.rs:1434 [2;3mon[0m ThreadId(1)

  [2m2026-06-13T18:01:29.148051Z[0m [32m INFO[0m [1;32mrch::transfer[0m[32m: [32mSync completed in 1927ms[0m
    [2;3mat[0m rch/src/transfer.rs:1503 [2;3mon[0m ThreadId(1)

  [2m2026-06-13T18:01:29.148132Z[0m [32m INFO[0m [1;32mrch::transfer[0m[32m: [32mSyncing /data/projects/.scratch/frankentorch-kgs4-53-202606131706/crates/ft-serialize -> /data/projects/.scratch/frankentorch-kgs4-53-202606131706/crates/ft-serialize on vmi1152480[0m
    [2;3mat[0m rch/src/transfer.rs:1434 [2;3mon[0m ThreadId(1)

  [2m2026-06-13T18:01:31.068385Z[0m [32m INFO[0m [1;32mrch::transfer[0m[32m: [32mSync completed in 1920ms[0m
    [2;3mat[0m rch/src/transfer.rs:1503 [2;3mon[0m ThreadId(1)

  [2m2026-06-13T18:01:31.068428Z[0m [32m INFO[0m [1;32mrch::hook[0m[32m: [32mSync complete: 2663 files, 113730 bytes in 26032ms[0m
    [2;3mat[0m rch/src/hook.rs:6209 [2;3mon[0m ThreadId(1)

  [2m2026-06-13T18:01:35.565787Z[0m [32m INFO[0m [1;32mrch::hook[0m[32m: [32mExecuting command remotely: cargo check -j 1 -p ft-kernel-cpu --all-targets[0m
    [2;3mat[0m rch/src/hook.rs:6252 [2;3mon[0m ThreadId(1)

  [2m2026-06-13T18:01:35.565821Z[0m [32m INFO[0m [1;32mrch::transfer[0m[32m: [32mRewriting CARGO_TARGET_DIR for remote execution (worker-scoped path): /data/tmp/cargo-target -> /data/projects/.scratch/frankentorch-kgs4-53-202606131706/.rch-target-vmi1152480-job-29884606035529068-1781373665028003492-0[0m
    [2;3mat[0m rch/src/transfer.rs:712 [2;3mon[0m ThreadId(1)

    Updating crates.io index
 Downloading crates ...
  Downloaded fnv v1.0.7
  Downloaded cfg-if v1.0.4
  Downloaded errno v0.3.14
  Downloaded plotters-backend v0.3.7
  Downloaded itoa v1.0.18
  Downloaded fastrand v2.4.1
  Downloaded ciborium-io v0.2.2
  Downloaded cast v0.3.0
  Downloaded bit-set v0.8.0
  Downloaded plotters-svg v0.3.7
  Downloaded clap_lex v1.1.0
  Downloaded ciborium-ll v0.2.2
  Downloaded is-terminal v0.4.17
  Downloaded unarray v0.1.4
  Downloaded bytemuck_derive v1.10.2
  Downloaded wait-timeout v0.2.1
  Downloaded criterion-plot v0.5.0
  Downloaded crossbeam-utils v0.8.21
  Downloaded either v1.15.0
  Downloaded quick-error v1.2.3
  Downloaded rawpointer v0.2.1
  Downloaded rand_xorshift v0.4.0
  Downloaded autocfg v1.5.0
  Downloaded anstyle v1.0.14
  Downloaded bit-vec v0.8.0
  Downloaded num-complex v0.4.6
  Downloaded oorandom v11.1.5
  Downloaded same-file v1.0.6
  Downloaded bitflags v2.11.1
  Downloaded console v0.16.3
  Downloaded crossbeam-epoch v0.9.18
  Downloaded getrandom v0.3.4
  Downloaded once_cell v1.21.4
  Downloaded anes v0.1.6
  Downloaded rand_core v0.9.5
  Downloaded ppv-lite86 v0.2.21
  Downloaded quote v1.0.45
  Downloaded rand_chacha v0.9.0
  Downloaded rusty-fork v0.3.1
  Downloaded tinytemplate v1.2.1
  Downloaded tempfile v3.27.0
  Downloaded ciborium v0.2.2
  Downloaded num-traits v0.2.19
  Downloaded zmij v1.0.21
  Downloaded bytemuck v1.25.0
  Downloaded crossbeam-deque v0.8.6
  Downloaded clap v4.6.1
  Downloaded serde_core v1.0.228
  Downloaded walkdir v2.5.0
  Downloaded proc-macro2 v1.0.106
  Downloaded similar v2.7.0
  Downloaded matrixmultiply v0.3.10
  Downloaded half v2.7.1
  Downloaded rayon-core v1.13.0
  Downloaded safe_arch v0.7.4
  Downloaded serde_derive v1.0.228
  Downloaded unicode-ident v1.0.24
  Downloaded criterion v0.5.1
  Downloaded memchr v2.8.0
  Downloaded serde v1.0.228
  Downloaded wide v0.7.33
  Downloaded zerocopy-derive v0.8.48
  Downloaded itertools v0.10.5
  Downloaded rand v0.9.4
  Downloaded insta v1.47.2
  Downloaded plotters v0.3.7
  Downloaded libm v0.2.16
  Downloaded regex v1.12.3
  Downloaded rayon v1.12.0
  Downloaded serde_json v1.0.149
  Downloaded clap_builder v4.6.0
  Downloaded aho-corasick v1.1.4
  Downloaded proptest v1.11.0
  Downloaded zerocopy v0.8.48
  Downloaded syn v2.0.117
  Downloaded regex-syntax v0.8.10
  Downloaded rustix v1.1.4
  Downloaded regex-automata v0.4.14
  Downloaded libc v0.2.185
  Downloaded linux-raw-sys v0.12.1
   Compiling proc-macro2 v1.0.106
   Compiling unicode-ident v1.0.24
   Compiling quote v1.0.45
   Compiling syn v2.0.117
    Checking cfg-if v1.0.4
   Compiling libc v0.2.185
   Compiling autocfg v1.5.0
   Compiling zerocopy v0.8.48
   Compiling zerocopy-derive v0.8.48
   Compiling getrandom v0.3.4
   Compiling bytemuck_derive v1.10.2
    Checking bytemuck v1.25.0
   Compiling num-traits v0.2.19
   Compiling crossbeam-utils v0.8.21
   Compiling serde_core v1.0.228
   Compiling rustix v1.1.4
    Checking crossbeam-epoch v0.9.18
    Checking half v2.7.1
    Checking once_cell v1.21.4
    Checking linux-raw-sys v0.12.1
    Checking either v1.15.0
   Compiling rayon-core v1.13.0
    Checking bitflags v2.11.1
   Compiling zmij v1.0.21
   Compiling serde v1.0.228
    Checking crossbeam-deque v0.8.6
    Checking rand_core v0.9.5
   Compiling serde_derive v1.0.228
   Compiling serde_json v1.0.149
    Checking fastrand v2.4.1
    Checking regex-syntax v0.8.10
    Checking tempfile v3.27.0
   Compiling matrixmultiply v0.3.10
    Checking plotters-backend v0.3.7
    Checking clap_lex v1.1.0
   Compiling libm v0.2.16
    Checking ciborium-io v0.2.2
    Checking itoa v1.0.18
    Checking anstyle v1.0.14
    Checking memchr v2.8.0
    Checking clap_builder v4.6.0
    Checking ciborium-ll v0.2.2
    Checking plotters-svg v0.3.7
    Checking rayon v1.12.0
    Checking regex-automata v0.4.14
    Checking itertools v0.10.5
    Checking num-complex v0.4.6
    Checking safe_arch v0.7.4
    Checking ppv-lite86 v0.2.21
    Checking wait-timeout v0.2.1
    Checking bit-vec v0.8.0
    Checking fnv v1.0.7
    Checking rawpointer v0.2.1
    Checking cast v0.3.0
    Checking quick-error v1.2.3
    Checking same-file v1.0.6
    Checking walkdir v2.5.0
    Checking rusty-fork v0.3.1
    Checking criterion-plot v0.5.0
    Checking bit-set v0.8.0
    Checking rand_chacha v0.9.0
    Checking wide v0.7.33
    Checking ft-core v0.1.0 (/data/projects/.scratch/frankentorch-kgs4-53-202606131706/crates/ft-core)
    Checking regex v1.12.3
    Checking plotters v0.3.7
    Checking ciborium v0.2.2
    Checking clap v4.6.1
    Checking tinytemplate v1.2.1
    Checking rand v0.9.4
    Checking rand_xorshift v0.4.0
    Checking is-terminal v0.4.17
    Checking console v0.16.3
    Checking unarray v0.1.4
    Checking similar v2.7.0
    Checking oorandom v11.1.5
    Checking anes v0.1.6
    Checking criterion v0.5.1
    Checking insta v1.47.2
    Checking proptest v1.11.0
    Checking ft-kernel-cpu v0.1.0 (/data/projects/.scratch/frankentorch-kgs4-53-202606131706/crates/ft-kernel-cpu)
    Finished `dev` profile [unoptimized + debuginfo] target(s) in 1m 07s
  [2m2026-06-13T18:02:44.713010Z[0m [32m INFO[0m [1;32mrch::hook[0m[32m: [32mRemote command finished: exit=0 in 69147ms[0m
    [2;3mat[0m rch/src/hook.rs:6376 [2;3mon[0m ThreadId(1)

  [2m2026-06-13T18:02:44.713319Z[0m [32m INFO[0m [1;32mrch::hook[0m[32m: [32mRetrieving build artifacts...[0m
    [2;3mat[0m rch/src/hook.rs:6425 [2;3mon[0m ThreadId(1)

  [2m2026-06-13T18:02:44.713346Z[0m [32m INFO[0m [1;32mrch::transfer[0m[32m: [32mRetrieving artifacts from /data/projects/.scratch/frankentorch-kgs4-53-202606131706 on vmi1152480[0m
    [2;3mat[0m rch/src/transfer.rs:2106 [2;3mon[0m ThreadId(1)

  [2m2026-06-13T18:02:46.931852Z[0m [32m INFO[0m [1;32mrch::transfer[0m[32m: [32mArtifacts retrieved in 2218ms (1 files, 1080 bytes)[0m
    [2;3mat[0m rch/src/transfer.rs:2145 [2;3mon[0m ThreadId(1)

  [2m2026-06-13T18:02:46.931871Z[0m [32m INFO[0m [1;32mrch::hook[0m[32m: [32mArtifacts retrieved: 1 files, 1080 bytes in 2218ms[0m
    [2;3mat[0m rch/src/hook.rs:6458 [2;3mon[0m ThreadId(1)

  [2m2026-06-13T18:02:46.931967Z[0m [32m INFO[0m [1;32mrch::transfer[0m[32m: [32mRetrieving artifacts from /data/projects/.scratch/frankentorch-kgs4-53-202606131706/.rch-target-vmi1152480-job-29884606035529068-1781373665028003492-0 on vmi1152480[0m
    [2;3mat[0m rch/src/transfer.rs:2106 [2;3mon[0m ThreadId(1)

  [2m2026-06-13T18:02:53.209760Z[0m [32m INFO[0m [1;32mrch::transfer[0m[32m: [32mArtifacts retrieved in 6277ms (1370 files, 751490 bytes)[0m
    [2;3mat[0m rch/src/transfer.rs:2145 [2;3mon[0m ThreadId(1)

  [2m2026-06-13T18:02:53.209781Z[0m [32m INFO[0m [1;32mrch::hook[0m[32m: [32mCustom CARGO_TARGET_DIR artifacts retrieved: 1370 files, 751490 bytes in 6277ms[0m
    [2;3mat[0m rch/src/hook.rs:6582 [2;3mon[0m ThreadId(1)

[RCH] remote vmi1152480 (110.6s)
