  [2m2026-06-13T17:29:00.448059Z[0m [32m INFO[0m [1;32mrch::hook[0m[32m: [32mSelected worker: vmi1153651 at root@38.242.134.66 (5 slots remaining after reservation, speed 50.0)[0m
    [2;3mat[0m rch/src/hook.rs:514 [2;3mon[0m ThreadId(1)

  [2m2026-06-13T17:29:00.767338Z[0m [32m INFO[0m [1;32mrch::hook[0m[32m: [32mStarting remote compilation pipeline for frankentorch-kgs4-53-202606131706 (hash: 0da5d9e36fbbc35a)[0m
    [2;3mat[0m rch/src/hook.rs:5994 [2;3mon[0m ThreadId(1)

  [2m2026-06-13T17:29:00.767402Z[0m [32m INFO[0m [1;32mrch::hook[0m[32m: [32mPrepared dependency sync manifest for 13 roots[0m
    [2;3mat[0m rch/src/hook.rs:6016 [2;3mon[0m ThreadId(1)

  [2m2026-06-13T17:29:05.895189Z[0m [32m INFO[0m [1;32mrch::hook[0m[32m: [32mSyncing project to worker vmi1153651...[0m
    [2;3mat[0m rch/src/hook.rs:6046 [2;3mon[0m ThreadId(1)

  [2m2026-06-13T17:29:05.895295Z[0m [32m INFO[0m [1;32mrch::transfer[0m[32m: [32mSyncing /data/projects/.scratch/frankentorch-kgs4-53-202606131706 -> /data/projects/.scratch/frankentorch-kgs4-53-202606131706 on vmi1153651[0m
    [2;3mat[0m rch/src/transfer.rs:1434 [2;3mon[0m ThreadId(1)

  [2m2026-06-13T17:29:09.756048Z[0m [32m INFO[0m [1;32mrch::transfer[0m[32m: [32mSync completed in 3860ms[0m
    [2;3mat[0m rch/src/transfer.rs:1503 [2;3mon[0m ThreadId(1)

  [2m2026-06-13T17:29:09.756193Z[0m [32m INFO[0m [1;32mrch::transfer[0m[32m: [32mSyncing /data/projects/.scratch/frankentorch-kgs4-53-202606131706/crates/ft-api -> /data/projects/.scratch/frankentorch-kgs4-53-202606131706/crates/ft-api on vmi1153651[0m
    [2;3mat[0m rch/src/transfer.rs:1434 [2;3mon[0m ThreadId(1)

  [2m2026-06-13T17:29:12.072240Z[0m [32m INFO[0m [1;32mrch::transfer[0m[32m: [32mSync completed in 2316ms[0m
    [2;3mat[0m rch/src/transfer.rs:1503 [2;3mon[0m ThreadId(1)

  [2m2026-06-13T17:29:12.072373Z[0m [32m INFO[0m [1;32mrch::transfer[0m[32m: [32mSyncing /data/projects/.scratch/frankentorch-kgs4-53-202606131706/crates/ft-autograd -> /data/projects/.scratch/frankentorch-kgs4-53-202606131706/crates/ft-autograd on vmi1153651[0m
    [2;3mat[0m rch/src/transfer.rs:1434 [2;3mon[0m ThreadId(1)

  [2m2026-06-13T17:29:14.475571Z[0m [32m INFO[0m [1;32mrch::transfer[0m[32m: [32mSync completed in 2403ms[0m
    [2;3mat[0m rch/src/transfer.rs:1503 [2;3mon[0m ThreadId(1)

  [2m2026-06-13T17:29:14.475697Z[0m [32m INFO[0m [1;32mrch::transfer[0m[32m: [32mSyncing /data/projects/.scratch/frankentorch-kgs4-53-202606131706/crates/ft-conformance -> /data/projects/.scratch/frankentorch-kgs4-53-202606131706/crates/ft-conformance on vmi1153651[0m
    [2;3mat[0m rch/src/transfer.rs:1434 [2;3mon[0m ThreadId(1)

  [2m2026-06-13T17:29:16.629236Z[0m [32m INFO[0m [1;32mrch::transfer[0m[32m: [32mSync completed in 2153ms[0m
    [2;3mat[0m rch/src/transfer.rs:1503 [2;3mon[0m ThreadId(1)

  [2m2026-06-13T17:29:16.629357Z[0m [32m INFO[0m [1;32mrch::transfer[0m[32m: [32mSyncing /data/projects/.scratch/frankentorch-kgs4-53-202606131706/crates/ft-core -> /data/projects/.scratch/frankentorch-kgs4-53-202606131706/crates/ft-core on vmi1153651[0m
    [2;3mat[0m rch/src/transfer.rs:1434 [2;3mon[0m ThreadId(1)

  [2m2026-06-13T17:29:18.689720Z[0m [32m INFO[0m [1;32mrch::transfer[0m[32m: [32mSync completed in 2060ms[0m
    [2;3mat[0m rch/src/transfer.rs:1503 [2;3mon[0m ThreadId(1)

  [2m2026-06-13T17:29:18.689831Z[0m [32m INFO[0m [1;32mrch::transfer[0m[32m: [32mSyncing /data/projects/.scratch/frankentorch-kgs4-53-202606131706/crates/ft-data -> /data/projects/.scratch/frankentorch-kgs4-53-202606131706/crates/ft-data on vmi1153651[0m
    [2;3mat[0m rch/src/transfer.rs:1434 [2;3mon[0m ThreadId(1)

  [2m2026-06-13T17:29:21.012462Z[0m [32m INFO[0m [1;32mrch::transfer[0m[32m: [32mSync completed in 2322ms[0m
    [2;3mat[0m rch/src/transfer.rs:1503 [2;3mon[0m ThreadId(1)

  [2m2026-06-13T17:29:21.012572Z[0m [32m INFO[0m [1;32mrch::transfer[0m[32m: [32mSyncing /data/projects/.scratch/frankentorch-kgs4-53-202606131706/crates/ft-device -> /data/projects/.scratch/frankentorch-kgs4-53-202606131706/crates/ft-device on vmi1153651[0m
    [2;3mat[0m rch/src/transfer.rs:1434 [2;3mon[0m ThreadId(1)

  [2m2026-06-13T17:29:23.382137Z[0m [32m INFO[0m [1;32mrch::transfer[0m[32m: [32mSync completed in 2369ms[0m
    [2;3mat[0m rch/src/transfer.rs:1503 [2;3mon[0m ThreadId(1)

  [2m2026-06-13T17:29:23.382241Z[0m [32m INFO[0m [1;32mrch::transfer[0m[32m: [32mSyncing /data/projects/.scratch/frankentorch-kgs4-53-202606131706/crates/ft-dispatch -> /data/projects/.scratch/frankentorch-kgs4-53-202606131706/crates/ft-dispatch on vmi1153651[0m
    [2;3mat[0m rch/src/transfer.rs:1434 [2;3mon[0m ThreadId(1)

  [2m2026-06-13T17:29:25.810193Z[0m [32m INFO[0m [1;32mrch::transfer[0m[32m: [32mSync completed in 2427ms[0m
    [2;3mat[0m rch/src/transfer.rs:1503 [2;3mon[0m ThreadId(1)

  [2m2026-06-13T17:29:25.810313Z[0m [32m INFO[0m [1;32mrch::transfer[0m[32m: [32mSyncing /data/projects/.scratch/frankentorch-kgs4-53-202606131706/crates/ft-kernel-cpu -> /data/projects/.scratch/frankentorch-kgs4-53-202606131706/crates/ft-kernel-cpu on vmi1153651[0m
    [2;3mat[0m rch/src/transfer.rs:1434 [2;3mon[0m ThreadId(1)

  [2m2026-06-13T17:29:27.839547Z[0m [32m INFO[0m [1;32mrch::transfer[0m[32m: [32mSync completed in 2029ms[0m
    [2;3mat[0m rch/src/transfer.rs:1503 [2;3mon[0m ThreadId(1)

  [2m2026-06-13T17:29:27.839679Z[0m [32m INFO[0m [1;32mrch::transfer[0m[32m: [32mSyncing /data/projects/.scratch/frankentorch-kgs4-53-202606131706/crates/ft-nn -> /data/projects/.scratch/frankentorch-kgs4-53-202606131706/crates/ft-nn on vmi1153651[0m
    [2;3mat[0m rch/src/transfer.rs:1434 [2;3mon[0m ThreadId(1)

  [2m2026-06-13T17:29:29.944976Z[0m [32m INFO[0m [1;32mrch::transfer[0m[32m: [32mSync completed in 2105ms[0m
    [2;3mat[0m rch/src/transfer.rs:1503 [2;3mon[0m ThreadId(1)

  [2m2026-06-13T17:29:29.945113Z[0m [32m INFO[0m [1;32mrch::transfer[0m[32m: [32mSyncing /data/projects/.scratch/frankentorch-kgs4-53-202606131706/crates/ft-optim -> /data/projects/.scratch/frankentorch-kgs4-53-202606131706/crates/ft-optim on vmi1153651[0m
    [2;3mat[0m rch/src/transfer.rs:1434 [2;3mon[0m ThreadId(1)

  [2m2026-06-13T17:29:32.375647Z[0m [32m INFO[0m [1;32mrch::transfer[0m[32m: [32mSync completed in 2430ms[0m
    [2;3mat[0m rch/src/transfer.rs:1503 [2;3mon[0m ThreadId(1)

  [2m2026-06-13T17:29:32.375788Z[0m [32m INFO[0m [1;32mrch::transfer[0m[32m: [32mSyncing /data/projects/.scratch/frankentorch-kgs4-53-202606131706/crates/ft-runtime -> /data/projects/.scratch/frankentorch-kgs4-53-202606131706/crates/ft-runtime on vmi1153651[0m
    [2;3mat[0m rch/src/transfer.rs:1434 [2;3mon[0m ThreadId(1)

  [2m2026-06-13T17:29:34.391571Z[0m [32m INFO[0m [1;32mrch::transfer[0m[32m: [32mSync completed in 2015ms[0m
    [2;3mat[0m rch/src/transfer.rs:1503 [2;3mon[0m ThreadId(1)

  [2m2026-06-13T17:29:34.391703Z[0m [32m INFO[0m [1;32mrch::transfer[0m[32m: [32mSyncing /data/projects/.scratch/frankentorch-kgs4-53-202606131706/crates/ft-serialize -> /data/projects/.scratch/frankentorch-kgs4-53-202606131706/crates/ft-serialize on vmi1153651[0m
    [2;3mat[0m rch/src/transfer.rs:1434 [2;3mon[0m ThreadId(1)

  [2m2026-06-13T17:29:36.382882Z[0m [32m INFO[0m [1;32mrch::transfer[0m[32m: [32mSync completed in 1991ms[0m
    [2;3mat[0m rch/src/transfer.rs:1503 [2;3mon[0m ThreadId(1)

  [2m2026-06-13T17:29:36.382925Z[0m [32m INFO[0m [1;32mrch::hook[0m[32m: [32mSync complete: 2659 files, 5454800 bytes in 30480ms[0m
    [2;3mat[0m rch/src/hook.rs:6209 [2;3mon[0m ThreadId(1)

  [2m2026-06-13T17:29:42.450602Z[0m [32m INFO[0m [1;32mrch::hook[0m[32m: [32mExecuting command remotely: cargo bench -j 1 -p ft-kernel-cpu --bench gemm_bench matmul_bt_f64_1024x1024x1024 -- --warm-up-time 1 --measurement-time 3 --sample-size 10[0m
    [2;3mat[0m rch/src/hook.rs:6252 [2;3mon[0m ThreadId(1)

  [2m2026-06-13T17:29:42.450645Z[0m [32m INFO[0m [1;32mrch::transfer[0m[32m: [32mRewriting CARGO_TARGET_DIR for remote execution (worker-scoped path): /data/tmp/cargo-target -> /data/projects/.scratch/frankentorch-kgs4-53-202606131706/.rch-target-vmi1153651-job-29884606035528949-1781371745895181246-0[0m
    [2;3mat[0m rch/src/transfer.rs:712 [2;3mon[0m ThreadId(1)

    Updating crates.io index
 Downloading crates ...
  Downloaded bit-set v0.8.0
  Downloaded anes v0.1.6
  Downloaded anstyle v1.0.14
  Downloaded bit-vec v0.8.0
  Downloaded autocfg v1.5.0
  Downloaded aho-corasick v1.1.4
  Downloaded crossbeam-deque v0.8.6
  Downloaded cast v0.3.0
  Downloaded ciborium-io v0.2.2
  Downloaded crossbeam-utils v0.8.21
  Downloaded rusty-fork v0.3.1
  Downloaded clap_lex v1.1.0
  Downloaded fnv v1.0.7
  Downloaded tempfile v3.27.0
  Downloaded errno v0.3.14
  Downloaded oorandom v11.1.5
  Downloaded plotters-svg v0.3.7
  Downloaded rand v0.9.4
  Downloaded is-terminal v0.4.17
  Downloaded plotters-backend v0.3.7
  Downloaded either v1.15.0
  Downloaded unarray v0.1.4
  Downloaded wait-timeout v0.2.1
  Downloaded cfg-if v1.0.4
  Downloaded rand_chacha v0.9.0
  Downloaded crossbeam-epoch v0.9.18
  Downloaded same-file v1.0.6
  Downloaded ciborium-ll v0.2.2
  Downloaded criterion-plot v0.5.0
  Downloaded fastrand v2.4.1
  Downloaded rand_xorshift v0.4.0
  Downloaded rawpointer v0.2.1
  Downloaded bytemuck_derive v1.10.2
  Downloaded itoa v1.0.18
  Downloaded num-complex v0.4.6
  Downloaded quote v1.0.45
  Downloaded rand_core v0.9.5
  Downloaded tinytemplate v1.2.1
  Downloaded unicode-ident v1.0.24
  Downloaded walkdir v2.5.0
  Downloaded zmij v1.0.21
  Downloaded ppv-lite86 v0.2.21
  Downloaded console v0.16.3
  Downloaded ciborium v0.2.2
  Downloaded quick-error v1.2.3
  Downloaded once_cell v1.21.4
  Downloaded serde_core v1.0.228
  Downloaded bitflags v2.11.1
  Downloaded bytemuck v1.25.0
  Downloaded clap v4.6.1
  Downloaded getrandom v0.3.4
  Downloaded half v2.7.1
  Downloaded matrixmultiply v0.3.10
  Downloaded num-traits v0.2.19
  Downloaded proc-macro2 v1.0.106
  Downloaded rayon-core v1.13.0
  Downloaded safe_arch v0.7.4
  Downloaded serde v1.0.228
  Downloaded serde_derive v1.0.228
  Downloaded similar v2.7.0
  Downloaded wide v0.7.33
  Downloaded clap_builder v4.6.0
  Downloaded memchr v2.8.0
  Downloaded serde_json v1.0.149
  Downloaded zerocopy-derive v0.8.48
  Downloaded criterion v0.5.1
  Downloaded insta v1.47.2
  Downloaded itertools v0.10.5
  Downloaded plotters v0.3.7
  Downloaded regex v1.12.3
  Downloaded libm v0.2.16
  Downloaded rayon v1.12.0
  Downloaded proptest v1.11.0
  Downloaded zerocopy v0.8.48
  Downloaded syn v2.0.117
  Downloaded regex-syntax v0.8.10
  Downloaded rustix v1.1.4
  Downloaded regex-automata v0.4.14
  Downloaded libc v0.2.185
  Downloaded linux-raw-sys v0.12.1
   Compiling proc-macro2 v1.0.106
   Compiling quote v1.0.45
   Compiling unicode-ident v1.0.24
   Compiling syn v2.0.117
   Compiling libc v0.2.185
   Compiling cfg-if v1.0.4
   Compiling autocfg v1.5.0
   Compiling zerocopy v0.8.48
   Compiling zerocopy-derive v0.8.48
   Compiling getrandom v0.3.4
   Compiling bytemuck_derive v1.10.2
   Compiling bytemuck v1.25.0
   Compiling num-traits v0.2.19
   Compiling crossbeam-utils v0.8.21
   Compiling serde_core v1.0.228
   Compiling rustix v1.1.4
   Compiling crossbeam-epoch v0.9.18
   Compiling half v2.7.1
   Compiling zmij v1.0.21
   Compiling either v1.15.0
   Compiling bitflags v2.11.1
   Compiling rayon-core v1.13.0
   Compiling once_cell v1.21.4
   Compiling serde v1.0.228
   Compiling linux-raw-sys v0.12.1
   Compiling crossbeam-deque v0.8.6
   Compiling rand_core v0.9.5
   Compiling serde_derive v1.0.228
   Compiling regex-syntax v0.8.10
   Compiling serde_json v1.0.149
   Compiling fastrand v2.4.1
   Compiling tempfile v3.27.0
   Compiling matrixmultiply v0.3.10
   Compiling memchr v2.8.0
   Compiling libm v0.2.16
   Compiling itoa v1.0.18
   Compiling plotters-backend v0.3.7
   Compiling clap_lex v1.1.0
   Compiling ciborium-io v0.2.2
   Compiling anstyle v1.0.14
   Compiling clap_builder v4.6.0
   Compiling ciborium-ll v0.2.2
   Compiling plotters-svg v0.3.7
   Compiling rayon v1.12.0
   Compiling regex-automata v0.4.14
   Compiling itertools v0.10.5
   Compiling num-complex v0.4.6
   Compiling safe_arch v0.7.4
   Compiling ppv-lite86 v0.2.21
   Compiling wait-timeout v0.2.1
   Compiling bit-vec v0.8.0
   Compiling fnv v1.0.7
   Compiling quick-error v1.2.3
   Compiling same-file v1.0.6
   Compiling cast v0.3.0
   Compiling rawpointer v0.2.1
   Compiling criterion-plot v0.5.0
   Compiling walkdir v2.5.0
   Compiling rusty-fork v0.3.1
   Compiling bit-set v0.8.0
   Compiling rand_chacha v0.9.0
   Compiling wide v0.7.33
   Compiling ft-core v0.1.0 (/data/projects/.scratch/frankentorch-kgs4-53-202606131706/crates/ft-core)
   Compiling regex v1.12.3
   Compiling tinytemplate v1.2.1
   Compiling plotters v0.3.7
   Compiling ciborium v0.2.2
   Compiling clap v4.6.1
   Compiling rand v0.9.4
   Compiling rand_xorshift v0.4.0
   Compiling is-terminal v0.4.17
   Compiling console v0.16.3
   Compiling oorandom v11.1.5
   Compiling anes v0.1.6
   Compiling similar v2.7.0
   Compiling unarray v0.1.4
   Compiling proptest v1.11.0
   Compiling insta v1.47.2
   Compiling criterion v0.5.1
   Compiling ft-kernel-cpu v0.1.0 (/data/projects/.scratch/frankentorch-kgs4-53-202606131706/crates/ft-kernel-cpu)
    Finished `bench` profile [optimized + debuginfo] target(s) in 6m 43s
     Running benches/gemm_bench.rs (.rch-target-vmi1153651-job-29884606035528949-1781371745895181246-0/release/deps/gemm_bench-2860152a1939296e)
Gnuplot not found, using plotters backend
Benchmarking matmul_bt_f64_1024x1024x1024
Benchmarking matmul_bt_f64_1024x1024x1024: Warming up for 1.0000 s
Benchmarking matmul_bt_f64_1024x1024x1024: Collecting 10 samples in estimated 3.8215 s (110 iterations)
Benchmarking matmul_bt_f64_1024x1024x1024: Analyzing
matmul_bt_f64_1024x1024x1024
                        time:   [24.569 ms 27.108 ms 30.702 ms]

  [2m2026-06-13T17:36:35.192635Z[0m [32m INFO[0m [1;32mrch::hook[0m[32m: [32mRemote command finished: exit=0 in 412741ms[0m
    [2;3mat[0m rch/src/hook.rs:6376 [2;3mon[0m ThreadId(1)

  [2m2026-06-13T17:36:35.192892Z[0m [32m INFO[0m [1;32mrch::hook[0m[32m: [32mRetrieving build artifacts...[0m
    [2;3mat[0m rch/src/hook.rs:6425 [2;3mon[0m ThreadId(1)

  [2m2026-06-13T17:36:35.192907Z[0m [32m INFO[0m [1;32mrch::transfer[0m[32m: [32mRetrieving artifacts from /data/projects/.scratch/frankentorch-kgs4-53-202606131706 on vmi1153651[0m
    [2;3mat[0m rch/src/transfer.rs:2106 [2;3mon[0m ThreadId(1)

  [2m2026-06-13T17:36:37.243228Z[0m [32m INFO[0m [1;32mrch::transfer[0m[32m: [32mArtifacts retrieved in 2050ms (1 files, 1180 bytes)[0m
    [2;3mat[0m rch/src/transfer.rs:2145 [2;3mon[0m ThreadId(1)

  [2m2026-06-13T17:36:37.243250Z[0m [32m INFO[0m [1;32mrch::hook[0m[32m: [32mArtifacts retrieved: 1 files, 1180 bytes in 2050ms[0m
    [2;3mat[0m rch/src/hook.rs:6458 [2;3mon[0m ThreadId(1)

  [2m2026-06-13T17:36:37.243364Z[0m [32m INFO[0m [1;32mrch::transfer[0m[32m: [32mRetrieving artifacts from /data/projects/.scratch/frankentorch-kgs4-53-202606131706/.rch-target-vmi1153651-job-29884606035528949-1781371745895181246-0 on vmi1153651[0m
    [2;3mat[0m rch/src/transfer.rs:2106 [2;3mon[0m ThreadId(1)

  [2m2026-06-13T17:36:39.301719Z[0m [32m INFO[0m [1;32mrch::transfer[0m[32m: [32mArtifacts retrieved in 2058ms (27 files, 1975 bytes)[0m
    [2;3mat[0m rch/src/transfer.rs:2145 [2;3mon[0m ThreadId(1)

  [2m2026-06-13T17:36:39.301743Z[0m [32m INFO[0m [1;32mrch::hook[0m[32m: [32mCustom CARGO_TARGET_DIR artifacts retrieved: 27 files, 1975 bytes in 2058ms[0m
    [2;3mat[0m rch/src/hook.rs:6582 [2;3mon[0m ThreadId(1)

[RCH] remote vmi1153651 (458.9s)
