  [2m2026-06-13T18:08:15.582150Z[0m [32m INFO[0m [1;32mrch::hook[0m[32m: [32mSelected worker: vmi1227854 at root@109.123.245.77 (2 slots remaining after reservation, speed 50.0)[0m
    [2;3mat[0m rch/src/hook.rs:514 [2;3mon[0m ThreadId(1)

  [2m2026-06-13T18:08:15.958577Z[0m [32m INFO[0m [1;32mrch::hook[0m[32m: [32mStarting remote compilation pipeline for frankentorch-kgs4-53-202606131706 (hash: 0da5d9e36fbbc35a)[0m
    [2;3mat[0m rch/src/hook.rs:5994 [2;3mon[0m ThreadId(1)

  [2m2026-06-13T18:08:15.958619Z[0m [32m INFO[0m [1;32mrch::hook[0m[32m: [32mPrepared dependency sync manifest for 13 roots[0m
    [2;3mat[0m rch/src/hook.rs:6016 [2;3mon[0m ThreadId(1)

  [2m2026-06-13T18:08:17.474330Z[0m [32m INFO[0m [1;32mrch::hook[0m[32m: [32mSyncing project to worker vmi1227854...[0m
    [2;3mat[0m rch/src/hook.rs:6046 [2;3mon[0m ThreadId(1)

  [2m2026-06-13T18:08:17.474402Z[0m [32m INFO[0m [1;32mrch::transfer[0m[32m: [32mSyncing /data/projects/.scratch/frankentorch-kgs4-53-202606131706 -> /data/projects/.scratch/frankentorch-kgs4-53-202606131706 on vmi1227854[0m
    [2;3mat[0m rch/src/transfer.rs:1434 [2;3mon[0m ThreadId(1)

  [2m2026-06-13T18:08:19.647828Z[0m [32m INFO[0m [1;32mrch::transfer[0m[32m: [32mSync completed in 2173ms[0m
    [2;3mat[0m rch/src/transfer.rs:1503 [2;3mon[0m ThreadId(1)

  [2m2026-06-13T18:08:19.647903Z[0m [32m INFO[0m [1;32mrch::transfer[0m[32m: [32mSyncing /data/projects/.scratch/frankentorch-kgs4-53-202606131706/crates/ft-api -> /data/projects/.scratch/frankentorch-kgs4-53-202606131706/crates/ft-api on vmi1227854[0m
    [2;3mat[0m rch/src/transfer.rs:1434 [2;3mon[0m ThreadId(1)

  [2m2026-06-13T18:08:21.638228Z[0m [32m INFO[0m [1;32mrch::transfer[0m[32m: [32mSync completed in 1990ms[0m
    [2;3mat[0m rch/src/transfer.rs:1503 [2;3mon[0m ThreadId(1)

  [2m2026-06-13T18:08:21.638311Z[0m [32m INFO[0m [1;32mrch::transfer[0m[32m: [32mSyncing /data/projects/.scratch/frankentorch-kgs4-53-202606131706/crates/ft-autograd -> /data/projects/.scratch/frankentorch-kgs4-53-202606131706/crates/ft-autograd on vmi1227854[0m
    [2;3mat[0m rch/src/transfer.rs:1434 [2;3mon[0m ThreadId(1)

  [2m2026-06-13T18:08:23.555870Z[0m [32m INFO[0m [1;32mrch::transfer[0m[32m: [32mSync completed in 1917ms[0m
    [2;3mat[0m rch/src/transfer.rs:1503 [2;3mon[0m ThreadId(1)

  [2m2026-06-13T18:08:23.555964Z[0m [32m INFO[0m [1;32mrch::transfer[0m[32m: [32mSyncing /data/projects/.scratch/frankentorch-kgs4-53-202606131706/crates/ft-conformance -> /data/projects/.scratch/frankentorch-kgs4-53-202606131706/crates/ft-conformance on vmi1227854[0m
    [2;3mat[0m rch/src/transfer.rs:1434 [2;3mon[0m ThreadId(1)

  [2m2026-06-13T18:08:25.505224Z[0m [32m INFO[0m [1;32mrch::transfer[0m[32m: [32mSync completed in 1949ms[0m
    [2;3mat[0m rch/src/transfer.rs:1503 [2;3mon[0m ThreadId(1)

  [2m2026-06-13T18:08:25.505291Z[0m [32m INFO[0m [1;32mrch::transfer[0m[32m: [32mSyncing /data/projects/.scratch/frankentorch-kgs4-53-202606131706/crates/ft-core -> /data/projects/.scratch/frankentorch-kgs4-53-202606131706/crates/ft-core on vmi1227854[0m
    [2;3mat[0m rch/src/transfer.rs:1434 [2;3mon[0m ThreadId(1)

  [2m2026-06-13T18:08:27.403636Z[0m [32m INFO[0m [1;32mrch::transfer[0m[32m: [32mSync completed in 1898ms[0m
    [2;3mat[0m rch/src/transfer.rs:1503 [2;3mon[0m ThreadId(1)

  [2m2026-06-13T18:08:27.403701Z[0m [32m INFO[0m [1;32mrch::transfer[0m[32m: [32mSyncing /data/projects/.scratch/frankentorch-kgs4-53-202606131706/crates/ft-data -> /data/projects/.scratch/frankentorch-kgs4-53-202606131706/crates/ft-data on vmi1227854[0m
    [2;3mat[0m rch/src/transfer.rs:1434 [2;3mon[0m ThreadId(1)

  [2m2026-06-13T18:08:29.233087Z[0m [32m INFO[0m [1;32mrch::transfer[0m[32m: [32mSync completed in 1829ms[0m
    [2;3mat[0m rch/src/transfer.rs:1503 [2;3mon[0m ThreadId(1)

  [2m2026-06-13T18:08:29.233165Z[0m [32m INFO[0m [1;32mrch::transfer[0m[32m: [32mSyncing /data/projects/.scratch/frankentorch-kgs4-53-202606131706/crates/ft-device -> /data/projects/.scratch/frankentorch-kgs4-53-202606131706/crates/ft-device on vmi1227854[0m
    [2;3mat[0m rch/src/transfer.rs:1434 [2;3mon[0m ThreadId(1)

  [2m2026-06-13T18:08:31.054659Z[0m [32m INFO[0m [1;32mrch::transfer[0m[32m: [32mSync completed in 1821ms[0m
    [2;3mat[0m rch/src/transfer.rs:1503 [2;3mon[0m ThreadId(1)

  [2m2026-06-13T18:08:31.054741Z[0m [32m INFO[0m [1;32mrch::transfer[0m[32m: [32mSyncing /data/projects/.scratch/frankentorch-kgs4-53-202606131706/crates/ft-dispatch -> /data/projects/.scratch/frankentorch-kgs4-53-202606131706/crates/ft-dispatch on vmi1227854[0m
    [2;3mat[0m rch/src/transfer.rs:1434 [2;3mon[0m ThreadId(1)

  [2m2026-06-13T18:08:32.930613Z[0m [32m INFO[0m [1;32mrch::transfer[0m[32m: [32mSync completed in 1875ms[0m
    [2;3mat[0m rch/src/transfer.rs:1503 [2;3mon[0m ThreadId(1)

  [2m2026-06-13T18:08:32.930691Z[0m [32m INFO[0m [1;32mrch::transfer[0m[32m: [32mSyncing /data/projects/.scratch/frankentorch-kgs4-53-202606131706/crates/ft-kernel-cpu -> /data/projects/.scratch/frankentorch-kgs4-53-202606131706/crates/ft-kernel-cpu on vmi1227854[0m
    [2;3mat[0m rch/src/transfer.rs:1434 [2;3mon[0m ThreadId(1)

  [2m2026-06-13T18:08:34.989958Z[0m [32m INFO[0m [1;32mrch::transfer[0m[32m: [32mSync completed in 2059ms[0m
    [2;3mat[0m rch/src/transfer.rs:1503 [2;3mon[0m ThreadId(1)

  [2m2026-06-13T18:08:34.990098Z[0m [32m INFO[0m [1;32mrch::transfer[0m[32m: [32mSyncing /data/projects/.scratch/frankentorch-kgs4-53-202606131706/crates/ft-nn -> /data/projects/.scratch/frankentorch-kgs4-53-202606131706/crates/ft-nn on vmi1227854[0m
    [2;3mat[0m rch/src/transfer.rs:1434 [2;3mon[0m ThreadId(1)

  [2m2026-06-13T18:08:36.864260Z[0m [32m INFO[0m [1;32mrch::transfer[0m[32m: [32mSync completed in 1874ms[0m
    [2;3mat[0m rch/src/transfer.rs:1503 [2;3mon[0m ThreadId(1)

  [2m2026-06-13T18:08:36.864340Z[0m [32m INFO[0m [1;32mrch::transfer[0m[32m: [32mSyncing /data/projects/.scratch/frankentorch-kgs4-53-202606131706/crates/ft-optim -> /data/projects/.scratch/frankentorch-kgs4-53-202606131706/crates/ft-optim on vmi1227854[0m
    [2;3mat[0m rch/src/transfer.rs:1434 [2;3mon[0m ThreadId(1)

  [2m2026-06-13T18:08:38.791620Z[0m [32m INFO[0m [1;32mrch::transfer[0m[32m: [32mSync completed in 1927ms[0m
    [2;3mat[0m rch/src/transfer.rs:1503 [2;3mon[0m ThreadId(1)

  [2m2026-06-13T18:08:38.791751Z[0m [32m INFO[0m [1;32mrch::transfer[0m[32m: [32mSyncing /data/projects/.scratch/frankentorch-kgs4-53-202606131706/crates/ft-runtime -> /data/projects/.scratch/frankentorch-kgs4-53-202606131706/crates/ft-runtime on vmi1227854[0m
    [2;3mat[0m rch/src/transfer.rs:1434 [2;3mon[0m ThreadId(1)

  [2m2026-06-13T18:08:40.657605Z[0m [32m INFO[0m [1;32mrch::transfer[0m[32m: [32mSync completed in 1865ms[0m
    [2;3mat[0m rch/src/transfer.rs:1503 [2;3mon[0m ThreadId(1)

  [2m2026-06-13T18:08:40.657699Z[0m [32m INFO[0m [1;32mrch::transfer[0m[32m: [32mSyncing /data/projects/.scratch/frankentorch-kgs4-53-202606131706/crates/ft-serialize -> /data/projects/.scratch/frankentorch-kgs4-53-202606131706/crates/ft-serialize on vmi1227854[0m
    [2;3mat[0m rch/src/transfer.rs:1434 [2;3mon[0m ThreadId(1)

  [2m2026-06-13T18:08:42.521585Z[0m [32m INFO[0m [1;32mrch::transfer[0m[32m: [32mSync completed in 1863ms[0m
    [2;3mat[0m rch/src/transfer.rs:1503 [2;3mon[0m ThreadId(1)

  [2m2026-06-13T18:08:42.521626Z[0m [32m INFO[0m [1;32mrch::hook[0m[32m: [32mSync complete: 2666 files, 126660 bytes in 25040ms[0m
    [2;3mat[0m rch/src/hook.rs:6209 [2;3mon[0m ThreadId(1)

  [2m2026-06-13T18:08:46.815422Z[0m [32m INFO[0m [1;32mrch::hook[0m[32m: [32mExecuting command remotely: cargo test -j 1 -p ft-kernel-cpu gemm_2d_parallel_is_bit_exact_vs_serial -- --nocapture[0m
    [2;3mat[0m rch/src/hook.rs:6252 [2;3mon[0m ThreadId(1)

  [2m2026-06-13T18:08:46.815461Z[0m [32m INFO[0m [1;32mrch::transfer[0m[32m: [32mRewriting CARGO_TARGET_DIR for remote execution (worker-scoped path): /data/tmp/cargo-target -> /data/projects/.scratch/frankentorch-kgs4-53-202606131706/.rch-target-vmi1227854-job-29884606035529092-1781374097474322847-0[0m
    [2;3mat[0m rch/src/transfer.rs:712 [2;3mon[0m ThreadId(1)

    Updating crates.io index
 Downloading crates ...
  Downloaded bit-set v0.8.0
  Downloaded errno v0.3.14
  Downloaded ciborium-ll v0.2.2
  Downloaded cast v0.3.0
  Downloaded fnv v1.0.7
  Downloaded clap_lex v1.1.0
  Downloaded cfg-if v1.0.4
  Downloaded same-file v1.0.6
  Downloaded plotters-svg v0.3.7
  Downloaded itoa v1.0.18
  Downloaded rawpointer v0.2.1
  Downloaded unarray v0.1.4
  Downloaded wait-timeout v0.2.1
  Downloaded rand_xorshift v0.4.0
  Downloaded ciborium-io v0.2.2
  Downloaded fastrand v2.4.1
  Downloaded is-terminal v0.4.17
  Downloaded anstyle v1.0.14
  Downloaded autocfg v1.5.0
  Downloaded bytemuck_derive v1.10.2
  Downloaded criterion-plot v0.5.0
  Downloaded quote v1.0.45
  Downloaded tinytemplate v1.2.1
  Downloaded walkdir v2.5.0
  Downloaded ppv-lite86 v0.2.21
  Downloaded zmij v1.0.21
  Downloaded oorandom v11.1.5
  Downloaded plotters-backend v0.3.7
  Downloaded rand_chacha v0.9.0
  Downloaded rusty-fork v0.3.1
  Downloaded quick-error v1.2.3
  Downloaded anes v0.1.6
  Downloaded bit-vec v0.8.0
  Downloaded crossbeam-epoch v0.9.18
  Downloaded bitflags v2.11.1
  Downloaded console v0.16.3
  Downloaded crossbeam-deque v0.8.6
  Downloaded either v1.15.0
  Downloaded ciborium v0.2.2
  Downloaded crossbeam-utils v0.8.21
  Downloaded num-complex v0.4.6
  Downloaded once_cell v1.21.4
  Downloaded rand_core v0.9.5
  Downloaded tempfile v3.27.0
  Downloaded getrandom v0.3.4
  Downloaded half v2.7.1
  Downloaded unicode-ident v1.0.24
  Downloaded bytemuck v1.25.0
  Downloaded num-traits v0.2.19
  Downloaded serde_derive v1.0.228
  Downloaded similar v2.7.0
  Downloaded matrixmultiply v0.3.10
  Downloaded proc-macro2 v1.0.106
  Downloaded clap v4.6.1
  Downloaded serde_core v1.0.228
  Downloaded safe_arch v0.7.4
  Downloaded aho-corasick v1.1.4
  Downloaded memchr v2.8.0
  Downloaded rayon-core v1.13.0
  Downloaded serde v1.0.228
  Downloaded criterion v0.5.1
  Downloaded zerocopy-derive v0.8.48
  Downloaded wide v0.7.33
  Downloaded insta v1.47.2
  Downloaded itertools v0.10.5
  Downloaded rand v0.9.4
  Downloaded serde_json v1.0.149
  Downloaded libm v0.2.16
  Downloaded plotters v0.3.7
  Downloaded rayon v1.12.0
  Downloaded regex v1.12.3
  Downloaded proptest v1.11.0
  Downloaded clap_builder v4.6.0
  Downloaded zerocopy v0.8.48
  Downloaded syn v2.0.117
  Downloaded regex-syntax v0.8.10
  Downloaded rustix v1.1.4
  Downloaded regex-automata v0.4.14
  Downloaded libc v0.2.185
  Downloaded linux-raw-sys v0.12.1
   Compiling proc-macro2 v1.0.106
   Compiling quote v1.0.45
   Compiling unicode-ident v1.0.24
   Compiling syn v2.0.117
   Compiling libc v0.2.185
   Compiling cfg-if v1.0.4
   Compiling autocfg v1.5.0
   Compiling getrandom v0.3.4
   Compiling zerocopy v0.8.48
   Compiling zerocopy-derive v0.8.48
   Compiling bytemuck_derive v1.10.2
   Compiling bytemuck v1.25.0
   Compiling num-traits v0.2.19
   Compiling serde_core v1.0.228
   Compiling crossbeam-utils v0.8.21
   Compiling rustix v1.1.4
   Compiling linux-raw-sys v0.12.1
   Compiling serde v1.0.228
   Compiling zmij v1.0.21
   Compiling once_cell v1.21.4
   Compiling bitflags v2.11.1
   Compiling crossbeam-epoch v0.9.18
   Compiling half v2.7.1
   Compiling rand_core v0.9.5
   Compiling serde_derive v1.0.228
   Compiling rayon-core v1.13.0
   Compiling either v1.15.0
   Compiling fastrand v2.4.1
   Compiling regex-syntax v0.8.10
   Compiling serde_json v1.0.149
   Compiling tempfile v3.27.0
   Compiling crossbeam-deque v0.8.6
   Compiling itoa v1.0.18
   Compiling anstyle v1.0.14
   Compiling clap_lex v1.1.0
   Compiling plotters-backend v0.3.7
   Compiling ciborium-io v0.2.2
   Compiling memchr v2.8.0
   Compiling ciborium-ll v0.2.2
   Compiling plotters-svg v0.3.7
   Compiling clap_builder v4.6.0
   Compiling regex-automata v0.4.14
   Compiling itertools v0.10.5
   Compiling ppv-lite86 v0.2.21
   Compiling matrixmultiply v0.3.10
   Compiling wait-timeout v0.2.1
   Compiling cast v0.3.0
   Compiling fnv v1.0.7
   Compiling same-file v1.0.6
   Compiling bit-vec v0.8.0
   Compiling quick-error v1.2.3
   Compiling libm v0.2.16
   Compiling rusty-fork v0.3.1
   Compiling bit-set v0.8.0
   Compiling walkdir v2.5.0
   Compiling criterion-plot v0.5.0
   Compiling rand_chacha v0.9.0
   Compiling regex v1.12.3
   Compiling rayon v1.12.0
   Compiling clap v4.6.1
   Compiling plotters v0.3.7
   Compiling ciborium v0.2.2
   Compiling tinytemplate v1.2.1
   Compiling rand_xorshift v0.4.0
   Compiling rand v0.9.4
   Compiling num-complex v0.4.6
   Compiling safe_arch v0.7.4
   Compiling console v0.16.3
   Compiling is-terminal v0.4.17
   Compiling oorandom v11.1.5
   Compiling rawpointer v0.2.1
   Compiling unarray v0.1.4
   Compiling similar v2.7.0
   Compiling anes v0.1.6
   Compiling criterion v0.5.1
   Compiling insta v1.47.2
   Compiling proptest v1.11.0
   Compiling wide v0.7.33
   Compiling ft-core v0.1.0 (/data/projects/.scratch/frankentorch-kgs4-53-202606131706/crates/ft-core)
   Compiling ft-kernel-cpu v0.1.0 (/data/projects/.scratch/frankentorch-kgs4-53-202606131706/crates/ft-kernel-cpu)
    Finished `test` profile [unoptimized + debuginfo] target(s) in 1m 26s
     Running unittests src/lib.rs (.rch-target-vmi1227854-job-29884606035529092-1781374097474322847-0/debug/deps/ft_kernel_cpu-d26c108ecd1e4673)

running 1 test
test gemm::tile_iso_tests::gemm_2d_parallel_is_bit_exact_vs_serial ... ok

test result: ok. 1 passed; 0 failed; 0 ignored; 0 measured; 454 filtered out; finished in 2.42s

  [2m2026-06-13T18:10:17.161117Z[0m [32m INFO[0m [1;32mrch::hook[0m[32m: [32mRemote command finished: exit=0 in 90345ms[0m
    [2;3mat[0m rch/src/hook.rs:6376 [2;3mon[0m ThreadId(1)

  [2m2026-06-13T18:10:17.161430Z[0m [32m INFO[0m [1;32mrch::hook[0m[32m: [32mRetrieving build artifacts...[0m
    [2;3mat[0m rch/src/hook.rs:6425 [2;3mon[0m ThreadId(1)

  [2m2026-06-13T18:10:17.161495Z[0m [32m INFO[0m [1;32mrch::transfer[0m[32m: [32mRetrieving artifacts from /data/projects/.scratch/frankentorch-kgs4-53-202606131706 on vmi1227854[0m
    [2;3mat[0m rch/src/transfer.rs:2106 [2;3mon[0m ThreadId(1)

  [2m2026-06-13T18:10:19.059077Z[0m [32m INFO[0m [1;32mrch::transfer[0m[32m: [32mArtifacts retrieved in 1897ms (1 files, 1180 bytes)[0m
    [2;3mat[0m rch/src/transfer.rs:2145 [2;3mon[0m ThreadId(1)

  [2m2026-06-13T18:10:19.059103Z[0m [32m INFO[0m [1;32mrch::hook[0m[32m: [32mArtifacts retrieved: 1 files, 1180 bytes in 1897ms[0m
    [2;3mat[0m rch/src/hook.rs:6458 [2;3mon[0m ThreadId(1)

[RCH] remote vmi1227854 (123.5s)
