===== torch:5 PReLU post-cold-slot verification =====
started=2026-09-01T18:12:39-04:00
head=14ec24c7aba216dd47f0a581927b935f621448aa
build_base=a3d420b7ec95da9e86dc37f87bde49903ee95da5
source_equivalent_to_head=YES (Cargo.toml,Cargo.lock,crates,scripts)
reused_fresh_fixed_harness_elf=/data/tmp/frankentorch-torch4-07i34-postcoldslot-a3d420b7/release/examples/gauntlet_lane_sweep_h2h
bank_scratch=/data/tmp/ft-verify-prelu-postcoldslot-bank-14ec24c7-K3nnEz.jsonl
8b4e153e1843f0ed425891a9cdfd1ff92a9aabe46714e4e86442327d8f072004  /data/tmp/frankentorch-torch4-07i34-postcoldslot-a3d420b7/release/examples/gauntlet_lane_sweep_h2h
02e30d4e7d49cc4ebd8b60e082da45da7642f322ee761b22bbedb7977a246715  artifacts/perf/incumbent_bank.jsonl
02e30d4e7d49cc4ebd8b60e082da45da7642f322ee761b22bbedb7977a246715  /data/tmp/ft-verify-prelu-postcoldslot-bank-14ec24c7-K3nnEz.jsonl
run_command=FT_H2H_WINDOW_WAIT=1800 FT_H2H_INCUMBENT_BANK=<scratch> PYTORCH_PYTHON=/data/tmp/torchvenv-2121/bin/python RAYON_NUM_THREADS=64 FT_H2H_LANES=prelu_noshortcut FT_H2H_LANES_EXACT=1 FT_H2H_REPS=32 FT_H2H_WARMUP=32 FT_H2H_ROUND_WARMUP=0 scripts/h2h_window.sh <elf>
guard PASS: no peer measurement detected, loadavg 8.27/6.30/4.77 (spread 1.73x <= 4x, floor 8.00), iowait 0.0% <= 10%
/data/tmp/torchvenv-2121/lib/python3.12/site-packages/torch/_subclasses/functional_tensor.py:362: UserWarning: Failed to initialize NumPy: No module named 'numpy' (Triggered internally at /pytorch/torch/csrc/utils/tensor_numpy.cpp:84.)
  cpu = _conversion_method_template(device=torch.device("cpu"))
executing_elf_sha256=8b4e153e1843f0ed425891a9cdfd1ff92a9aabe46714e4e86442327d8f072004
incumbent=PyTorch 2.12.1+cpu (self-reported by the arm, same invocation), threads=8
incumbent_rule=a delta whose incumbent arm moved (version, build, or measured time) is NOT a win
measurement_host=thinkstation1 cpu="AMD Ryzen Threadripper PRO 5975WX 32-Cores" isa=x86_64+avx2 governor=powersave rayon_threads=64 online_cpus=64
host_rule=both arms are sampled in ONE invocation on THIS machine; a row measured elsewhere is not comparable to this one, A/A PASS or not
measurement_slot=held [pid=2134510 host=thinkstation1 elf=8b4e153e1843f0ed lanes=prelu_noshortcut]; no other live h2h announcement
concurrent_measurements=none ACTIVE (scanned /proc for other h2h harnesses, criterion benches and torch processes, then measured each candidate's local CPU over 300ms; this run's own incumbent child is excluded)
concurrent_measurements_idle=2 (matched by name, burning no local CPU — shell wrappers, and rch clients whose bench runs on a remote worker; reported, not voiding): h2h-harness[2133770] 0% h2h-harness[2133776] 0%
cpu_mhz min=1429 median=1429 max=3144 spread=2.200x; arms NOT pinned: our 64 rayon threads span every core including any parked at the floor, the incumbent's 8 land wherever the scheduler puts them, so this row's arms are NOT known to have run at comparable clocks
allocator=mimalloc (--features fair-alloc)
measurement=OP WORK ONLY (forward+backward; leaf built outside the timer on BOTH sides)
sampling=balanced-square ABBAABBA (frankentorch-xdw0h); 32 rounds, four live samples per arm per round, torch threads=8
round_warmup=0 (FT_H2H_ROUND_WARMUP; discarded samples per lane per round, BOTH arms). 0 = the board's default: each lane's slot 0 each round arrives cold, which NEGATIVE_EVIDENCE item 147 measured at +20-30% on the summed conv2d lanes

lane          FT(ms)    PT(ms)   standing            PT/FT A/A gates and ratio CI                 parity
lane_filter="prelu_noshortcut" match=exact kept=1 of the full set (frankentorch-68pwz item 58; item 226: substring is the default, FT_H2H_LANES_EXACT=1 narrows it)
lane_count=1 rounds=32 (frankentorch-vyaia: the harness's own load scales with this product; a self-load bound quoted without it cannot be checked later)

CLOCKS DURING SAMPLING (sampled once per lane per round, both arms inside the same round)
  typical core   min 1429 median 1429 max 2598 MHz   (boost/thermal behaviour over time)
  CROSS-CORE SPREAD at one instant   min 3.003x median 3.004x max 3.005x   (how far apart two cores were WHILE we sampled)
  The spread is the number that decides comparability: it is what makes one arm's threads faster than the other's. Compare it against the idle snapshot in the cpu_mhz header line -- if the idle spread is large and this one is small, the cores boosted once work arrived and the clock confound did not bite.
load_series n=34 worst_drift=1.148x endpoint_gate=PASS series_gate=PASS (frankentorch-68pwz item 49: the endpoint pair cannot see a mid-run excursion; a divergence between these two gates IS the finding)
load_1m start=9.21 end=8.02 drift_gate=PASS (frankentorch-2h8vi; the signal is DRIFT in either direction, not level — a steady busy host is measurable, a host that moves under the measurement is not)
self_load DIRECT=38.10 (both arms burned 386.5 CPU-seconds over window=10s at lane_count=1 rounds=32) — measured on our own /proc accounting, so a peer's compile contributes nothing to it. Compare against frankentorch-5q3io's ~+0.62, which was inferred from loadavg deltas at an unrecorded lane count (frankentorch-vyaia acceptance item 2).
self_load rise=+0.00 (start 9.21 -> peak 9.21) over window=10s at lane_count=1 rounds=32 — loadavg is a 1-minute EWMA, so this window could show at most 16% of any sustained step (frankentorch-vyaia: measured, not assumed)
self_load NOT INTERPRETABLE: a 10s window is shorter than the loadavg time constant, so this rise is a floor and a +0.00 is not evidence of anything. If the whole rise were ours and sustained it would imply 0.00. Re-derive the bound on a FULL sweep — the configuration every banked row and frankentorch-5q3io's stale ~+0.62 were taken under (frankentorch-vyaia).
  prelu_noshortcut   10.986   10.672   FT 1.03x SLOWER     PT PASS 1.000 [0.960,1.058] FT OFFSET 0.955 [0.906,1.028] ratio 0.971 [0.931,0.999] match incumbent=NO-HISTORY
  incumbent_mode lane=prelu_noshortcut drawn=10.672 ms  NO HISTORY — first observation for this lane, shape and torch build. This row's incumbent has nothing to be compared against, so the row is ONE INVOCATION SHORT OF READABLE however its nulls read.
    NULL-FAILED: incumbent 1.000, FrankenTorch 0.955; each must be within +/-0.02 of 1.0 and carry a calm CI; do not quote this row
      ROUNDS MAY CLEAR IT: worst null is 0.045 off 1.0 against a +/-0.02 band, which is sampling noise rather than a moving host. The null is a ratio of per-round medians, so try FT_H2H_REPS=64 (item 193c walked 16 -> 32 -> 64 to PASS at loadavg 22-35).
    slot0/median(slot1..3) = 0.971 (our arm, per-round median over 32 rounds)
    slot0/median(slot1..3) = 0.924 (incumbent arm, per-round median over 32 rounds) <- the incumbent's FIRST sample of each round differs from its warm ones; excluded from the null by construction, reported here instead
    MIN-ESTIMATOR FT 1.04x SLOWER     ratio 0.962 [0.926,1.000]  PT null 0.963 FAIL  FT null 0.966 FAIL  not quotable

A/A columns read `<verdict> <point> [<envelope>]`. THE BAND APPLIES TO THE POINT, NOT THE ENVELOPE:
the gate is |point-1| <= 0.02, plus an envelope that brackets 1.0 and is at most
0.60 wide. An envelope wider than the point band is NORMAL and is not a gate failure — it is a
bootstrap CI, and holding a CI inside +/-0.02 would be a different and far stricter
requirement than this protocol makes (frankentorch-strict-aa-gate-band-v8rpa).
Quote a lane only if both A/A gates say PASS, their point estimates are within +/-0.02 of 1.0, and parity is `match`. WIDE means the null's
CI exceeded 0.60 — the sample was too noisy to support ANY verdict, so the row is
undecidable rather than a win or a loss (frankentorch-8ieqm). Op-work ratios are NOT
comparable to the gauntlet's whole-step ratios, which include each lane's input rebuild.

buffer_pool: hits=0 misses=0 parked=16 buffers / 512.0 MiB

GROUP_NORM f32 KERNEL BREAKDOWN (FrankenTorch-internal attribution, min of 9; NOT a ratio)
  numel=6422528  groups=32  cpg=2  spatial=3136  rayon_threads=64
  forward_f32                 1.164 ms   schedule PARALLEL: 1024 groups; the numel-only gate (6422528 vs NORM_FWD_PARALLEL_MIN 524288) would have said PARALLEL
  forward_f32 SERIAL         20.935 ms   same kernel, schedule forced off, interleaved rep-by-rep (sentinel for the _serialfwd lane)
  sum_tensor_contiguous_f32   0.780 ms
  backward_scalar_f32         1.780 ms   (cpg==2 path, unconditionally parallel)
  total                       3.724 ms
  ---- same three kernels, one timed step, two estimators (frankentorch-59kjf) ----
  step min of 40               3.910 ms   comparable to the per-kernel figures above
  step lane estimator         4.511 ms   median of 4 per round, then median over 10 rounds
  estimator ratio             1.154x  (lane estimator / min; if this alone reaches ~2.4x the lane's missing 57% is the ESTIMATOR, not allocation)
  ---- one group's reduction, sequential vs 8 accumulators (frankentorch-zv1y1) ----
  reduce sequential           4.429 us   6272 elems, one dependency chain — what every statistic pass costs today
  reduce 8 accumulators       0.561 us   same data, same rep, chain broken 8 ways
  reduction headroom          7.895x  (NOT bit-exact: reassociation moves mean/rstd/output by an ULP; this prices the tolerance question, it does not answer it)

MAX_POOL3D KERNEL BREAKDOWN (FrankenTorch-internal attribution, min of 9; NOT a ratio)
  input numel=1048576  output numel=131072  kernel 2x2x2 stride 2x2x2  rayon_threads=64
  forward_with_indices_f64     0.607 ms   reads 1048576 elems, 8 comparisons per output
  backward NONOVERLAPPING      0.581 ms   the route ft-api actually takes (kernel == stride); scatters 131072 values into a dense 1048576-element buffer
  backward generic scatter     0.877 ms   same data, same rep, bit-identical output — what the specialisation buys
  total on the live route      1.188 ms
run_exit=0
finished=2026-09-01T18:13:51-04:00
ddd32fa2fe59851b73140cb67d31a6f3688d58ee1095ef2c9d5d26125505a414  /data/tmp/ft-verify-prelu-postcoldslot-bank-14ec24c7-K3nnEz.jsonl
classification=NO_VERDICT reason=incumbent=NO-HISTORY and the advertised post-cold-slot A/A rule rejects FT point 0.955 (outside 0.98..=1.02); PT point 1.000 is PASS, both envelopes are calm and bracket unity
one-run-limit=HONORED; the harness suggests 64 rounds, but no retry is authorized
raw_context=FT 10.986 ms vs PT 10.672 ms, 1.03x SLOWER; parity=match; this raw direction is not a standing and cannot confirm/refute either historical 1.32x-faster or claimed 2.37x-slower reading
