bead=frankentorch-87sz8
lane=max_pool3d
agent=torch:4
harness_fix=a3d420b7ec95da9e86dc37f87bde49903ee95da5
fix_summary=A/A median null excludes cold slot 0 at round_warmup=0 and compares first warm slot against last; min estimator rule unchanged
build_base=1bc3ba2941561b350781624f1d157716ff1bc564
build_cmd=RCH_REQUIRE_REMOTE=1 RCH_NO_SELF_HEALING=1 RCH_VISIBILITY=summary RCH_ENV_ALLOWLIST=CARGO_TARGET_DIR CARGO_TARGET_DIR=/data/tmp/frankentorch-torch4-87sz8-postcoldslot-1bc3ba29 rch --no-self-healing exec --base 1bc3ba2941561b350781624f1d157716ff1bc564 --clean-overlay --no-overlay -- cargo build --release -j2 -p frankentorch-api --features fair-alloc --example gauntlet_lane_sweep_h2h
window_cmd=FT_H2H_WINDOW_WAIT=1200 PYTORCH_PYTHON=/data/tmp/torchvenv-2121/bin/python RAYON_NUM_THREADS=64 FT_H2H_LANES=max_pool3d FT_H2H_LANES_EXACT=1 FT_H2H_REPS=32 FT_H2H_WARMUP=32 scripts/h2h_window.sh <fresh-elf>
build_remote_job=j-30000682123658485
runtime_head=1bc3ba2941561b350781624f1d157716ff1bc564
runtime_source_surface_diff_vs_build_base=none (Cargo.toml Cargo.lock crates scripts)
elf=/data/tmp/frankentorch-torch4-87sz8-postcoldslot-1bc3ba29/release/examples/gauntlet_lane_sweep_h2h
elf_sha256=68f89bb50089d425ba71ff32f1cbb9f59d8dde293c8fb3477a51be191d09ddb0
guard PASS: no peer measurement detected, loadavg 7.77/7.83/6.54 (spread 1.00x <= 4x, floor 8.00), iowait 0.0% <= 10%
/data/tmp/torchvenv-2121/lib/python3.12/site-packages/torch/_subclasses/functional_tensor.py:362: UserWarning: Failed to initialize NumPy: No module named 'numpy' (Triggered internally at /pytorch/torch/csrc/utils/tensor_numpy.cpp:84.)
  cpu = _conversion_method_template(device=torch.device("cpu"))
executing_elf_sha256=68f89bb50089d425ba71ff32f1cbb9f59d8dde293c8fb3477a51be191d09ddb0
incumbent=PyTorch 2.12.1+cpu (self-reported by the arm, same invocation), threads=8
incumbent_rule=a delta whose incumbent arm moved (version, build, or measured time) is NOT a win
measurement_host=thinkstation1 cpu="AMD Ryzen Threadripper PRO 5975WX 32-Cores" isa=x86_64+avx2 governor=powersave rayon_threads=64 online_cpus=64
host_rule=both arms are sampled in ONE invocation on THIS machine; a row measured elsewhere is not comparable to this one, A/A PASS or not
measurement_slot=held [pid=2258698 host=thinkstation1 elf=68f89bb50089d425 lanes=max_pool3d]; no other live h2h announcement
concurrent_measurements=none ACTIVE (scanned /proc for other h2h harnesses, criterion benches and torch processes, then measured each candidate's local CPU over 300ms; this run's own incumbent child is excluded)
concurrent_measurements_idle=1 (matched by name, burning no local CPU — shell wrappers, and rch clients whose bench runs on a remote worker; reported, not voiding): h2h-harness[2259789] 0%
cpu_mhz min=1429 median=1429 max=3144 spread=2.200x; arms NOT pinned: our 64 rayon threads span every core including any parked at the floor, the incumbent's 8 land wherever the scheduler puts them, so this row's arms are NOT known to have run at comparable clocks
allocator=mimalloc (--features fair-alloc)
measurement=OP WORK ONLY (forward+backward; leaf built outside the timer on BOTH sides)
sampling=balanced-square ABBAABBA (frankentorch-xdw0h); 32 rounds, four live samples per arm per round, torch threads=8
round_warmup=0 (FT_H2H_ROUND_WARMUP; discarded samples per lane per round, BOTH arms). 0 = the board's default: each lane's slot 0 each round arrives cold, which NEGATIVE_EVIDENCE item 147 measured at +20-30% on the summed conv2d lanes

lane          FT(ms)    PT(ms)   standing            PT/FT A/A gates and ratio CI                 parity
lane_filter="max_pool3d" match=exact kept=1 of the full set (frankentorch-68pwz item 58; item 226: substring is the default, FT_H2H_LANES_EXACT=1 narrows it)
lane_count=1 rounds=32 (frankentorch-vyaia: the harness's own load scales with this product; a self-load bound quoted without it cannot be checked later)

CLOCKS DURING SAMPLING (sampled once per lane per round, both arms inside the same round)
  typical core   min 2396 median 2710 max 3432 MHz   (boost/thermal behaviour over time)
  CROSS-CORE SPREAD at one instant   min 1.649x median 1.848x max 3.004x   (how far apart two cores were WHILE we sampled)
  The spread is the number that decides comparability: it is what makes one arm's threads faster than the other's. Compare it against the idle snapshot in the cpu_mhz header line -- if the idle spread is large and this one is small, the cores boosted once work arrived and the clock confound did not bite.
load_series n=34 worst_drift=1.000x endpoint_gate=PASS series_gate=PASS (frankentorch-68pwz item 49: the endpoint pair cannot see a mid-run excursion; a divergence between these two gates IS the finding)
load_1m start=8.31 end=8.31 drift_gate=PASS (frankentorch-2h8vi; the signal is DRIFT in either direction, not level — a steady busy host is measurable, a host that moves under the measurement is not)
self_load DIRECT=205.34 (both arms burned 266.2 CPU-seconds over window=1s at lane_count=1 rounds=32) — measured on our own /proc accounting, so a peer's compile contributes nothing to it. Compare against frankentorch-5q3io's ~+0.62, which was inferred from loadavg deltas at an unrecorded lane count (frankentorch-vyaia acceptance item 2).
self_load rise=+0.00 (start 8.31 -> peak 8.31) over window=1s at lane_count=1 rounds=32 — loadavg is a 1-minute EWMA, so this window could show at most 2% of any sustained step (frankentorch-vyaia: measured, not assumed)
self_load NOT INTERPRETABLE: a 1s window is shorter than the loadavg time constant, so this rise is a floor and a +0.00 is not evidence of anything. If the whole rise were ours and sustained it would imply 0.00. Re-derive the bound on a FULL sweep — the configuration every banked row and frankentorch-5q3io's stale ~+0.62 were taken under (frankentorch-vyaia).
  max_pool3d      2.597    0.804   FT 3.23x SLOWER     PT OFFSET 0.885 [0.615,1.148] FT PASS 1.016 [0.968,1.054] ratio 0.310 [0.262,0.332] match incumbent=SINGLE/n2
  incumbent_mode lane=max_pool3d drawn=0.804 ms  SINGLE LEVEL (n=2, median 0.780, range [0.756, 0.804], spread 1.06x) — no second level banked for this lane, so this row is comparable to the other 1. The bank spans 0s — under an hour, so these are ONE session's draws, and a single-level verdict from them is WEAK: the level this lane sits at has been observed to differ BETWEEN sessions, which a bank this narrow cannot see.
    NULL-FAILED: incumbent 0.885, FrankenTorch 1.016; each must be within +/-0.02 of 1.0 and carry a calm CI; do not quote this row
    slot0/median(slot1..3) = 1.013 (our arm, per-round median over 32 rounds)
    slot0/median(slot1..3) = 0.839 (incumbent arm, per-round median over 32 rounds) <- the incumbent's FIRST sample of each round differs from its warm ones; excluded from the null by construction, reported here instead
    MIN-ESTIMATOR FT 4.30x SLOWER     ratio 0.232 [0.224,0.247]  PT null 1.064 FAIL  FT null 1.001 PASS  not quotable

A/A columns read `<verdict> <point> [<envelope>]`. THE BAND APPLIES TO THE POINT, NOT THE ENVELOPE:
the gate is |point-1| <= 0.02, plus an envelope that brackets 1.0 and is at most
0.60 wide. An envelope wider than the point band is NORMAL and is not a gate failure — it is a
bootstrap CI, and holding a CI inside +/-0.02 would be a different and far stricter
requirement than this protocol makes (frankentorch-strict-aa-gate-band-v8rpa).
Quote a lane only if both A/A gates say PASS, their point estimates are within +/-0.02 of 1.0, and parity is `match`. WIDE means the null's
CI exceeded 0.60 — the sample was too noisy to support ANY verdict, so the row is
undecidable rather than a win or a loss (frankentorch-8ieqm). Op-work ratios are NOT
comparable to the gauntlet's whole-step ratios, which include each lane's input rebuild.

buffer_pool: hits=159 misses=1 parked=1 buffers / 8.0 MiB

GROUP_NORM f32 KERNEL BREAKDOWN (FrankenTorch-internal attribution, min of 9; NOT a ratio)
  numel=6422528  groups=32  cpg=2  spatial=3136  rayon_threads=64
  forward_f32                 1.304 ms   schedule PARALLEL: 1024 groups; the numel-only gate (6422528 vs NORM_FWD_PARALLEL_MIN 524288) would have said PARALLEL
  forward_f32 SERIAL         20.789 ms   same kernel, schedule forced off, interleaved rep-by-rep (sentinel for the _serialfwd lane)
  sum_tensor_contiguous_f32   0.813 ms
  backward_scalar_f32         1.913 ms   (cpg==2 path, unconditionally parallel)
  total                       4.030 ms
  ---- same three kernels, one timed step, two estimators (frankentorch-59kjf) ----
  step min of 40               3.700 ms   comparable to the per-kernel figures above
  step lane estimator         4.702 ms   median of 4 per round, then median over 10 rounds
  estimator ratio             1.271x  (lane estimator / min; if this alone reaches ~2.4x the lane's missing 57% is the ESTIMATOR, not allocation)
  ---- one group's reduction, sequential vs 8 accumulators (frankentorch-zv1y1) ----
  reduce sequential           4.579 us   6272 elems, one dependency chain — what every statistic pass costs today
  reduce 8 accumulators       0.561 us   same data, same rep, chain broken 8 ways
  reduction headroom          8.162x  (NOT bit-exact: reassociation moves mean/rstd/output by an ULP; this prices the tolerance question, it does not answer it)

MAX_POOL3D KERNEL BREAKDOWN (FrankenTorch-internal attribution, min of 9; NOT a ratio)
  input numel=1048576  output numel=131072  kernel 2x2x2 stride 2x2x2  rayon_threads=64
  forward_with_indices_f64     0.558 ms   reads 1048576 elems, 8 comparisons per output
  backward NONOVERLAPPING      0.359 ms   the route ft-api actually takes (kernel == stride); scatters 131072 values into a dense 1048576-element buffer
  backward generic scatter     1.126 ms   same data, same rep, bit-identical output — what the specialisation buys
  total on the live route      0.918 ms

result=NO_VERDICT
window_admission=PASS duration-exclusive wrapper; no active peer measurement
parity=match
incumbent_mode=SINGLE/n2
incumbent_level_ms=0.804
incumbent_history_ms=0.756,0.804
incumbent_history_spread=1.06x
incumbent_note=single level explicitly; no second banked level, same-session bank is weak
median_ft_ms=2.597
median_pt_ms=0.804
median_ratio_pt_over_ft=0.310 [0.262,0.332]
median_pt_aa=0.885 [0.615,1.148] OFFSET under post-cold-slot first-warm-vs-last rule
median_ft_aa=1.016 [0.968,1.054] PASS
load_series_worst_drift=1.000x PASS
load_endpoint=8.31_to_8.31 PASS
refusal_reason=incumbent A/A offset survives the slot-0 exclusion; raw 3.23x loss cannot update the historical 9.39x board value
