  [2m2026-09-01T10:51:35.747954Z[0m [32m INFO[0m [1;32mrch::self_healing[0m[32m: [32mCLI self-healing overrides active, [1;32moverrides[0m[32m: ["--no-self-healing"][0m
    [2;3mat[0m rch/src/main.rs:2005 [2;3mon[0m ThreadId(1)

  [2m2026-09-01T10:51:40.827924Z[0m [32m INFO[0m [1;32mrch::hook[0m[32m: [32mSelected worker: hz4 at ubuntu@194.163.156.231 (6 slots remaining after reservation, speed 76.4)[0m
    [2;3mat[0m rch/src/hook.rs:2529 [2;3mon[0m ThreadId(1)

  [2m2026-09-01T10:51:40.885106Z[0m [32m INFO[0m [1;32mrch::hook::transfer_orchestration[0m[32m: [32mStarting remote compilation pipeline for frankentorch (hash: df23c491296d8c5c)[0m
    [2;3mat[0m rch/src/hook/transfer_orchestration.rs:471 [2;3mon[0m ThreadId(1)

  [2m2026-09-01T10:51:40.885132Z[0m [32m INFO[0m [1;32mrch::hook::transfer_orchestration[0m[32m: [32mPrepared dependency sync manifest for 1 roots[0m
    [2;3mat[0m rch/src/hook/transfer_orchestration.rs:493 [2;3mon[0m ThreadId(1)

  [2m2026-09-01T10:51:43.243703Z[0m [32m INFO[0m [1;32mrch::hook::transfer_orchestration[0m[32m: [32mSyncing project to worker hz4...[0m
    [2;3mat[0m rch/src/hook/transfer_orchestration.rs:598 [2;3mon[0m ThreadId(1)

  [2m2026-09-01T10:51:54.622944Z[0m [32m INFO[0m [1;32mrch::hook::transfer_orchestration[0m[32m: [32mSync complete: 0 files, 133724160 bytes in 10882ms[0m
    [2;3mat[0m rch/src/hook/transfer_orchestration.rs:874 [2;3mon[0m ThreadId(1)

  [2m2026-09-01T10:51:54.649989Z[0m [32m INFO[0m [1;32mrch::hook::transfer_orchestration[0m[32m: [32mExecuting command remotely: cargo build --release -j2 -p frankentorch-api --example bidiag_gate_sweep_h2h[0m
    [2;3mat[0m rch/src/hook/transfer_orchestration.rs:934 [2;3mon[0m ThreadId(1)

  [2m2026-09-01T10:51:54.650040Z[0m [32m INFO[0m [1;32mrch::transfer[0m[32m: [32mRewriting CARGO_TARGET_DIR for remote execution (worker-scoped path): /data/tmp/ft-mdsmm-profile-00152e2c02b1ba979f26ecac9606bf78fc2af921 -> /data/tmp/rch/frankentorch/df23c491296d8c5c/.rch-target-hz4-pool-f9267e1ec5d1223616a90f276787c4af[0m
    [2;3mat[0m rch/src/transfer.rs:1610 [2;3mon[0m ThreadId(1)

    Updating git repository `https://github.com/Dicklesworthstone/rust-block`
    Updating crates.io index
 Downloading crates ...
  Downloaded anes v0.1.6
  Downloaded crossbeam-deque v0.8.6
  Downloaded cfg-if v1.0.4
  Downloaded autocfg v1.5.0
  Downloaded bytemuck_derive v1.10.2
  Downloaded plotters-svg v0.3.7
  Downloaded bytemuck v1.25.2
  Downloaded plotters-backend v0.3.7
  Downloaded cast v0.3.0
  Downloaded ciborium-io v0.2.2
  Downloaded crossbeam-epoch v0.9.18
  Downloaded ciborium v0.2.2
  Downloaded plotters v0.3.7
  Downloaded tinytemplate v1.2.1
  Downloaded aho-corasick v1.1.4
  Downloaded same-file v1.0.6
  Downloaded libm v0.2.16
  Downloaded proc-macro2 v1.0.106
  Downloaded criterion-plot v0.5.0
  Downloaded is-terminal v0.4.17
  Downloaded num-traits v0.2.19
  Downloaded quote v1.0.45
  Downloaded syn v3.0.3
  Downloaded itoa v1.0.18
  Downloaded serde_derive v1.0.229
  Downloaded num-complex v0.4.6
  Downloaded zmij v1.0.21
  Downloaded matrixmultiply v0.3.11
  Downloaded clap_lex v1.1.0
  Downloaded half v2.7.1
  Downloaded unicode-ident v1.0.24
  Downloaded crossbeam-utils v0.8.21
  Downloaded rayon-core v1.13.0
  Downloaded walkdir v2.5.0
  Downloaded wide v1.6.0
  Downloaded rawpointer v0.2.1
  Downloaded serde v1.0.229
  Downloaded once_cell v1.21.4
  Downloaded serde_json v1.0.151
  Downloaded zerocopy-derive v0.8.48
  Downloaded ciborium-ll v0.2.2
  Downloaded oorandom v11.1.5
  Downloaded either v1.15.0
  Downloaded anstyle v1.0.14
  Downloaded criterion v0.5.1
  Downloaded clap v4.6.1
  Downloaded serde_core v1.0.229
  Downloaded safe_arch v1.1.0
  Downloaded memchr v2.8.0
  Downloaded clap_builder v4.6.0
  Downloaded regex v1.12.3
  Downloaded itertools v0.10.5
  Downloaded rayon v1.12.0
  Downloaded syn v2.0.117
  Downloaded zerocopy v0.8.48
  Downloaded regex-syntax v0.8.10
  Downloaded regex-automata v0.4.14
  Downloaded libc v0.2.185
   Compiling proc-macro2 v1.0.106
   Compiling unicode-ident v1.0.24
   Compiling quote v1.0.45
   Compiling autocfg v1.5.0
   Compiling zerocopy v0.8.48
   Compiling num-traits v0.2.19
   Compiling syn v2.0.117
   Compiling crossbeam-utils v0.8.21
   Compiling cfg-if v1.0.4
   Compiling crossbeam-epoch v0.9.18
   Compiling rayon-core v1.13.0
   Compiling either v1.15.0
   Compiling crossbeam-deque v0.8.6
   Compiling serde_core v1.0.229
   Compiling bytemuck_derive v1.10.2
   Compiling zerocopy-derive v0.8.48
   Compiling bytemuck v1.25.2
   Compiling num-complex v0.4.6
   Compiling matrixmultiply v0.3.11
   Compiling libm v0.2.16
   Compiling safe_arch v1.1.0
   Compiling rayon v1.12.0
   Compiling half v2.7.1
   Compiling frankentorch-core v0.1.0 (/data/tmp/rch/frankentorch/df23c491296d8c5c/crates/ft-core)
   Compiling syn v3.0.3
   Compiling serde v1.0.229
   Compiling rawpointer v0.2.1
   Compiling zmij v1.0.21
   Compiling serde_derive v1.0.229
   Compiling wide v1.6.0
   Compiling serde_json v1.0.151
   Compiling libc v0.2.185
   Compiling ciborium-io v0.2.2
   Compiling clap_lex v1.1.0
   Compiling frankentorch-kernel-cpu v0.1.1 (/data/tmp/rch/frankentorch/df23c491296d8c5c/crates/ft-kernel-cpu)
warning: the `must_use` attribute cannot be used on statics
    --> crates/ft-kernel-cpu/src/lib.rs:8834:3
     |
8834 | #[must_use]
     |   ^^^^^^^^
     |
     = help: the `must_use` attribute can be applied to data types, functions, and traits
     = warning: this was previously accepted by the compiler but is being phased out; it will become a hard error in a future release!
     = note: `#[warn(unused_attributes)]` (part of `#[warn(unused)]`) on by default

warning: the `must_use` attribute cannot be used on statics
    --> crates/ft-kernel-cpu/src/lib.rs:9882:3
     |
9882 | #[must_use]
     |   ^^^^^^^^
     |
     = help: the `must_use` attribute can be applied to data types, functions, and traits
     = warning: this was previously accepted by the compiler but is being phased out; it will become a hard error in a future release!

   Compiling regex-syntax v0.8.10
warning: function `eigh_tred2_values_only_full_lower` is never used
     --> crates/ft-kernel-cpu/src/lib.rs:31311:4
      |
31311 | fn eigh_tred2_values_only_full_lower(n: usize, lower: &mut [f64], d: &mut [f64], e: &mut [f64]) {
      |    ^^^^^^^^^^^^^^^^^^^^^^^^^^^^^^^^^
      |
      = note: `#[warn(dead_code)]` (part of `#[warn(unused)]`) on by default

   Compiling plotters-backend v0.3.7
   Compiling itoa v1.0.18
   Compiling anstyle v1.0.14
   Compiling memchr v2.8.0
   Compiling clap_builder v4.6.0
   Compiling frankentorch-dispatch v0.1.0 (/data/tmp/rch/frankentorch/df23c491296d8c5c/crates/ft-dispatch)
   Compiling plotters-svg v0.3.7
   Compiling regex-automata v0.4.14
   Compiling ciborium-ll v0.2.2
   Compiling itertools v0.10.5
   Compiling same-file v1.0.6
   Compiling cast v0.3.0
   Compiling criterion-plot v0.5.0
   Compiling walkdir v2.5.0
   Compiling is-terminal v0.4.17
   Compiling ciborium v0.2.2
   Compiling regex v1.12.3
   Compiling plotters v0.3.7
   Compiling frankentorch-autograd v0.1.0 (/data/tmp/rch/frankentorch/df23c491296d8c5c/crates/ft-autograd)
   Compiling clap v4.6.1
   Compiling tinytemplate v1.2.1
   Compiling frankentorch-runtime v0.1.0 (/data/tmp/rch/frankentorch/df23c491296d8c5c/crates/ft-runtime)
   Compiling oorandom v11.1.5
   Compiling once_cell v1.21.4
   Compiling anes v0.1.6
   Compiling criterion v0.5.1
   Compiling frankentorch-api v0.1.0 (/data/tmp/rch/frankentorch/df23c491296d8c5c/crates/ft-api)
warning: `frankentorch-kernel-cpu` (lib) generated 3 warnings (run `cargo fix --lib -p frankentorch-kernel-cpu` to apply 2 suggestions)
    Finished `release` profile [optimized] target(s) in 5m 17s
  [2m2026-09-01T10:57:13.572579Z[0m [32m INFO[0m [1;32mrch::hook::transfer_orchestration[0m[32m: [32mRemote command finished: exit=0 in 318922ms[0m
    [2;3mat[0m rch/src/hook/transfer_orchestration.rs:1066 [2;3mon[0m ThreadId(1)

  [2m2026-09-01T10:57:13.599308Z[0m [32m INFO[0m [1;32mrch::transfer[0m[32m: [32mRetrieving artifacts from /data/tmp/rch/frankentorch/df23c491296d8c5c/.rch-target-hz4-pool-f9267e1ec5d1223616a90f276787c4af on hz4[0m
    [2;3mat[0m rch/src/transfer.rs:3943 [2;3mon[0m ThreadId(1)

  [2m2026-09-01T10:57:15.951600Z[0m [32m INFO[0m [1;32mrch::transfer[0m[32m: [32mArtifacts retrieved in 2352ms (8 files, 725 bytes)[0m
    [2;3mat[0m rch/src/transfer.rs:3998 [2;3mon[0m ThreadId(1)

  [2m2026-09-01T10:57:15.951619Z[0m [32m INFO[0m [1;32mrch::hook::transfer_orchestration[0m[32m: [32mCustom CARGO_TARGET_DIR artifacts retrieved: 8 files, 725 bytes in 2352ms[0m
    [2;3mat[0m rch/src/hook/transfer_orchestration.rs:1299 [2;3mon[0m ThreadId(1)

[RCH] remote hz4 (336.7s)
[RCH] clean-overlay receipt: base=00152e2c02b1ba979f26ecac9606bf78fc2af921 overlay-fingerprint=fe0d5151031be8fda7951fe7fe1f42f7ce344018fdb3ed21e6ada866b230b195
5846743b84b949242544a71e78a9b0ff835e0629537b9f70b5f727ed429e7ea0  /data/tmp/ft-mdsmm-profile-00152e2c02b1ba979f26ecac9606bf78fc2af921/release/examples/bidiag_gate_sweep_h2h
REFUSING TO MEASURE: loadavg 2.44 / 3.78 / 32.86 spread exceeds 4x — the host is still settling, quiet is not stable.
Guard FAILED — do source work and retry. (overrides: FT_GUARD_MAX_LOAD, FT_GUARD_MAX_IOWAIT)
2026-09-01T07:01:33-04:00
5846743b84b949242544a71e78a9b0ff835e0629537b9f70b5f727ed429e7ea0  /data/tmp/ft-mdsmm-profile-00152e2c02b1ba979f26ecac9606bf78fc2af921/release/examples/bidiag_gate_sweep_h2h
REFUSING TO MEASURE: loadavg 1.99 / 2.93 / 26.02 spread exceeds 4x — the host is still settling, quiet is not stable.
Guard FAILED — do source work and retry. (overrides: FT_GUARD_MAX_LOAD, FT_GUARD_MAX_IOWAIT)
  [2m2026-09-01T11:16:30.324895Z[0m [32m INFO[0m [1;32mrch::self_healing[0m[32m: [32mCLI self-healing overrides active, [1;32moverrides[0m[32m: ["--no-self-healing"][0m
    [2;3mat[0m rch/src/main.rs:2005 [2;3mon[0m ThreadId(1)

  [2m2026-09-01T11:16:35.400800Z[0m [32m INFO[0m [1;32mrch::hook[0m[32m: [32mSelected worker: hz2 at ubuntu@178.104.77.29 (0 slots remaining after reservation, speed 75.2)[0m
    [2;3mat[0m rch/src/hook.rs:2529 [2;3mon[0m ThreadId(1)

  [2m2026-09-01T11:16:35.450092Z[0m [32m INFO[0m [1;32mrch::hook::transfer_orchestration[0m[32m: [32mStarting remote compilation pipeline for frankentorch (hash: 5e73cfb46b014597)[0m
    [2;3mat[0m rch/src/hook/transfer_orchestration.rs:471 [2;3mon[0m ThreadId(1)

  [2m2026-09-01T11:16:35.450122Z[0m [32m INFO[0m [1;32mrch::hook::transfer_orchestration[0m[32m: [32mPrepared dependency sync manifest for 1 roots[0m
    [2;3mat[0m rch/src/hook/transfer_orchestration.rs:493 [2;3mon[0m ThreadId(1)

  [2m2026-09-01T11:16:38.446024Z[0m [32m INFO[0m [1;32mrch::hook::transfer_orchestration[0m[32m: [32mSyncing project to worker hz2...[0m
    [2;3mat[0m rch/src/hook/transfer_orchestration.rs:598 [2;3mon[0m ThreadId(1)

  [2m2026-09-01T11:16:49.851553Z[0m [32m INFO[0m [1;32mrch::hook::transfer_orchestration[0m[32m: [32mSync complete: 0 files, 133724160 bytes in 10916ms[0m
    [2;3mat[0m rch/src/hook/transfer_orchestration.rs:874 [2;3mon[0m ThreadId(1)

  [2m2026-09-01T11:16:49.875351Z[0m [32m INFO[0m [1;32mrch::hook::transfer_orchestration[0m[32m: [32mExecuting command remotely: cargo build --release -j2 -p frankentorch-api --example bidiag_gate_sweep_h2h[0m
    [2;3mat[0m rch/src/hook/transfer_orchestration.rs:934 [2;3mon[0m ThreadId(1)

  [2m2026-09-01T11:16:49.875397Z[0m [32m INFO[0m [1;32mrch::transfer[0m[32m: [32mRewriting CARGO_TARGET_DIR for remote execution (worker-scoped path): /data/tmp/ft-mdsmm-profile-00152e2c02b1ba979f26ecac9606bf78fc2af921-torch3 -> /data/tmp/rch/frankentorch/5e73cfb46b014597/.rch-target-hz2-pool-f9267e1ec5d1223616a90f276787c4af[0m
    [2;3mat[0m rch/src/transfer.rs:1610 [2;3mon[0m ThreadId(1)

    Updating git repository `https://github.com/Dicklesworthstone/rust-block`
    Updating crates.io index
 Downloading crates ...
  Downloaded cfg-if v1.0.4
  Downloaded anes v0.1.6
  Downloaded cast v0.3.0
  Downloaded itertools v0.10.5
  Downloaded either v1.15.0
  Downloaded is-terminal v0.4.17
  Downloaded num-complex v0.4.6
  Downloaded oorandom v11.1.5
  Downloaded quote v1.0.45
  Downloaded bytemuck_derive v1.10.2
  Downloaded crossbeam-epoch v0.9.18
  Downloaded itoa v1.0.18
  Downloaded bytemuck v1.25.2
  Downloaded ciborium v0.2.2
  Downloaded rawpointer v0.2.1
  Downloaded plotters-svg v0.3.7
  Downloaded crossbeam-deque v0.8.6
  Downloaded walkdir v2.5.0
  Downloaded ciborium-io v0.2.2
  Downloaded serde_derive v1.0.229
  Downloaded zmij v1.0.21
  Downloaded anstyle v1.0.14
  Downloaded autocfg v1.5.0
  Downloaded ciborium-ll v0.2.2
  Downloaded clap_lex v1.1.0
  Downloaded criterion-plot v0.5.0
  Downloaded crossbeam-utils v0.8.21
  Downloaded matrixmultiply v0.3.11
  Downloaded plotters-backend v0.3.7
  Downloaded tinytemplate v1.2.1
  Downloaded clap v4.6.1
  Downloaded proc-macro2 v1.0.106
  Downloaded unicode-ident v1.0.24
  Downloaded zerocopy-derive v0.8.48
  Downloaded half v2.7.1
  Downloaded once_cell v1.21.4
  Downloaded serde_core v1.0.229
  Downloaded criterion v0.5.1
  Downloaded memchr v2.8.0
  Downloaded num-traits v0.2.19
  Downloaded rayon-core v1.13.0
  Downloaded safe_arch v1.1.0
  Downloaded serde v1.0.229
  Downloaded libm v0.2.16
  Downloaded aho-corasick v1.1.4
  Downloaded plotters v0.3.7
  Downloaded rayon v1.12.0
  Downloaded regex v1.12.3
  Downloaded serde_json v1.0.151
  Downloaded clap_builder v4.6.0
  Downloaded wide v1.6.0
  Downloaded zerocopy v0.8.48
  Downloaded syn v3.0.3
  Downloaded syn v2.0.117
  Downloaded regex-syntax v0.8.10
  Downloaded regex-automata v0.4.14
  Downloaded libc v0.2.185
  Downloaded same-file v1.0.6
   Compiling proc-macro2 v1.0.106
   Compiling quote v1.0.45
   Compiling unicode-ident v1.0.24
   Compiling autocfg v1.5.0
   Compiling zerocopy v0.8.48
   Compiling syn v2.0.117
   Compiling num-traits v0.2.19
   Compiling crossbeam-utils v0.8.21
   Compiling cfg-if v1.0.4
   Compiling crossbeam-epoch v0.9.18
   Compiling either v1.15.0
   Compiling rayon-core v1.13.0
   Compiling crossbeam-deque v0.8.6
   Compiling serde_core v1.0.229
   Compiling bytemuck_derive v1.10.2
   Compiling bytemuck v1.25.2
   Compiling zerocopy-derive v0.8.48
   Compiling num-complex v0.4.6
   Compiling matrixmultiply v0.3.11
   Compiling libm v0.2.16
   Compiling safe_arch v1.1.0
   Compiling rayon v1.12.0
   Compiling half v2.7.1
   Compiling frankentorch-core v0.1.0 (/data/tmp/rch/frankentorch/5e73cfb46b014597/crates/ft-core)
   Compiling syn v3.0.3
   Compiling serde v1.0.229
   Compiling zmij v1.0.21
   Compiling rawpointer v0.2.1
   Compiling serde_derive v1.0.229
   Compiling wide v1.6.0
   Compiling serde_json v1.0.151
   Compiling libc v0.2.185
   Compiling frankentorch-kernel-cpu v0.1.1 (/data/tmp/rch/frankentorch/5e73cfb46b014597/crates/ft-kernel-cpu)
warning: the `must_use` attribute cannot be used on statics
    --> crates/ft-kernel-cpu/src/lib.rs:8834:3
     |
8834 | #[must_use]
     |   ^^^^^^^^
     |
     = help: the `must_use` attribute can be applied to data types, functions, and traits
     = warning: this was previously accepted by the compiler but is being phased out; it will become a hard error in a future release!
     = note: `#[warn(unused_attributes)]` (part of `#[warn(unused)]`) on by default

warning: the `must_use` attribute cannot be used on statics
    --> crates/ft-kernel-cpu/src/lib.rs:9882:3
     |
9882 | #[must_use]
     |   ^^^^^^^^
     |
     = help: the `must_use` attribute can be applied to data types, functions, and traits
     = warning: this was previously accepted by the compiler but is being phased out; it will become a hard error in a future release!

   Compiling clap_lex v1.1.0
   Compiling regex-syntax v0.8.10
warning: function `eigh_tred2_values_only_full_lower` is never used
     --> crates/ft-kernel-cpu/src/lib.rs:31311:4
      |
31311 | fn eigh_tred2_values_only_full_lower(n: usize, lower: &mut [f64], d: &mut [f64], e: &mut [f64]) {
      |    ^^^^^^^^^^^^^^^^^^^^^^^^^^^^^^^^^
      |
      = note: `#[warn(dead_code)]` (part of `#[warn(unused)]`) on by default

   Compiling plotters-backend v0.3.7
   Compiling itoa v1.0.18
   Compiling anstyle v1.0.14
   Compiling memchr v2.8.0
   Compiling ciborium-io v0.2.2
   Compiling ciborium-ll v0.2.2
   Compiling clap_builder v4.6.0
   Compiling frankentorch-dispatch v0.1.0 (/data/tmp/rch/frankentorch/5e73cfb46b014597/crates/ft-dispatch)
   Compiling plotters-svg v0.3.7
   Compiling regex-automata v0.4.14
   Compiling itertools v0.10.5
   Compiling cast v0.3.0
   Compiling same-file v1.0.6
   Compiling walkdir v2.5.0
   Compiling criterion-plot v0.5.0
   Compiling is-terminal v0.4.17
   Compiling regex v1.12.3
   Compiling plotters v0.3.7
   Compiling frankentorch-autograd v0.1.0 (/data/tmp/rch/frankentorch/5e73cfb46b014597/crates/ft-autograd)
   Compiling clap v4.6.1
   Compiling tinytemplate v1.2.1
   Compiling ciborium v0.2.2
   Compiling frankentorch-runtime v0.1.0 (/data/tmp/rch/frankentorch/5e73cfb46b014597/crates/ft-runtime)
   Compiling oorandom v11.1.5
   Compiling once_cell v1.21.4
   Compiling anes v0.1.6
   Compiling criterion v0.5.1
   Compiling frankentorch-api v0.1.0 (/data/tmp/rch/frankentorch/5e73cfb46b014597/crates/ft-api)
warning: `frankentorch-kernel-cpu` (lib) generated 3 warnings (run `cargo fix --lib -p frankentorch-kernel-cpu` to apply 2 suggestions)
    Finished `release` profile [optimized] target(s) in 3m 58s
  [2m2026-09-01T11:20:50.168517Z[0m [32m INFO[0m [1;32mrch::hook::transfer_orchestration[0m[32m: [32mRemote command finished: exit=0 in 240292ms[0m
    [2;3mat[0m rch/src/hook/transfer_orchestration.rs:1066 [2;3mon[0m ThreadId(1)

  [2m2026-09-01T11:20:50.195328Z[0m [32m INFO[0m [1;32mrch::transfer[0m[32m: [32mRetrieving artifacts from /data/tmp/rch/frankentorch/5e73cfb46b014597/.rch-target-hz2-pool-f9267e1ec5d1223616a90f276787c4af on hz2[0m
    [2;3mat[0m rch/src/transfer.rs:3943 [2;3mon[0m ThreadId(1)

  [2m2026-09-01T11:20:52.806730Z[0m [32m INFO[0m [1;32mrch::transfer[0m[32m: [32mArtifacts retrieved in 2611ms (8 files, 725 bytes)[0m
    [2;3mat[0m rch/src/transfer.rs:3998 [2;3mon[0m ThreadId(1)

  [2m2026-09-01T11:20:52.806747Z[0m [32m INFO[0m [1;32mrch::hook::transfer_orchestration[0m[32m: [32mCustom CARGO_TARGET_DIR artifacts retrieved: 8 files, 725 bytes in 2611ms[0m
    [2;3mat[0m rch/src/hook/transfer_orchestration.rs:1299 [2;3mon[0m ThreadId(1)

[RCH] remote hz2 (259.1s)
[RCH] clean-overlay receipt: base=00152e2c02b1ba979f26ecac9606bf78fc2af921 overlay-fingerprint=fe0d5151031be8fda7951fe7fe1f42f7ce344018fdb3ed21e6ada866b230b195
b3c55b7da7a262fc30f267dfa5e110b71f33be3efafbbca52fb0043643a37bfc  /data/tmp/ft-mdsmm-profile-00152e2c02b1ba979f26ecac9606bf78fc2af921-torch3/release/examples/bidiag_gate_sweep_h2h
REFUSING TO MEASURE: 1 peer measurement process(es) are live.
    1654261  target/release/examples/headtohead /data/tmp/fm-h2h-equiv-corpus-1654220.json /data/tmp/fm-h2h-equiv
REFUSING TO MEASURE: loadavg 1.98 / 2.64 / 9.59 spread exceeds 4x — the host is still settling, quiet is not stable.
Guard FAILED — do source work and retry. (overrides: FT_GUARD_MAX_LOAD, FT_GUARD_MAX_IOWAIT)
guard PASS: no peer measurement detected, loadavg 3.12/2.87/9.02 (spread <= 4x), iowait 0.0% <= 10%
measurement=Eigvalsh; estimator=min over 64 rounds, every arm AND the incumbent sampled once per round, arm order reversed on odd rounds, first round discarded; every ratio is the median of the PAIRED per-round ratio
elf_sha256=b3c55b7da7a262fc30f267dfa5e110b71f33be3efafbbca52fb0043643a37bfc
rayon_threads=8 warmup=64 (both arms)  default_gate=262144
fixture=_mk DEFAULT: 3*I + low-rank; 495/512 singular values EQUAL at n=512 — QR sweep is invisible on it (FT_FIXTURE=generic selects the generic-spectrum matrix)
arms (gate/step-12/trailing/panel-output; u64::MAX = always serial): ["262144/gate-hoisted/4row/fused/formP-blocked/4output/replay-T/ggs1/subPAR/subCOL/ormqrSUBSER/panelmode0/nbSHIPPED/luSHIPPED/qrSHIPPED/colsAUTO/ppmSHIPPED/tpm0/tnbSHIPPED/tsbSHIPPED/btpSERIAL/btSHIPPED/panelSHIPPED/RSHIPPED/tbSHIPPED/TSHIPPED", "262144/gate-hoisted/4row/fused/formP-blocked/4output/replay-T/ggs1/subPAR/subCOL/ormqrSUBSER/panelmode0/nbSHIPPED/luSHIPPED/qrSHIPPED/colsAUTO/ppmSHIPPED/tpm0/tnbSHIPPED/tsbSHIPPED/btpSERIAL/btSHIPPED/panelSHIPPED/RSHIPPED/tbSHIPPED/TSHIPPED"]
null: repeat an arm in FT_GATE_VALUES — two identical arms differ only by this window's noise, and no effect below that is readable
/data/tmp/torchvenv-2121/lib/python3.12/site-packages/torch/_subclasses/functional_tensor.py:362: UserWarning: Failed to initialize NumPy: No module named 'numpy' (Triggered internally at /pytorch/torch/csrc/utils/tensor_numpy.cpp:84.)
  cpu = _conversion_method_template(device=torch.device("cpu"))
incumbent=PyTorch 2.12.1+cpu (self-reported, same invocation)
incumbent threads=8 (self-reported)
eigvalsh phases (same invocation, separate profiled call): pack 1.912 ms 1%  packed-tred2 196.976 ms 99% [reflector 0.955 ms 0%  packed-ggs 146.867 ms 75%  packed-update 49.064 ms 25%]  values-QL 0.154 ms 0%  sort 0.022 ms 0%

n=1024  PT min 36.420 ms  median 47.214 ms  spread 1.50x  load 4.45->4.53  MHz 3432/1797  iowait 115 jiffies
  arm=262144/gate-hoisted/4row/fused/formP-blocked/4output/replay-T/ggs1/subPAR/subCOL/ormqrSUBSER/panelmode0/nbSHIPPED/luSHIPPED/qrSHIPPED/colsAUTO/ppmSHIPPED/tpm0/tnbSHIPPED/tsbSHIPPED/btpSERIAL/btSHIPPED/panelSHIPPED/RSHIPPED/tbSHIPPED/TSHIPPED min  314.389 ms  median  322.001 ms  PT-beside-it min   36.420 ms  paired-vs-PT FT 6.815x SLOWER  paired-vs-arm0 1.000x  branches (0, 0, 0)  dgemm_sub(2d,col) (0, 0)  ormqr_sub_hits 0  parity rel 4.59e-16 MATCH
                     phases (ours only, median of 3 instrumented calls): reduction 0.000 ms 0%  form_p/q 0.000 ms 0%  QR sweep 0.000 ms 0%
  arm=262144/gate-hoisted/4row/fused/formP-blocked/4output/replay-T/ggs1/subPAR/subCOL/ormqrSUBSER/panelmode0/nbSHIPPED/luSHIPPED/qrSHIPPED/colsAUTO/ppmSHIPPED/tpm0/tnbSHIPPED/tsbSHIPPED/btpSERIAL/btSHIPPED/panelSHIPPED/RSHIPPED/tbSHIPPED/TSHIPPED min  313.377 ms  median  321.723 ms  PT-beside-it min   36.872 ms  paired-vs-PT FT 7.001x SLOWER  paired-vs-arm0 1.002x  branches (0, 0, 0)  dgemm_sub(2d,col) (0, 0)  ormqr_sub_hits 0  parity rel 4.59e-16 MATCH
                     phases (ours only, median of 3 instrumented calls): reduction 0.000 ms 0%  form_p/q 0.000 ms 0%  QR sweep 0.000 ms 0%
